=== 3242be42-6c2b-4f84-9fde-e14c460cb7aa ===
Historical run; retained source record in verification/full_test_results.json and verification/history. Outcomes {"passed": 38}. Exit 1.

=== 4adf1d19-4cc4-43bd-bbfb-bb4855434e3a ===
Historical run; retained source record in verification/full_test_results.json and verification/history. Outcomes {"passed": 38}. Exit 0.

=== ac5d9ae7-1a02-4d28-9932-c4000195e4b6 ===
Historical run; retained source record in verification/full_test_results.json and verification/history. Outcomes {"passed": 195}. Exit 0.

=== e849b9b8-94c1-4664-a16a-b7405f32daa8 ===
Historical run; retained source record in verification/full_test_results.json and verification/history. Outcomes {"passed": 195}. Exit 1.

=== 68ad12af-81f6-4ecb-b3d0-b00c178121fc ===
Historical run; retained source record in verification/full_test_results.json and verification/history. Outcomes {"passed": 195}. Exit 0.

=== edbb8cb0-a5df-487c-9234-53ec8e2d0bb3 ===
Historical run; retained source record in verification/full_test_results.json and verification/history. Outcomes {"passed": 195}. Exit 1.

=== 88d9fe9b-bb75-4c81-8ef2-7e54eeae2a43 ===
Historical run; retained source record in verification/full_test_results.json and verification/history. Outcomes {"passed": 294}. Exit 0.

=== bba34482-df51-4e74-8624-20ebea5ad787 ===
Historical run; retained source record in verification/full_test_results.json and verification/history. Outcomes {"passed": 294}. Exit 1.

=== b194ecbf-af9b-4b13-94c0-25643668603d ===
Historical run; retained source record in verification/full_test_results.json and verification/history. Outcomes {"passed": 294}. Exit 0.

=== 61450c2e-8ef0-4802-8f23-1df556fbc3e5 ===
Historical run; retained source record in verification/full_test_results.json and verification/history. Outcomes {"error": 0, "failed": 0, "passed": 370, "skipped": 0}. Exit 0.

=== e0f364a8-768a-4328-b159-e7eee58b09fa ===
Historical run; retained source record in verification/full_test_results.json and verification/history. Outcomes {"error": 0, "failed": 0, "passed": 370, "skipped": 0}. Exit 1.

=== 86c17a0e-7490-4d1b-9c52-50ac4a1901e3 ===
Historical run; retained source record in verification/full_test_results.json and verification/history. Outcomes {"failed": 3, "passed": 447}. Exit 1.

=== 6ea879c0-e873-4ee2-b8f3-b763be0fe02c ===
Historical run; retained source record in verification/full_test_results.json and verification/history. Outcomes {"failed": 3, "passed": 447}. Exit 1.

=== 6396997c-23e4-4992-81bd-d067a430fa9a ===
Historical run; retained source record in verification/full_test_results.json and verification/history. Outcomes {"passed": 450}. Exit 0.

=== 88ecff00-6866-4506-b414-c89ad8760c91 ===
Historical run; retained source record in verification/full_test_results.json and verification/history. Outcomes {"passed": 450}. Exit 1.

=== e829f677-f6d4-4e7b-b2b5-45716c11b4ca ===
Historical run; retained source record in verification/full_test_results.json and verification/history. Outcomes {"passed": 450}. Exit 0.

=== 92438ec5-ed85-4e6a-b882-9a2626f83317 ===
Historical run; retained source record in verification/full_test_results.json and verification/history. Outcomes {"passed": 450}. Exit 1.

=== ac8272d1-3607-4fa4-b118-f8ecd34435cf ===
scaffold gate: 0. All 450 tests passed. Full Phase 1 remains incomplete.

=== 3a4b0b8e-1b02-454d-a35f-89c04db01d71 ===
phase1 gate: 1. All 450 tests passed. Full Phase 1 remains incomplete.

=== 4c089c30-4329-48bf-8137-c9f4886584cf ===
test_conflicting_assertion_is_not_vote (tests.test_evidence.AdmissionTests.test_conflicting_assertion_is_not_vote) ... ok
test_cycle_of_evidence_support_is_not_grounding (tests.test_evidence.AdmissionTests.test_cycle_of_evidence_support_is_not_grounding) ... ok
test_duplicate_invalid_record_still_ambiguous (tests.test_evidence.AdmissionTests.test_duplicate_invalid_record_still_ambiguous) ... ok
test_duplicate_pin_even_identical_is_conflict (tests.test_evidence.AdmissionTests.test_duplicate_pin_even_identical_is_conflict) ... ok
test_execution_record_required_for_coding_validity (tests.test_evidence.AdmissionTests.test_execution_record_required_for_coding_validity) ... ok
test_explicit_evidence_contradiction_is_preserved (tests.test_evidence.AdmissionTests.test_explicit_evidence_contradiction_is_preserved) ... ok
test_fixture_cannot_validate_import (tests.test_evidence.AdmissionTests.test_fixture_cannot_validate_import) ... ok
test_fixture_missing_declaration_is_local (tests.test_evidence.AdmissionTests.test_fixture_missing_declaration_is_local) ... ok
test_fixture_policy_cannot_present_empirical_context (tests.test_evidence.AdmissionTests.test_fixture_policy_cannot_present_empirical_context) ... ok
test_fixture_positive_is_only_stipulated (tests.test_evidence.AdmissionTests.test_fixture_positive_is_only_stipulated) ... ok
test_import_positive_carries_restricted_scientific_scope (tests.test_evidence.AdmissionTests.test_import_positive_carries_restricted_scientific_scope) ... ok
test_import_requires_adjudication_record (tests.test_evidence.AdmissionTests.test_import_requires_adjudication_record) ... ok
test_imported_outcome_conflict_is_not_ignored (tests.test_evidence.AdmissionTests.test_imported_outcome_conflict_is_not_ignored) ... ok
test_inaccessible_essential_report_withholds_label (tests.test_evidence.AdmissionTests.test_inaccessible_essential_report_withholds_label) ... ok
test_invalid_validity_does_not_erase_class (tests.test_evidence.AdmissionTests.test_invalid_validity_does_not_erase_class) ... ok
test_known_malformed_method_is_controlled (tests.test_evidence.AdmissionTests.test_known_malformed_method_is_controlled) ... ok
test_missing_independence_does_not_remove_mechanism (tests.test_evidence.AdmissionTests.test_missing_independence_does_not_remove_mechanism) ... ok
test_missing_reviewer_is_not_adjudication (tests.test_evidence.AdmissionTests.test_missing_reviewer_is_not_adjudication) ... ok
test_missing_text_is_not_automatic_membership_failure (tests.test_evidence.AdmissionTests.test_missing_text_is_not_automatic_membership_failure) ... ok
test_model_label_and_embedding_methods_do_not_admit (tests.test_evidence.AdmissionTests.test_model_label_and_embedding_methods_do_not_admit) ... ok
test_no_pin_never_selects_latest (tests.test_evidence.AdmissionTests.test_no_pin_never_selects_latest) ... ok
test_not_assessed_does_not_create_invalidity (tests.test_evidence.AdmissionTests.test_not_assessed_does_not_create_invalidity) ... ok
test_payload_shape_does_not_certify_evidence (tests.test_evidence.AdmissionTests.test_payload_shape_does_not_certify_evidence) ... ok
test_provisional_is_not_admitted (tests.test_evidence.AdmissionTests.test_provisional_is_not_admitted) ... ok
test_repaired_artifact_cannot_validate_original (tests.test_evidence.AdmissionTests.test_repaired_artifact_cannot_validate_original) ... ok
test_revision_pin_mismatch_is_not_repaired (tests.test_evidence.AdmissionTests.test_revision_pin_mismatch_is_not_repaired) ... ok
test_sorted_outputs_do_not_identify_algorithm (tests.test_evidence.AdmissionTests.test_sorted_outputs_do_not_identify_algorithm) ... ok
test_timeout_cannot_validate_or_invalidate_program (tests.test_evidence.AdmissionTests.test_timeout_cannot_validate_or_invalidate_program) ... ok
test_unclassified_stays_unclassified (tests.test_evidence.AdmissionTests.test_unclassified_stays_unclassified) ... ok
test_undetermined_and_absent_validity_are_distinct (tests.test_evidence.AdmissionTests.test_undetermined_and_absent_validity_are_distinct) ... ok
test_unresolved_adjudicated_retains_epistemic_state (tests.test_evidence.AdmissionTests.test_unresolved_adjudicated_retains_epistemic_state) ... ok
test_wrong_execution_subject_is_detected (tests.test_evidence.AdmissionTests.test_wrong_execution_subject_is_detected) ... ok
test_wrong_frame_withholds_only_affected_sample (tests.test_evidence.AdmissionTests.test_wrong_frame_withholds_only_affected_sample) ... ok
test_wrong_rubric_withholds_validity_only (tests.test_evidence.AdmissionTests.test_wrong_rubric_withholds_validity_only) ... ok
test_cross_sample_predecessor_does_not_merge_samples (tests.test_evidence.CorrectionTests.test_cross_sample_predecessor_does_not_merge_samples) ... ok
test_cyclic_revision_link_is_detected (tests.test_evidence.CorrectionTests.test_cyclic_revision_link_is_detected) ... ok
test_impact_records_link_without_recalculating_metrics (tests.test_evidence.CorrectionTests.test_impact_records_link_without_recalculating_metrics) ... ok
test_independence_only_withdrawal_keeps_label (tests.test_evidence.CorrectionTests.test_independence_only_withdrawal_keeps_label) ... ok
test_passive_review_never_invokes_network_or_executes (tests.test_evidence.CorrectionTests.test_passive_review_never_invokes_network_or_executes) ... ok
test_pending_challenge_is_explicit (tests.test_evidence.CorrectionTests.test_pending_challenge_is_explicit) ... ok
test_raw_bundle_is_unchanged_by_review (tests.test_evidence.CorrectionTests.test_raw_bundle_is_unchanged_by_review) ... ok
test_rejected_challenge_cannot_withdraw (tests.test_evidence.CorrectionTests.test_rejected_challenge_cannot_withdraw) ... ok
test_revision_with_new_evidence_requires_new_pin (tests.test_evidence.CorrectionTests.test_revision_with_new_evidence_requires_new_pin) ... ok
test_shared_schema_challenge_affects_all_dependent_labels (tests.test_evidence.CorrectionTests.test_shared_schema_challenge_affects_all_dependent_labels) ... ok
test_withdrawal_preserves_other_assignment_and_validity (tests.test_evidence.CorrectionTests.test_withdrawal_preserves_other_assignment_and_validity) ... ok
test_absent_target_does_not_validate_by_two_votes (tests.test_integrity_records.IntegrityTests.test_absent_target_does_not_validate_by_two_votes) ... ok
test_all_nineteen_support_types_have_explicit_payload_validation (tests.test_integrity_records.IntegrityTests.test_all_nineteen_support_types_have_explicit_payload_validation) ... ok
test_audit_extra_review_does_not_replace_missing_planned_position (tests.test_integrity_records.IntegrityTests.test_audit_extra_review_does_not_replace_missing_planned_position) ... ok
test_audit_needs_annotations_for_each_reviewed_target (tests.test_integrity_records.IntegrityTests.test_audit_needs_annotations_for_each_reviewed_target) ... ok
test_checked_in_integrity_cases_are_actual_mock_payloads (tests.test_integrity_records.IntegrityTests.test_checked_in_integrity_cases_are_actual_mock_payloads) ... ok
test_complete_mock_form_never_certifies_operational_openness (tests.test_integrity_records.IntegrityTests.test_complete_mock_form_never_certifies_operational_openness) ... ok
test_complete_review_keeps_sources_and_classifications_passive (tests.test_integrity_records.IntegrityTests.test_complete_review_keeps_sources_and_classifications_passive) ... ok
test_design_32_core_and_28_pairs_remains_a_plan (tests.test_integrity_records.IntegrityTests.test_design_32_core_and_28_pairs_remains_a_plan) ... ok
test_design_8995_tests_does_not_count_as_performed_validation (tests.test_integrity_records.IntegrityTests.test_design_8995_tests_does_not_count_as_performed_validation) ... ok
test_disagreement_preserves_both_initial_outcomes (tests.test_integrity_records.IntegrityTests.test_disagreement_preserves_both_initial_outcomes) ... ok
test_domain_property_mismatch_is_not_execution_evidence (tests.test_integrity_records.IntegrityTests.test_domain_property_mismatch_is_not_execution_evidence) ... ok
test_empty_intake_is_distinct_from_received_evidence (tests.test_integrity_records.IntegrityTests.test_empty_intake_is_distinct_from_received_evidence) ... ok
test_four_conditions_cannot_claim_five_condition_openness (tests.test_integrity_records.IntegrityTests.test_four_conditions_cannot_claim_five_condition_openness) ... ok
test_initial_judgment_materials_must_match (tests.test_integrity_records.IntegrityTests.test_initial_judgment_materials_must_match) ... ok
test_initial_label_exposure_is_not_independent_first_pass (tests.test_integrity_records.IntegrityTests.test_initial_label_exposure_is_not_independent_first_pass) ... ok
test_known_prior_exposure_overrides_false_annotation_flag (tests.test_integrity_records.IntegrityTests.test_known_prior_exposure_overrides_false_annotation_flag) ... ok
test_later_discussion_does_not_rewrite_first_pass (tests.test_integrity_records.IntegrityTests.test_later_discussion_does_not_rewrite_first_pass) ... ok
test_lineage_cycles_do_not_trigger_universal_dag_rejection (tests.test_integrity_records.IntegrityTests.test_lineage_cycles_do_not_trigger_universal_dag_rejection) ... ok
test_malformed_public_annotation_reference_is_controlled (tests.test_integrity_records.IntegrityTests.test_malformed_public_annotation_reference_is_controlled) ... ok
test_matching_mock_audit_stays_record_only (tests.test_integrity_records.IntegrityTests.test_matching_mock_audit_stays_record_only) ... ok
test_missing_claim_evidence_is_unresolved_not_satisfied (tests.test_integrity_records.IntegrityTests.test_missing_claim_evidence_is_unresolved_not_satisfied) ... ok
test_missing_mock_marker_is_not_defaulted (tests.test_integrity_records.IntegrityTests.test_missing_mock_marker_is_not_defaulted) ... ok
test_mistyped_annotation_actor_is_controlled (tests.test_integrity_records.IntegrityTests.test_mistyped_annotation_actor_is_controlled) ... ok
test_mistyped_domain_suite_reference_is_controlled (tests.test_integrity_records.IntegrityTests.test_mistyped_domain_suite_reference_is_controlled) ... ok
test_nonapplicable_cannot_evade_mandatory_condition (tests.test_integrity_records.IntegrityTests.test_nonapplicable_cannot_evade_mandatory_condition) ... ok
test_one_unresolved_condition_cannot_be_averaged_away (tests.test_integrity_records.IntegrityTests.test_one_unresolved_condition_cannot_be_averaged_away) ... ok
test_source_unknowns_cannot_become_inferred_ancestry (tests.test_integrity_records.IntegrityTests.test_source_unknowns_cannot_become_inferred_ancestry) ... ok
test_step3_matrix_binds_all_actual_step3_checks (tests.test_integrity_records.IntegrityTests.test_step3_matrix_binds_all_actual_step3_checks) ... ok
test_structural_schema_challenge_keeps_separate_validity (tests.test_integrity_records.IntegrityTests.test_structural_schema_challenge_keeps_separate_validity) ... ok
test_support_value_type_mutations_do_not_crash (tests.test_integrity_records.IntegrityTests.test_support_value_type_mutations_do_not_crash) ... ok
test_two_mock_humans_are_only_record_consistent (tests.test_integrity_records.IntegrityTests.test_two_mock_humans_are_only_record_consistent) ... ok
test_two_sessions_by_one_person_fail_two_person_requirement (tests.test_integrity_records.IntegrityTests.test_two_sessions_by_one_person_fail_two_person_requirement) ... ok
test_unknown_expiry_does_not_invent_validity_period (tests.test_integrity_records.IntegrityTests.test_unknown_expiry_does_not_invent_validity_period) ... ok
test_unknown_exposure_does_not_become_false (tests.test_integrity_records.IntegrityTests.test_unknown_exposure_does_not_become_false) ... ok
test_unknown_parent_remains_unknown (tests.test_integrity_records.IntegrityTests.test_unknown_parent_remains_unknown) ... ok
test_unknown_payload_fields_are_not_executable_extensions (tests.test_integrity_records.IntegrityTests.test_unknown_payload_fields_are_not_executable_extensions) ... ok
test_unreviewed_intake_preserves_original_anomaly (tests.test_integrity_records.IntegrityTests.test_unreviewed_intake_preserves_original_anomaly) ... ok
test_withdrawn_suite_cannot_support_execution_record (tests.test_integrity_records.IntegrityTests.test_withdrawn_suite_cannot_support_execution_record) ... ok
test_complete_core_coverage_is_record_consistent_but_still_mock (tests.test_integrity_records.Step7CompleteReferenceFixtures.test_complete_core_coverage_is_record_consistent_but_still_mock) ... ok
test_complete_systematic_audit_plan_resolves_exact_72_positions (tests.test_integrity_records.Step7CompleteReferenceFixtures.test_complete_systematic_audit_plan_resolves_exact_72_positions) ... ok
test_absent_oracle_is_not_independent_validation (tests.test_integrity_records.Step7FunctionalRecords.test_absent_oracle_is_not_independent_validation) ... ok
test_complete_8995_order_construction_and_hash (tests.test_integrity_records.Step7FunctionalRecords.test_complete_8995_order_construction_and_hash) ... ok
test_complete_mock_import_is_record_consistent_only (tests.test_integrity_records.Step7FunctionalRecords.test_complete_mock_import_is_record_consistent_only) ... ok
test_containment_or_missing_reference_family_blocks_claim (tests.test_integrity_records.Step7FunctionalRecords.test_containment_or_missing_reference_family_blocks_claim) ... ok
test_decisive_counterexample_can_precede_full_coverage (tests.test_integrity_records.Step7FunctionalRecords.test_decisive_counterexample_can_precede_full_coverage) ... ok
test_each_property_is_required_without_boolean_coercion (tests.test_integrity_records.Step7FunctionalRecords.test_each_property_is_required_without_boolean_coercion) ... ok
test_each_segment_construction_is_checked (tests.test_integrity_records.Step7FunctionalRecords.test_each_segment_construction_is_checked) ... ok
test_equal_inputs_keep_distinct_ids_and_purposes (tests.test_integrity_records.Step7FunctionalRecords.test_equal_inputs_keep_distinct_ids_and_purposes) ... ok
test_exception_needs_explicit_task_counterexample (tests.test_integrity_records.Step7FunctionalRecords.test_exception_needs_explicit_task_counterexample) ... ok
test_forged_manifest_hash_is_rejected (tests.test_integrity_records.Step7FunctionalRecords.test_forged_manifest_hash_is_rejected) ... ok
test_missing_test_cannot_pass_by_declared_count (tests.test_integrity_records.Step7FunctionalRecords.test_missing_test_cannot_pass_by_declared_count) ... ok
test_mock_child_cannot_validate_nonmock_parent (tests.test_integrity_records.Step7FunctionalRecords.test_mock_child_cannot_validate_nonmock_parent) ... ok
test_nested_malformed_runtime_metadata_is_controlled (tests.test_integrity_records.Step7FunctionalRecords.test_nested_malformed_runtime_metadata_is_controlled) ... ok
test_partial_pass_does_not_claim_full_validity (tests.test_integrity_records.Step7FunctionalRecords.test_partial_pass_does_not_claim_full_validity) ... ok
test_plain_pass_string_cannot_establish_validity (tests.test_integrity_records.Step7FunctionalRecords.test_plain_pass_string_cannot_establish_validity) ... ok
test_reordering_is_detected_even_with_new_hash (tests.test_integrity_records.Step7FunctionalRecords.test_reordering_is_detected_even_with_new_hash) ... ok
test_repair_cannot_relabel_original_subject (tests.test_integrity_records.Step7FunctionalRecords.test_repair_cannot_relabel_original_subject) ... ok
test_timeout_memory_harness_or_oracle_failure_is_not_invalidity (tests.test_integrity_records.Step7FunctionalRecords.test_timeout_memory_harness_or_oracle_failure_is_not_invalidity) ... ok
test_unreadable_upstream_evidence_cannot_be_laundered (tests.test_integrity_records.Step7FunctionalRecords.test_unreadable_upstream_evidence_cannot_be_laundered) ... ok
test_28_pairs_and_four_witnesses_checked_without_fabricating_core (tests.test_integrity_records.Step7ReferenceAuditRecords.test_28_pairs_and_four_witnesses_checked_without_fabricating_core) ... ok
test_32_names_without_artifacts_or_annotations_do_not_pass (tests.test_integrity_records.Step7ReferenceAuditRecords.test_32_names_without_artifacts_or_annotations_do_not_pass) ... ok
test_72_planned_positions_are_not_72_reviews (tests.test_integrity_records.Step7ReferenceAuditRecords.test_72_planned_positions_are_not_72_reviews) ... ok
test_changed_systematic_position_fails (tests.test_integrity_records.Step7ReferenceAuditRecords.test_changed_systematic_position_fails) ... ok
test_generic_audit_must_match_actual_frozen_plan (tests.test_integrity_records.Step7ReferenceAuditRecords.test_generic_audit_must_match_actual_frozen_plan) ... ok
test_opposite_membership_claims_do_not_transitively_cluster (tests.test_integrity_records.Step7ReferenceAuditRecords.test_opposite_membership_claims_do_not_transitively_cluster) ... ok
test_overlap_is_preserved_not_forced_into_partition (tests.test_integrity_records.Step7ReferenceAuditRecords.test_overlap_is_preserved_not_forced_into_partition) ... ok
test_pair_duplication_cannot_fill_missing_review (tests.test_integrity_records.Step7ReferenceAuditRecords.test_pair_duplication_cannot_fill_missing_review) ... ok
test_registry_candidate_can_remain_valid_without_new_class (tests.test_integrity_records.Step7ReferenceAuditRecords.test_registry_candidate_can_remain_valid_without_new_class) ... ok
test_repeated_position_does_not_replace_lost_opportunity (tests.test_integrity_records.Step7ReferenceAuditRecords.test_repeated_position_does_not_replace_lost_opportunity) ... ok
test_witness_shape_not_just_four_names (tests.test_integrity_records.Step7ReferenceAuditRecords.test_witness_shape_not_just_four_names) ... ok
test_absent_future_attempt_preserves_earlier_group_plan (tests.test_inventory.AdditionalInventoryTests.test_absent_future_attempt_preserves_earlier_group_plan) ... ok
test_declared_output_offsets_cannot_add_a_new_realization_twice (tests.test_inventory.AdditionalInventoryTests.test_declared_output_offsets_cannot_add_a_new_realization_twice) ... ok
test_duplicate_group_position_with_unknown_attempt_is_unresolved (tests.test_inventory.AdditionalInventoryTests.test_duplicate_group_position_with_unknown_attempt_is_unresolved) ... ok
test_extra_later_failure_does_not_contaminate_known_selected_ids (tests.test_inventory.AdditionalInventoryTests.test_extra_later_failure_does_not_contaminate_known_selected_ids) ... ok
test_malformed_manifest_stays_unavailable_not_successful_empty_study (tests.test_inventory.AdditionalInventoryTests.test_malformed_manifest_stays_unavailable_not_successful_empty_study) ... ok
test_shared_group_across_cells_is_retained_without_pooling (tests.test_inventory.AdditionalInventoryTests.test_shared_group_across_cells_is_retained_without_pooling) ... ok
test_character_offsets_cannot_replace_byte_offsets (tests.test_inventory.ArtifactAssociationTests.test_character_offsets_cannot_replace_byte_offsets) ... ok
test_empty_emitted_region_is_real_bytes_not_missing_slot (tests.test_inventory.ArtifactAssociationTests.test_empty_emitted_region_is_real_bytes_not_missing_slot) ... ok
test_exact_byte_region_keeps_unicode_and_crlf (tests.test_inventory.ArtifactAssociationTests.test_exact_byte_region_keeps_unicode_and_crlf) ... ok
test_missing_raw_is_unavailable_not_an_extraction_guess (tests.test_inventory.ArtifactAssociationTests.test_missing_raw_is_unavailable_not_an_extraction_guess) ... ok
test_negative_bool_and_oversized_spans_are_controlled (tests.test_inventory.ArtifactAssociationTests.test_negative_bool_and_oversized_spans_are_controlled) ... ok
test_raw_response_mismatch_cannot_be_repaired_by_neighbor (tests.test_inventory.ArtifactAssociationTests.test_raw_response_mismatch_cannot_be_repaired_by_neighbor) ... ok
test_truncated_known_text_can_be_associated_without_completion (tests.test_inventory.ArtifactAssociationTests.test_truncated_known_text_can_be_associated_without_completion) ... ok
test_attempt_cell_mismatch_is_preserved (tests.test_inventory.InventoryTests.test_attempt_cell_mismatch_is_preserved) ... ok
test_attempts_and_realizations_are_separate (tests.test_inventory.InventoryTests.test_attempts_and_realizations_are_separate) ... ok
test_conflicting_order_sources_are_not_resolved_by_preference (tests.test_inventory.InventoryTests.test_conflicting_order_sources_are_not_resolved_by_preference) ... ok
test_duplicate_id_is_ambiguous_never_deduplicated_silently (tests.test_inventory.InventoryTests.test_duplicate_id_is_ambiguous_never_deduplicated_silently) ... ok
test_duplicate_malformed_id_remains_ambiguous (tests.test_inventory.InventoryTests.test_duplicate_malformed_id_remains_ambiguous) ... ok
test_duplicate_planned_position_is_unavailable (tests.test_inventory.InventoryTests.test_duplicate_planned_position_is_unavailable) ... ok
test_extra_output_is_preserved_unselected (tests.test_inventory.InventoryTests.test_extra_output_is_preserved_unselected) ... ok
test_failed_five_candidate_call_does_not_create_samples (tests.test_inventory.InventoryTests.test_failed_five_candidate_call_does_not_create_samples) ... ok
test_frame_failure_is_scoped_and_distinct_from_empty (tests.test_inventory.InventoryTests.test_frame_failure_is_scoped_and_distinct_from_empty) ... ok
test_known_empty_and_truncated_emissions_remain_samples (tests.test_inventory.InventoryTests.test_known_empty_and_truncated_emissions_remain_samples) ... ok
test_known_empty_selection_is_zero_with_exclusions (tests.test_inventory.InventoryTests.test_known_empty_selection_is_zero_with_exclusions) ... ok
test_large_attempt_count_does_not_expand_unbounded_positions (tests.test_inventory.InventoryTests.test_large_attempt_count_does_not_expand_unbounded_positions) ... ok
test_malformed_observation_retains_row_and_complete_count_uncertainty (tests.test_inventory.InventoryTests.test_malformed_observation_retains_row_and_complete_count_uncertainty) ... ok
test_missing_requested_sample_cannot_create_observation (tests.test_inventory.InventoryTests.test_missing_requested_sample_cannot_create_observation) ... ok
test_no_io_after_loading (tests.test_inventory.InventoryTests.test_no_io_after_loading) ... ok
test_original_storage_order_is_not_experimental_sequence (tests.test_inventory.InventoryTests.test_original_storage_order_is_not_experimental_sequence) ... ok
test_partial_explicit_order_is_unavailable (tests.test_inventory.InventoryTests.test_partial_explicit_order_is_unavailable) ... ok
test_plan_without_attempt_records_does_not_invent_attempts (tests.test_inventory.InventoryTests.test_plan_without_attempt_records_does_not_invent_attempts) ... ok
test_position_plan_mutations_have_controlled_diagnostics (tests.test_inventory.InventoryTests.test_position_plan_mutations_have_controlled_diagnostics) ... ok
test_primary_attempt_metadata_can_supply_plan (tests.test_inventory.InventoryTests.test_primary_attempt_metadata_can_supply_plan) ... ok
test_private_and_missing_text_do_not_zero_inventory (tests.test_inventory.InventoryTests.test_private_and_missing_text_do_not_zero_inventory) ... ok
test_protocol_mismatch_is_frame_error (tests.test_inventory.InventoryTests.test_protocol_mismatch_is_frame_error) ... ok
test_recorded_ordinals_can_supply_order (tests.test_inventory.InventoryTests.test_recorded_ordinals_can_supply_order) ... ok
test_repeated_bytes_with_distinct_positions_remain_observations (tests.test_inventory.InventoryTests.test_repeated_bytes_with_distinct_positions_remain_observations) ... ok
test_retry_is_preserved_without_adding_planned_slots (tests.test_inventory.InventoryTests.test_retry_is_preserved_without_adding_planned_slots) ... ok
test_same_attempt_position_cannot_count_twice_under_two_ids (tests.test_inventory.InventoryTests.test_same_attempt_position_cannot_count_twice_under_two_ids) ... ok
test_selecting_extra_output_cannot_extend_planned_budget (tests.test_inventory.InventoryTests.test_selecting_extra_output_cannot_extend_planned_budget) ... ok
test_unattempted_slot_is_not_an_invocation (tests.test_inventory.InventoryTests.test_unattempted_slot_is_not_an_invocation) ... ok
test_unknown_attempt_history_is_not_one_call_per_sample (tests.test_inventory.InventoryTests.test_unknown_attempt_history_is_not_one_call_per_sample) ... ok
test_unknown_cell_remains_unallocated (tests.test_inventory.InventoryTests.test_unknown_cell_remains_unallocated) ... ok
test_unknown_order_does_not_erase_selection (tests.test_inventory.InventoryTests.test_unknown_order_does_not_erase_selection) ... ok
test_unknown_selection_is_not_automatically_all (tests.test_inventory.InventoryTests.test_unknown_selection_is_not_automatically_all) ... ok
test_wrong_record_file_hash_cannot_supply_selected_identity (tests.test_inventory.InventoryTests.test_wrong_record_file_hash_cannot_supply_selected_identity) ... ok
test_bad_required_version_never_becomes_empty_success (tests.test_local_io.BundleTests.test_bad_required_version_never_becomes_empty_success) ... ok
test_empty_and_malformed_records_remain_distinct (tests.test_local_io.BundleTests.test_empty_and_malformed_records_remain_distinct) ... ok
test_external_and_unavailable_artifacts_are_inert (tests.test_local_io.BundleTests.test_external_and_unavailable_artifacts_are_inert) ... ok
test_hash_mismatch_is_scoped_and_keeps_expected_hash (tests.test_local_io.BundleTests.test_hash_mismatch_is_scoped_and_keeps_expected_hash) ... ok
test_line_limit_does_not_turn_suffix_into_next_row (tests.test_local_io.BundleTests.test_line_limit_does_not_turn_suffix_into_next_row) ... ok
test_malformed_line_does_not_erase_next_record (tests.test_local_io.BundleTests.test_malformed_line_does_not_erase_next_record) ... ok
test_only_declared_files_are_read (tests.test_local_io.BundleTests.test_only_declared_files_are_read) ... ok
test_read_order_does_not_become_scientific_order (tests.test_local_io.BundleTests.test_read_order_does_not_become_scientific_order) ... ok
test_record_file_hash_mismatch_preserves_inventory (tests.test_local_io.BundleTests.test_record_file_hash_mismatch_preserves_inventory) ... ok
test_record_limit_is_not_silent_sampling (tests.test_local_io.BundleTests.test_record_limit_is_not_silent_sampling) ... ok
test_sample_hash_uses_analyzed_bytes (tests.test_local_io.BundleTests.test_sample_hash_uses_analyzed_bytes) ... ok
test_source_pin_mismatch_does_not_trigger_retrieval (tests.test_local_io.BundleTests.test_source_pin_mismatch_does_not_trigger_retrieval) ... ok
test_wrong_file_role_preserves_raw_record (tests.test_local_io.BundleTests.test_wrong_file_role_preserves_raw_record) ... ok
test_change_during_read_is_detected (tests.test_local_io.SnapshotTests.test_change_during_read_is_detected) ... ok
test_directory_and_fifo_are_rejected_without_blocking (tests.test_local_io.SnapshotTests.test_directory_and_fifo_are_rejected_without_blocking) ... ok
test_file_and_total_byte_limits (tests.test_local_io.SnapshotTests.test_file_and_total_byte_limits) ... ok
test_internal_external_and_root_symlinks_are_rejected (tests.test_local_io.SnapshotTests.test_internal_external_and_root_symlinks_are_rejected) ... ok
test_path_grammar_rejects_remote_and_expansion (tests.test_local_io.SnapshotTests.test_path_grammar_rejects_remote_and_expansion) ... ok
test_snapshot_and_repeated_path_read (tests.test_local_io.SnapshotTests.test_snapshot_and_repeated_path_read) ... ok
test_snapshot_stays_stable_after_path_replacement (tests.test_local_io.SnapshotTests.test_snapshot_stays_stable_after_path_replacement) ... ok
test_unsupported_platform_has_no_unsafe_fallback (tests.test_local_io.SnapshotTests.test_unsupported_platform_has_no_unsafe_fallback) ... ok
test_bad_manifest_field_types_have_controlled_errors (tests.test_local_io.StrictJSONTests.test_bad_manifest_field_types_have_controlled_errors) ... ok
test_depth_bound_respects_strings (tests.test_local_io.StrictJSONTests.test_depth_bound_respects_strings) ... ok
test_duplicate_keys_and_escaped_aliases_fail (tests.test_local_io.StrictJSONTests.test_duplicate_keys_and_escaped_aliases_fail) ... ok
test_invalid_overrides_never_weaken_limits (tests.test_local_io.StrictJSONTests.test_invalid_overrides_never_weaken_limits) ... ok
test_large_finite_exponent_is_not_float_infinity (tests.test_local_io.StrictJSONTests.test_large_finite_exponent_is_not_float_infinity) ... ok
test_nonfinite_constants_fail (tests.test_local_io.StrictJSONTests.test_nonfinite_constants_fail) ... ok
test_number_length_and_file_limits (tests.test_local_io.StrictJSONTests.test_number_length_and_file_limits) ... ok
test_utf8_bom_surrogates_and_bad_syntax_fail (tests.test_local_io.StrictJSONTests.test_utf8_bom_surrogates_and_bad_syntax_fail) ... ok
test_effective_counts_differ (tests.test_metrics.Arithmetic.test_effective_counts_differ) ... ok
test_higher_precision_independent_check (tests.test_metrics.Arithmetic.test_higher_precision_independent_check) ... ok
test_one_class (tests.test_metrics.Arithmetic.test_one_class) ... ok
test_oracle_identity_and_role (tests.test_metrics.Arithmetic.test_oracle_identity_and_role) ... ok
test_sci_with_replacement (tests.test_metrics.Arithmetic.test_sci_with_replacement) ... ok
test_source_oracles (tests.test_metrics.Arithmetic.test_source_oracles) ... ok
test_units_and_scope (tests.test_metrics.Arithmetic.test_units_and_scope) ... ok
test_unrounded_derivation (tests.test_metrics.Arithmetic.test_unrounded_derivation) ... ok
test_zero_registry_entries (tests.test_metrics.Arithmetic.test_zero_registry_entries) ... ok
test_complete_arithmetic_not_complete_report (tests.test_metrics.Matrix.test_complete_arithmetic_not_complete_report) ... ok
test_explicit_test_bindings (tests.test_metrics.Matrix.test_explicit_test_bindings) ... ok
test_frozen_and_external_scopes (tests.test_metrics.Matrix.test_frozen_and_external_scopes) ... ok
test_history_and_actual_runner_step (tests.test_metrics.Matrix.test_history_and_actual_runner_step) ... ok
test_invalid_binding_class (tests.test_metrics.Matrix.test_invalid_binding_class) ... ok
test_non_m_update_forbidden (tests.test_metrics.Matrix.test_non_m_update_forbidden) ... ok
test_old_bindings_preserved (tests.test_metrics.Matrix.test_old_bindings_preserved) ... ok
test_624_small_tables (tests.test_metrics.Numerical.test_624_small_tables) ... ok
test_effective_order_failure (tests.test_metrics.Numerical.test_effective_order_failure) ... ok
test_exact_total (tests.test_metrics.Numerical.test_exact_total) ... ok
test_exp_failure_scoped (tests.test_metrics.Numerical.test_exp_failure_scoped) ... ok
test_immutable_results (tests.test_metrics.Numerical.test_immutable_results) ... ok
test_invalid_counts (tests.test_metrics.Numerical.test_invalid_counts) ... ok
test_log_failure_scoped (tests.test_metrics.Numerical.test_log_failure_scoped) ... ok
test_material_errors (tests.test_metrics.Numerical.test_material_errors) ... ok
test_no_deferred_estimators (tests.test_metrics.Numerical.test_no_deferred_estimators) ... ok
test_normalization_failure (tests.test_metrics.Numerical.test_normalization_failure) ... ok
test_renaming_and_order (tests.test_metrics.Numerical.test_renaming_and_order) ... ok
test_resource_limits (tests.test_metrics.Numerical.test_resource_limits) ... ok
test_signed_zero (tests.test_metrics.Numerical.test_signed_zero) ... ok
test_tiny_boundary_record (tests.test_metrics.Numerical.test_tiny_boundary_record) ... ok
test_tolerance_sum (tests.test_metrics.Numerical.test_tolerance_sum) ... ok
test_underflow_preserves_exact_support (tests.test_metrics.Numerical.test_underflow_preserves_exact_support) ... ok
test_uniform_scaling (tests.test_metrics.Numerical.test_uniform_scaling) ... ok
test_all_invalid (tests.test_metrics.Populations.test_all_invalid) ... ok
test_ambiguous_ids (tests.test_metrics.Populations.test_ambiguous_ids) ... ok
test_bad_component_types (tests.test_metrics.Populations.test_bad_component_types) ... ok
test_empty_selection (tests.test_metrics.Populations.test_empty_selection) ... ok
test_frame_failure (tests.test_metrics.Populations.test_frame_failure) ... ok
test_independence_only_withdrawal (tests.test_metrics.Populations.test_independence_only_withdrawal) ... ok
test_local_evidence_failure (tests.test_metrics.Populations.test_local_evidence_failure) ... ok
test_malformed_threshold_is_component_specific (tests.test_metrics.Populations.test_malformed_threshold_is_component_specific) ... ok
test_mf07_views_and_ratios (tests.test_metrics.Populations.test_mf07_views_and_ratios) ... ok
test_no_hero_program_or_report_created (tests.test_metrics.Populations.test_no_hero_program_or_report_created) ... ok
test_passive_arithmetic (tests.test_metrics.Populations.test_passive_arithmetic) ... ok
test_population_conservation (tests.test_metrics.Populations.test_population_conservation) ... ok
test_population_duplicate_ids (tests.test_metrics.Populations.test_population_duplicate_ids) ... ok
test_unclassified (tests.test_metrics.Populations.test_unclassified) ... ok
test_unknown_checkpoint (tests.test_metrics.Populations.test_unknown_checkpoint) ... ok
test_hero_count_projection (tests.test_metrics.Prefixes.test_hero_count_projection) ... ok
test_hero_invalid_projection (tests.test_metrics.Prefixes.test_hero_invalid_projection) ... ok
test_hero_missing_intended_slot (tests.test_metrics.Prefixes.test_hero_missing_intended_slot) ... ok
test_k_states (tests.test_metrics.Prefixes.test_k_states) ... ok
test_mf10 (tests.test_metrics.Prefixes.test_mf10) ... ok
test_missing_order (tests.test_metrics.Prefixes.test_missing_order) ... ok
test_monotone_accumulation (tests.test_metrics.Prefixes.test_monotone_accumulation) ... ok
test_partial_group (tests.test_metrics.Prefixes.test_partial_group) ... ok
test_prefix_conservation (tests.test_metrics.Prefixes.test_prefix_conservation) ... ok
test_real_order_change (tests.test_metrics.Prefixes.test_real_order_change) ... ok
test_revision_preserves_old_result (tests.test_metrics.Prefixes.test_revision_preserves_old_result) ... ok
test_storage_order_invariant (tests.test_metrics.Prefixes.test_storage_order_invariant) ... ok
test_zero_vs_missing_prefix (tests.test_metrics.Prefixes.test_zero_vs_missing_prefix) ... ok
test_beyond_float_boundary (tests.test_metrics.Thresholds.test_beyond_float_boundary) ... ok
test_empty_requested (tests.test_metrics.Thresholds.test_empty_requested) ... ok
test_invalid_empty (tests.test_metrics.Thresholds.test_invalid_empty) ... ok
test_invalid_values (tests.test_metrics.Thresholds.test_invalid_values) ... ok
test_large_integer_equality (tests.test_metrics.Thresholds.test_large_integer_equality) ... ok
test_large_negative_exponent (tests.test_metrics.Thresholds.test_large_negative_exponent) ... ok
test_lexemes_and_origins (tests.test_metrics.Thresholds.test_lexemes_and_origins) ... ok
test_no_renormalization (tests.test_metrics.Thresholds.test_no_renormalization) ... ok
test_omitted_vs_null (tests.test_metrics.Thresholds.test_omitted_vs_null) ... ok
test_one_threshold_spellings (tests.test_metrics.Thresholds.test_one_threshold_spellings) ... ok
test_other_metrics_unchanged (tests.test_metrics.Thresholds.test_other_metrics_unchanged) ... ok
test_revalidate_token_object (tests.test_metrics.Thresholds.test_revalidate_token_object) ... ok
test_source_thresholds (tests.test_metrics.Thresholds.test_source_thresholds) ... ok
test_token_limit (tests.test_metrics.Thresholds.test_token_limit) ... ok
test_zero_never_passes (tests.test_metrics.Thresholds.test_zero_never_passes) ... ok
test_duplicate_record_is_error_not_a_second_observation (tests.test_pipeline.AdversePipelineTests.test_duplicate_record_is_error_not_a_second_observation) ... ok
test_empty_selected_inventory_has_zero_support_and_undefined_entropy (tests.test_pipeline.AdversePipelineTests.test_empty_selected_inventory_has_zero_support_and_undefined_entropy) ... ok
test_four_sample_evidence_correction_exact_sequence (tests.test_pipeline.AdversePipelineTests.test_four_sample_evidence_correction_exact_sequence) ... ok
test_hash_mismatch_is_not_repaired_by_pipeline (tests.test_pipeline.AdversePipelineTests.test_hash_mismatch_is_not_repaired_by_pipeline) ... ok
test_independence_only_correction_does_not_erase_supported_counts (tests.test_pipeline.AdversePipelineTests.test_independence_only_correction_does_not_erase_supported_counts) ... ok
test_invalid_threshold_is_contract_failure_not_zero (tests.test_pipeline.AdversePipelineTests.test_invalid_threshold_is_contract_failure_not_zero) ... ok
test_malformed_analysis_object_retains_safe_error_report (tests.test_pipeline.AdversePipelineTests.test_malformed_analysis_object_retains_safe_error_report) ... ok
test_malformed_manifest_is_error_not_empty_success (tests.test_pipeline.AdversePipelineTests.test_malformed_manifest_is_error_not_empty_success) ... ok
test_missing_shared_frame_withholds_distribution_keeps_inventory (tests.test_pipeline.AdversePipelineTests.test_missing_shared_frame_withholds_distribution_keeps_inventory) ... ok
test_mock_imported_adjudication_uses_same_pipeline (tests.test_pipeline.AdversePipelineTests.test_mock_imported_adjudication_uses_same_pipeline) ... ok
test_nonempty_unclassified_inventory_is_not_empty_study (tests.test_pipeline.AdversePipelineTests.test_nonempty_unclassified_inventory_is_not_empty_study) ... ok
test_omitted_threshold_keeps_not_requested (tests.test_pipeline.AdversePipelineTests.test_omitted_threshold_keeps_not_requested) ... ok
test_unknown_model_identity_does_not_destroy_arithmetic (tests.test_pipeline.AdversePipelineTests.test_unknown_model_identity_does_not_destroy_arithmetic) ... ok
test_unknown_prefix_mode_not_guessed_into_success (tests.test_pipeline.AdversePipelineTests.test_unknown_prefix_mode_not_guessed_into_success) ... ok
test_analyze_command_publishes_three_files (tests.test_pipeline.CommandIntegrationTests.test_analyze_command_publishes_three_files) ... ok
test_analyze_refuses_existing_output (tests.test_pipeline.CommandIntegrationTests.test_analyze_refuses_existing_output) ... ok
test_contract_error_report_can_be_written_without_success_claim (tests.test_pipeline.CommandIntegrationTests.test_contract_error_report_can_be_written_without_success_claim) ... ok
test_internal_failure_returns_three_without_traceback (tests.test_pipeline.CommandIntegrationTests.test_internal_failure_returns_three_without_traceback) ... ok
test_invalid_input_has_exit_two_and_safe_diagnostics (tests.test_pipeline.CommandIntegrationTests.test_invalid_input_has_exit_two_and_safe_diagnostics) ... ok
test_missing_arguments_do_not_echo_sensitive_paths (tests.test_pipeline.CommandIntegrationTests.test_missing_arguments_do_not_echo_sensitive_paths) ... ok
test_unimplemented_commands_remain_errors (tests.test_pipeline.CommandIntegrationTests.test_unimplemented_commands_remain_errors) ... ok
test_validate_command_success_and_no_writes (tests.test_pipeline.CommandIntegrationTests.test_validate_command_success_and_no_writes) ... ok
test_explicit_run_identity_changes_metadata_not_metrics (tests.test_pipeline.HeroPipelineTests.test_explicit_run_identity_changes_metadata_not_metrics) ... ok
test_hf00_materialization_matches_pinned_original (tests.test_pipeline.HeroPipelineTests.test_hf00_materialization_matches_pinned_original) ... ok
test_hf00_original_twenty_record_workflow (tests.test_pipeline.HeroPipelineTests.test_hf00_original_twenty_record_workflow) ... ok
test_hf01_invalid_but_classifiable (tests.test_pipeline.HeroPipelineTests.test_hf01_invalid_but_classifiable) ... ok
test_hf02_unresolved_class_keeps_validity (tests.test_pipeline.HeroPipelineTests.test_hf02_unresolved_class_keeps_validity) ... ok
test_hf03_provisional_label_has_distinct_reason (tests.test_pipeline.HeroPipelineTests.test_hf03_provisional_label_has_distinct_reason) ... ok
test_hf04_missing_evidence_is_local_limit (tests.test_pipeline.HeroPipelineTests.test_hf04_missing_evidence_is_local_limit) ... ok
test_hf05_missing_position_is_not_backfilled (tests.test_pipeline.HeroPipelineTests.test_hf05_missing_position_is_not_backfilled) ... ok
test_hf06_new_assignment_preserves_old_identity (tests.test_pipeline.HeroPipelineTests.test_hf06_new_assignment_preserves_old_identity) ... ok
test_input_changes_get_new_fingerprint_without_overwriting_old_report (tests.test_pipeline.HeroPipelineTests.test_input_changes_get_new_fingerprint_without_overwriting_old_report) ... ok
test_invalid_run_identity_and_naive_time_rejected (tests.test_pipeline.HeroPipelineTests.test_invalid_run_identity_and_naive_time_rejected) ... ok
test_materializer_refuses_unregistered_variant (tests.test_pipeline.HeroPipelineTests.test_materializer_refuses_unregistered_variant) ... ok
test_pinned_base_remains_byte_identical_after_all_variants (tests.test_pipeline.HeroPipelineTests.test_pinned_base_remains_byte_identical_after_all_variants) ... ok
test_program_text_and_generation_cost_are_never_invented (tests.test_pipeline.HeroPipelineTests.test_program_text_and_generation_cost_are_never_invented) ... ok
test_replay_canonical_reports_and_manifest_time (tests.test_pipeline.HeroPipelineTests.test_replay_canonical_reports_and_manifest_time) ... ok
test_report_hashes_identify_actual_written_bytes (tests.test_pipeline.HeroPipelineTests.test_report_hashes_identify_actual_written_bytes) ... ok
test_validate_has_no_metric_calculation (tests.test_pipeline.HeroPipelineTests.test_validate_has_no_metric_calculation) ... ok
test_complete_staging_precedes_atomic_publish (tests.test_pipeline.OutputTransactionTests.test_complete_staging_precedes_atomic_publish) ... ok
test_existing_file_and_empty_directory_are_not_replaced (tests.test_pipeline.OutputTransactionTests.test_existing_file_and_empty_directory_are_not_replaced) ... ok
test_interrupted_write_cleans_staging (tests.test_pipeline.OutputTransactionTests.test_interrupted_write_cleans_staging) ... ok
test_missing_parent_does_not_create_an_implicit_tree (tests.test_pipeline.OutputTransactionTests.test_missing_parent_does_not_create_an_implicit_tree) ... ok
test_only_fixed_three_filenames_are_allowed (tests.test_pipeline.OutputTransactionTests.test_only_fixed_three_filenames_are_allowed) ... ok
test_output_inside_input_is_rejected (tests.test_pipeline.OutputTransactionTests.test_output_inside_input_is_rejected) ... ok
test_output_symlink_and_symlink_parent_are_rejected (tests.test_pipeline.OutputTransactionTests.test_output_symlink_and_symlink_parent_are_rejected) ... ok
test_private_permissions_do_not_depend_on_umask (tests.test_pipeline.OutputTransactionTests.test_private_permissions_do_not_depend_on_umask) ... ok
test_publishes_exact_complete_set (tests.test_pipeline.OutputTransactionTests.test_publishes_exact_complete_set) ... ok
test_racing_target_is_preserved_and_staging_cleaned (tests.test_pipeline.OutputTransactionTests.test_racing_target_is_preserved_and_staging_cleaned) ... ok
test_remote_expanding_and_traversing_output_paths_are_rejected (tests.test_pipeline.OutputTransactionTests.test_remote_expanding_and_traversing_output_paths_are_rejected) ... ok
test_short_writes_are_retried_without_truncation (tests.test_pipeline.OutputTransactionTests.test_short_writes_are_retried_without_truncation) ... ok
test_unsupported_atomic_operation_has_no_overwrite_fallback (tests.test_pipeline.OutputTransactionTests.test_unsupported_atomic_operation_has_no_overwrite_fallback) ... ok
test_zero_length_write_is_failure_and_cleanup (tests.test_pipeline.OutputTransactionTests.test_zero_length_write_is_failure_and_cleanup) ... ok
test_external_locator_remains_inert_and_private_in_report (tests.test_pipeline.PipelineBoundaryTests.test_external_locator_remains_inert_and_private_in_report) ... ok
test_full_pipeline_never_runs_candidate_or_fetches_remote (tests.test_pipeline.PipelineBoundaryTests.test_full_pipeline_never_runs_candidate_or_fetches_remote) ... ok
test_serialization_failure_never_creates_output (tests.test_pipeline.PipelineBoundaryTests.test_serialization_failure_never_creates_output) ... ok
test_validate_does_not_write_any_inputs (tests.test_pipeline.PipelineBoundaryTests.test_validate_does_not_write_any_inputs) ... ok
test_complete_mock_gate_is_M_only_and_not_final_approval (tests.test_pipeline.Step7GateTests.test_complete_mock_gate_is_M_only_and_not_final_approval) ... ok
test_ec_scope_cannot_be_promoted_to_empirical_evidence (tests.test_pipeline.Step7GateTests.test_ec_scope_cannot_be_promoted_to_empirical_evidence) ... ok
test_missing_ec_binding_cannot_pass_full_gate (tests.test_pipeline.Step7GateTests.test_missing_ec_binding_cannot_pass_full_gate) ... ok
test_nonpassing_ec_binding_cannot_be_overridden (tests.test_pipeline.Step7GateTests.test_nonpassing_ec_binding_cannot_be_overridden) ... ok
test_test_records_have_expected_actual_scope_and_no_E_claim (tests.test_pipeline.Step7GateTests.test_test_records_have_expected_actual_scope_and_no_E_claim) ... ok
test_all_36_report_groups_have_explicit_paths (tests.test_pipeline.Step7ReportIntegration.test_all_36_report_groups_have_explicit_paths) ... ok
test_all_deferred_prerequisites_visible_without_estimator (tests.test_pipeline.Step7ReportIntegration.test_all_deferred_prerequisites_visible_without_estimator) ... ok
test_correction_dependencies_identify_both_views_without_resampling (tests.test_pipeline.Step7ReportIntegration.test_correction_dependencies_identify_both_views_without_resampling) ... ok
test_domain_coverage_details_are_visible_and_fixture_stays_fixture (tests.test_pipeline.Step7ReportIntegration.test_domain_coverage_details_are_visible_and_fixture_stays_fixture) ... ok
test_empty_then_received_and_acted_intake_never_adds_samples (tests.test_pipeline.Step7ReportIntegration.test_empty_then_received_and_acted_intake_never_adds_samples) ... ok
test_every_m_metric_retains_denominator_status_and_source_scope (tests.test_pipeline.Step7ReportIntegration.test_every_m_metric_retains_denominator_status_and_source_scope) ... ok
test_metadata_time_never_changes_content_or_creates_observation (tests.test_pipeline.Step7ReportIntegration.test_metadata_time_never_changes_content_or_creates_observation) ... ok
test_registered_sources_and_original_fixture_hashes_still_match (tests.test_pipeline.Step7ReportIntegration.test_registered_sources_and_original_fixture_hashes_still_match) ... ok
test_relocated_input_replays_all_canonical_content (tests.test_pipeline.Step7ReportIntegration.test_relocated_input_replays_all_canonical_content) ... ok
test_shared_schema_challenge_affects_all_its_cells_not_other_frames (tests.test_pipeline.Step7ReportIntegration.test_shared_schema_challenge_affects_all_its_cells_not_other_frames) ... ok
test_typed_lineage_exposure_and_annotation_survive_redaction (tests.test_pipeline.Step7ReportIntegration.test_typed_lineage_exposure_and_annotation_survive_redaction) ... ok
test_actual_empty_input_has_no_invented_observations (tests.test_populations.AdversePopulationTests.test_actual_empty_input_has_no_invented_observations) ... ok
test_association_error_withholds_both_affected_axes_without_deleting_sample (tests.test_populations.AdversePopulationTests.test_association_error_withholds_both_affected_axes_without_deleting_sample) ... ok
test_later_unrecorded_attempt_does_not_block_first_hero_endpoint (tests.test_populations.AdversePopulationTests.test_later_unrecorded_attempt_does_not_block_first_hero_endpoint) ... ok
test_local_failed_adjudication_never_withholds_entire_population (tests.test_populations.AdversePopulationTests.test_local_failed_adjudication_never_withholds_entire_population) ... ok
test_missing_text_is_not_automatic_missing_artifact_identity (tests.test_populations.AdversePopulationTests.test_missing_text_is_not_automatic_missing_artifact_identity) ... ok
test_public_surface_stops_before_metrics_and_comparisons (tests.test_populations.AdversePopulationTests.test_public_surface_stops_before_metrics_and_comparisons) ... ok
test_reference_registry_and_incident_never_add_model_samples (tests.test_populations.AdversePopulationTests.test_reference_registry_and_incident_never_add_model_samples) ... ok
test_repeated_call_without_new_identity_never_adds_sample (tests.test_populations.AdversePopulationTests.test_repeated_call_without_new_identity_never_adds_sample) ... ok
test_empty_classified_complete_twenty_is_legitimate_zero (tests.test_populations.HeroEndpointTests.test_empty_classified_complete_twenty_is_legitimate_zero) ... ok
test_group_plan_cannot_be_inferred_from_twenty_rows (tests.test_populations.HeroEndpointTests.test_group_plan_cannot_be_inferred_from_twenty_rows) ... ok
test_hero_membership_5_10_20_matches_frozen_design (tests.test_populations.HeroEndpointTests.test_hero_membership_5_10_20_matches_frozen_design) ... ok
test_last_group_failure_does_not_erase_earlier_endpoint (tests.test_populations.HeroEndpointTests.test_last_group_failure_does_not_erase_earlier_endpoint) ... ok
test_missing_g2_p5_allows_descriptive_but_not_matched_prefix (tests.test_populations.HeroEndpointTests.test_missing_g2_p5_allows_descriptive_but_not_matched_prefix) ... ok
test_same_group_records_are_not_independent_draws (tests.test_populations.HeroEndpointTests.test_same_group_records_are_not_independent_draws) ... ok
test_supplementary_single_candidate_k_is_not_hero_endpoint (tests.test_populations.HeroEndpointTests.test_supplementary_single_candidate_k_is_not_hero_endpoint) ... ok
test_unclassified_position_is_kept_without_replacement (tests.test_populations.HeroEndpointTests.test_unclassified_position_is_kept_without_replacement) ... ok
test_wrong_primary_attempt_blocks_matching_group (tests.test_populations.HeroEndpointTests.test_wrong_primary_attempt_blocks_matching_group) ... ok
test_all_invalid_can_still_have_structural_population (tests.test_populations.PopulationTests.test_all_invalid_can_still_have_structural_population) ... ok
test_axes_overlap_and_each_reconciles_to_selected_inventory (tests.test_populations.PopulationTests.test_axes_overlap_and_each_reconciles_to_selected_inventory) ... ok
test_conflicting_pin_is_local (tests.test_populations.PopulationTests.test_conflicting_pin_is_local) ... ok
test_independence_only_correction_preserves_counts (tests.test_populations.PopulationTests.test_independence_only_correction_preserves_counts) ... ok
test_inputs_remain_unchanged_and_results_are_immutable (tests.test_populations.PopulationTests.test_inputs_remain_unchanged_and_results_are_immutable) ... ok
test_known_empty_selection_has_undefined_ratios (tests.test_populations.PopulationTests.test_known_empty_selection_has_undefined_ratios) ... ok
test_mf07_all_five_ratios_keep_unreduced_accounting (tests.test_populations.PopulationTests.test_mf07_all_five_ratios_keep_unreduced_accounting) ... ok
test_mf07_exact_memberships (tests.test_populations.PopulationTests.test_mf07_exact_memberships) ... ok
test_missing_assignment_pin_has_no_latest_fallback (tests.test_populations.PopulationTests.test_missing_assignment_pin_has_no_latest_fallback) ... ok
test_missing_essential_class_evidence_preserves_other_samples (tests.test_populations.PopulationTests.test_missing_essential_class_evidence_preserves_other_samples) ... ok
test_missing_text_does_not_become_zero_coverage (tests.test_populations.PopulationTests.test_missing_text_does_not_become_zero_coverage) ... ok
test_missing_validity_does_not_become_invalid (tests.test_populations.PopulationTests.test_missing_validity_does_not_become_invalid) ... ok
test_no_io_or_model_calls_in_population_pass (tests.test_populations.PopulationTests.test_no_io_or_model_calls_in_population_pass) ... ok
test_old_and_corrected_populations_keep_sample_identity (tests.test_populations.PopulationTests.test_old_and_corrected_populations_keep_sample_identity) ... ok
test_one_class_is_distinct_from_no_class (tests.test_populations.PopulationTests.test_one_class_is_distinct_from_no_class) ... ok
test_other_cell_survives_malformed_frame_and_no_pooling (tests.test_populations.PopulationTests.test_other_cell_survives_malformed_frame_and_no_pooling) ... ok
test_registry_zeros_remain_and_never_add_observations (tests.test_populations.PopulationTests.test_registry_zeros_remain_and_never_add_observations) ... ok
test_renaming_supported_class_ids_preserves_population_counts (tests.test_populations.PopulationTests.test_renaming_supported_class_ids_preserves_population_counts) ... ok
test_schema_correction_scopes_class_and_validity_separately (tests.test_populations.PopulationTests.test_schema_correction_scopes_class_and_validity_separately) ... ok
test_shared_schema_failure_is_unavailable_not_zero_classes (tests.test_populations.PopulationTests.test_shared_schema_failure_is_unavailable_not_zero_classes) ... ok
test_unknown_order_leaves_whole_cell_population_available (tests.test_populations.PopulationTests.test_unknown_order_leaves_whole_cell_population_available) ... ok
test_unknown_selection_is_unavailable_not_empty (tests.test_populations.PopulationTests.test_unknown_selection_is_unavailable_not_empty) ... ok
test_validity_does_not_fill_unresolved_or_provisional_class (tests.test_populations.PopulationTests.test_validity_does_not_fill_unresolved_or_provisional_class) ... ok
test_wholly_unclassified_selection_remains_known_zero (tests.test_populations.PopulationTests.test_wholly_unclassified_selection_remains_known_zero) ... ok
test_accumulation_monotonicity_on_fixed_assignments (tests.test_populations.PrefixTests.test_accumulation_monotonicity_on_fixed_assignments) ... ok
test_actual_order_change_may_change_prefix (tests.test_populations.PrefixTests.test_actual_order_change_may_change_prefix) ... ok
test_available_unclassified_prefix_has_count_zero (tests.test_populations.PrefixTests.test_available_unclassified_prefix_has_count_zero) ... ok
test_grid_preserved_and_not_sorted_after_results (tests.test_populations.PrefixTests.test_grid_preserved_and_not_sorted_after_results) ... ok
test_invalid_and_omitted_k_have_distinct_outcomes (tests.test_populations.PrefixTests.test_invalid_and_omitted_k_have_distinct_outcomes) ... ok
test_invalid_or_unresolved_positions_are_not_backfilled (tests.test_populations.PrefixTests.test_invalid_or_unresolved_positions_are_not_backfilled) ... ok
test_invalid_view_and_mode_fail_explicitly (tests.test_populations.PrefixTests.test_invalid_view_and_mode_fail_explicitly) ... ok
test_mf10_exact_prefix_oracles (tests.test_populations.PrefixTests.test_mf10_exact_prefix_oracles) ... ok
test_partial_group_flag_is_descriptive_only (tests.test_populations.PrefixTests.test_partial_group_flag_is_descriptive_only) ... ok
test_storage_order_change_cannot_change_prefix (tests.test_populations.PrefixTests.test_storage_order_change_cannot_change_prefix) ... ok
test_prior_requirement_and_source_identities_remain_intact (tests.test_populations.Step4MatrixTests.test_prior_requirement_and_source_identities_remain_intact) ... ok
test_step4_progress_and_bindings_cover_executed_methods (tests.test_populations.Step4MatrixTests.test_step4_progress_and_bindings_cover_executed_methods) ... ok
test_mismatched_row_reference_cannot_redirect_requirement (tests.test_records.CatalogueReferenceTests.test_mismatched_row_reference_cannot_redirect_requirement) ... ok
test_modified_source_is_rejected_before_catalogue_expansion (tests.test_records.CatalogueReferenceTests.test_modified_source_is_rejected_before_catalogue_expansion) ... ok
test_duplicate_id_including_bad_record_is_ambiguous (tests.test_records.IdentityTests.test_duplicate_id_including_bad_record_is_ambiguous) ... ok
test_explicit_revisions_and_conflicting_pins (tests.test_records.IdentityTests.test_explicit_revisions_and_conflicting_pins) ... ok
test_identical_content_with_distinct_ids_is_not_deduplicated (tests.test_records.IdentityTests.test_identical_content_with_distinct_ids_is_not_deduplicated) ... ok
test_missing_reference_keeps_other_records (tests.test_records.IdentityTests.test_missing_reference_keeps_other_records) ... ok
test_unallocated_sample_is_retained (tests.test_records.IdentityTests.test_unallocated_sample_is_retained) ... ok
test_wrong_protocol_version_is_diagnosed (tests.test_records.IdentityTests.test_wrong_protocol_version_is_diagnosed) ... ok
test_declaration_limit_is_explicit (tests.test_records.InputBoundaryReviewTests.test_declaration_limit_is_explicit) ... ok
test_duplicate_source_pins_and_wrong_registry_reference_fail (tests.test_records.InputBoundaryReviewTests.test_duplicate_source_pins_and_wrong_registry_reference_fail) ... ok
test_nested_ref_shaped_metadata_does_not_crash (tests.test_records.InputBoundaryReviewTests.test_nested_ref_shaped_metadata_does_not_crash) ... ok
test_unsupported_kind_cannot_leak_into_identity_diagnostics (tests.test_records.InputBoundaryReviewTests.test_unsupported_kind_cannot_leak_into_identity_diagnostics) ... ok
test_axes_cannot_be_substituted (tests.test_records.KnowledgeTests.test_axes_cannot_be_substituted) ... ok
test_bad_tagged_values_have_safe_failures (tests.test_records.KnowledgeTests.test_bad_tagged_values_have_safe_failures) ... ok
test_knowledge_freezes_caller_owned_data (tests.test_records.KnowledgeTests.test_knowledge_freezes_caller_owned_data) ... ok
test_known_zero_false_empty_and_null_are_retained (tests.test_records.KnowledgeTests.test_known_zero_false_empty_and_null_are_retained) ... ok
test_missing_value_and_contradictory_knowledge_fail (tests.test_records.KnowledgeTests.test_missing_value_and_contradictory_knowledge_fail) ... ok
test_unknown_unavailable_and_not_applicable_are_distinct (tests.test_records.KnowledgeTests.test_unknown_unavailable_and_not_applicable_are_distinct) ... ok
test_bad_manifest_and_duplicate_files_fail (tests.test_records.ManifestTests.test_bad_manifest_and_duplicate_files_fail) ... ok
test_exact_decimal_string_and_number_tokens (tests.test_records.ManifestTests.test_exact_decimal_string_and_number_tokens) ... ok
test_incompatible_frame_version_is_not_empty_data (tests.test_records.ManifestTests.test_incompatible_frame_version_is_not_empty_data) ... ok
test_invalid_thresholds_and_k_are_scoped (tests.test_records.ManifestTests.test_invalid_thresholds_and_k_are_scoped) ... ok
test_minimal_manifest_has_no_default_controls (tests.test_records.ManifestTests.test_minimal_manifest_has_no_default_controls) ... ok
test_missing_frame_does_not_erase_other_frame (tests.test_records.ManifestTests.test_missing_frame_does_not_erase_other_frame) ... ok
test_source_and_ec_addendum_pins_match (tests.test_records.ManifestTests.test_source_and_ec_addendum_pins_match) ... ok
test_assigned_without_class_is_rejected (tests.test_records.RecordShapeTests.test_assigned_without_class_is_rejected) ... ok
test_assignment_states_preserve_review_and_candidates (tests.test_records.RecordShapeTests.test_assignment_states_preserve_review_and_candidates) ... ok
test_class_on_unresolved_is_rejected (tests.test_records.RecordShapeTests.test_class_on_unresolved_is_rejected) ... ok
test_counts_reject_booleans_and_nonintegers (tests.test_records.RecordShapeTests.test_counts_reject_booleans_and_nonintegers) ... ok
test_evidence_payload_is_envelope_only (tests.test_records.RecordShapeTests.test_evidence_payload_is_envelope_only) ... ok
test_hostile_payload_is_preserved_not_interpreted (tests.test_records.RecordShapeTests.test_hostile_payload_is_preserved_not_interpreted) ... ok
test_malformed_and_alias_ids_fail_without_echoing_content (tests.test_records.RecordShapeTests.test_malformed_and_alias_ids_fail_without_echoing_content) ... ok
test_missing_optional_data_stays_absent (tests.test_records.RecordShapeTests.test_missing_optional_data_stays_absent) ... ok
test_unsupported_version_kind_and_fields_preserve_raw (tests.test_records.RecordShapeTests.test_unsupported_version_kind_and_fields_preserve_raw) ... ok
test_validity_is_separate_and_not_inferred (tests.test_records.RecordShapeTests.test_validity_is_separate_and_not_inferred) ... ok
test_named_negative_cases_are_fixture_only (tests.test_records.RegistryTests.test_named_negative_cases_are_fixture_only) ... ok
test_registry_is_definition_not_model_samples (tests.test_records.RegistryTests.test_registry_is_definition_not_model_samples) ... ok
test_registry_is_exact_transcription_with_no_validation_claim (tests.test_records.RegistryTests.test_registry_is_exact_transcription_with_no_validation_claim) ... ok
test_additive_source_history_preserves_baseline_authorization (tests.test_records.Step2MatrixTests.test_additive_source_history_preserves_baseline_authorization) ... ok
test_catalogue_binds_actual_input_tests (tests.test_records.Step2MatrixTests.test_catalogue_binds_actual_input_tests) ... ok
test_partial_input_bindings_do_not_close_vt_or_evidence (tests.test_records.Step2MatrixTests.test_partial_input_bindings_do_not_close_vt_or_evidence) ... ok
test_all_ten_ec_disclosures_and_unknown_expiry_visible (tests.test_reporting.ReportTests.test_all_ten_ec_disclosures_and_unknown_expiry_visible) ... ok
test_all_v_and_d_results_are_null_with_explicit_status (tests.test_reporting.ReportTests.test_all_v_and_d_results_are_null_with_explicit_status) ... ok
test_canonical_dictionary_order_invariance (tests.test_reporting.ReportTests.test_canonical_dictionary_order_invariance) ... ok
test_control_characters_links_html_and_pipes_are_inert (tests.test_reporting.ReportTests.test_control_characters_links_html_and_pipes_are_inert) ... ok
test_every_scalar_value_unit_status_and_reason_survives_markdown (tests.test_reporting.ReportTests.test_every_scalar_value_unit_status_and_reason_survives_markdown) ... ok
test_evidence_limitations_precede_numeric_results (tests.test_reporting.ReportTests.test_evidence_limitations_precede_numeric_results) ... ok
test_five_conjunctive_conditions_visible (tests.test_reporting.ReportTests.test_five_conjunctive_conditions_visible) ... ok
test_held_evidence_prose_and_task_metadata_not_copied (tests.test_reporting.ReportTests.test_held_evidence_prose_and_task_metadata_not_copied) ... ok
test_json_and_markdown_consume_identical_tree (tests.test_reporting.ReportTests.test_json_and_markdown_consume_identical_tree) ... ok
test_json_keeps_unrounded_float (tests.test_reporting.ReportTests.test_json_keeps_unrounded_float) ... ok
test_missing_required_section_fails_serialization (tests.test_reporting.ReportTests.test_missing_required_section_fails_serialization) ... ok
test_no_empirical_support_or_score_fabricated (tests.test_reporting.ReportTests.test_no_empirical_support_or_score_fabricated) ... ok
test_nonfinite_results_cannot_be_serialized (tests.test_reporting.ReportTests.test_nonfinite_results_cannot_be_serialized) ... ok
test_pinned_input_hashes_do_not_claim_program_hashes (tests.test_reporting.ReportTests.test_pinned_input_hashes_do_not_claim_program_hashes) ... ok
test_private_root_absent_from_all_outputs (tests.test_reporting.ReportTests.test_private_root_absent_from_all_outputs) ... ok
test_reanalysis_and_v_dependents_remain_separate (tests.test_reporting.ReportTests.test_reanalysis_and_v_dependents_remain_separate) ... ok
test_required_section_order (tests.test_reporting.ReportTests.test_required_section_order) ... ok
test_scoped_ids_retained_without_private_person_mappings (tests.test_reporting.ReportTests.test_scoped_ids_retained_without_private_person_mappings) ... ok
test_source_lineage_pins_and_transform_references_retained (tests.test_reporting.ReportTests.test_source_lineage_pins_and_transform_references_retained) ... ok
test_unknown_unavailable_and_inapplicable_retain_distinction (tests.test_reporting.ReportTests.test_unknown_unavailable_and_inapplicable_retain_distinction) ... ok
test_zero_count_registry_classes_are_visible (tests.test_reporting.ReportTests.test_zero_count_registry_classes_are_visible) ... ok
test_zero_false_and_known_null_are_not_unknown (tests.test_reporting.ReportTests.test_zero_false_and_known_null_are_not_unknown) ... ok
test_actual_output_hash_is_preserved_while_body_is_withheld (tests.test_reporting.SourceAssociationDisclosureTests.test_actual_output_hash_is_preserved_while_body_is_withheld) ... ok
test_all_54_scope_dispositions_and_37_m_families (tests.test_scaffold.BaselineTests.test_all_54_scope_dispositions_and_37_m_families) ... ok
test_all_baseline_hashes_match (tests.test_scaffold.BaselineTests.test_all_baseline_hashes_match) ... ok
test_expected_hashes_match_plan_appendix (tests.test_scaffold.BaselineTests.test_expected_hashes_match_plan_appendix) ... ok
test_matrix_preserves_report_catalogue (tests.test_scaffold.BaselineTests.test_matrix_preserves_report_catalogue) ... ok
test_matrix_preserves_trace_catalogue (tests.test_scaffold.BaselineTests.test_matrix_preserves_trace_catalogue) ... ok
test_matrix_preserves_vf_catalogue (tests.test_scaffold.BaselineTests.test_matrix_preserves_vf_catalogue) ... ok
test_matrix_validation (tests.test_scaffold.BaselineTests.test_matrix_validation) ... ok
test_readme_scope_is_explicit (tests.test_scaffold.BaselineTests.test_readme_scope_is_explicit) ... ok
test_forbidden_commands_are_rejected (tests.test_scaffold.CommandTests.test_forbidden_commands_are_rejected) ... ok
test_help (tests.test_scaffold.CommandTests.test_help) ... ok
test_no_arguments_show_help (tests.test_scaffold.CommandTests.test_no_arguments_show_help) ... ok
test_runtime_help_and_version_do_not_use_network_or_child_processes (tests.test_scaffold.CommandTests.test_runtime_help_and_version_do_not_use_network_or_child_processes) ... ok
test_trusted_helper_rejects_arbitrary_commands (tests.test_scaffold.CommandTests.test_trusted_helper_rejects_arbitrary_commands) ... ok
test_unknown_option_is_error (tests.test_scaffold.CommandTests.test_unknown_option_is_error) ... ok
test_validate_and_analyze_require_input_or_are_unavailable (tests.test_scaffold.CommandTests.test_validate_and_analyze_require_input_or_are_unavailable) ... ok
test_version (tests.test_scaffold.CommandTests.test_version) ... ok
test_broken_binding_fails (tests.test_scaffold.HarnessTests.test_broken_binding_fails) ... ok
test_class_fixture_error_is_recorded (tests.test_scaffold.HarnessTests.test_class_fixture_error_is_recorded) ... ok
test_corrupt_journal_is_not_overwritten (tests.test_scaffold.HarnessTests.test_corrupt_journal_is_not_overwritten) ... ok
test_duplicate_discovery_fails (tests.test_scaffold.HarnessTests.test_duplicate_discovery_fails) ... ok
test_empty_discovery_fails_both_gates (tests.test_scaffold.HarnessTests.test_empty_discovery_fails_both_gates) ... ok
test_expected_failure_is_not_accepted (tests.test_scaffold.HarnessTests.test_expected_failure_is_not_accepted) ... ok
test_failure_and_error_are_recorded (tests.test_scaffold.HarnessTests.test_failure_and_error_are_recorded) ... ok
test_future_evidence_is_not_executed (tests.test_scaffold.HarnessTests.test_future_evidence_is_not_executed) ... ok
test_journal_retains_prior_runs (tests.test_scaffold.HarnessTests.test_journal_retains_prior_runs) ... ok
test_missing_m_bindings_fail_final_gate (tests.test_scaffold.HarnessTests.test_missing_m_bindings_fail_final_gate) ... ok
test_missing_scaffold_binding_fails (tests.test_scaffold.HarnessTests.test_missing_scaffold_binding_fails) ... ok
test_missing_trace_binding_fails_final_gate (tests.test_scaffold.HarnessTests.test_missing_trace_binding_fails_final_gate) ... ok
test_required_m_skip_blocks_final_gate (tests.test_scaffold.HarnessTests.test_required_m_skip_blocks_final_gate) ... ok
test_runner_help_does_not_run_tests (tests.test_scaffold.HarnessTests.test_runner_help_does_not_run_tests) ... ok
test_skipped_test_is_not_accepted (tests.test_scaffold.HarnessTests.test_skipped_test_is_not_accepted) ... ok
test_subtest_failure_is_recorded (tests.test_scaffold.HarnessTests.test_subtest_failure_is_recorded) ... ok
test_unexpected_success_is_not_accepted (tests.test_scaffold.HarnessTests.test_unexpected_success_is_not_accepted) ... ok
test_distribution_excludes_tests_docs_and_pdfs (tests.test_scaffold.PackageTests.test_distribution_excludes_tests_docs_and_pdfs) ... ok
test_import_under_standard_library_only (tests.test_scaffold.PackageTests.test_import_under_standard_library_only) ... ok
test_metadata_has_no_runtime_dependencies (tests.test_scaffold.PackageTests.test_metadata_has_no_runtime_dependencies) ... ok
test_no_public_analysis_api (tests.test_scaffold.PackageTests.test_no_public_analysis_api) ... ok
test_version_matches_metadata (tests.test_scaffold.PackageTests.test_version_matches_metadata) ... ok
test_hostile_text_never_executes_or_calls_network (tests.test_security.PassiveInputTests.test_hostile_text_never_executes_or_calls_network) ... ok
test_no_model_metric_or_candidate_runner_surface (tests.test_security.PassiveInputTests.test_no_model_metric_or_candidate_runner_surface) ... ok
test_private_artifact_does_not_attempt_local_read (tests.test_security.PassiveInputTests.test_private_artifact_does_not_attempt_local_read) ... ok
test_unsafe_local_urls_never_reach_network (tests.test_security.PassiveInputTests.test_unsafe_local_urls_never_reach_network) ... ok
test_cli_errors_do_not_echo_credentials_or_paths (tests.test_security.Step7SafetyTests.test_cli_errors_do_not_echo_credentials_or_paths) ... ok
test_entire_import_analysis_is_inert_under_hostile_evidence (tests.test_security.Step7SafetyTests.test_entire_import_analysis_is_inert_under_hostile_evidence) ... ok
test_failure_after_atomic_publication_keeps_published_bytes (tests.test_security.Step7SafetyTests.test_failure_after_atomic_publication_keeps_published_bytes) ... ok
test_no_runtime_imports_of_test_harness (tests.test_security.Step7SafetyTests.test_no_runtime_imports_of_test_harness) ... ok
test_published_report_directory_cannot_be_overwritten (tests.test_security.Step7SafetyTests.test_published_report_directory_cannot_be_overwritten) ... ok

----------------------------------------------------------------------
Ran 503 tests in 28.725s

OK

Requested gate: phase1
Requested gate passed: True
Phase 1 M complete: True
Unresolved M families (0): 
Gate reasons: none
Runner exit code: 0

=== 8c1831dc-9632-475c-bb1b-57e94a64da31 ===
test_conflicting_assertion_is_not_vote (tests.test_evidence.AdmissionTests.test_conflicting_assertion_is_not_vote) ... ok
test_cycle_of_evidence_support_is_not_grounding (tests.test_evidence.AdmissionTests.test_cycle_of_evidence_support_is_not_grounding) ... ok
test_duplicate_invalid_record_still_ambiguous (tests.test_evidence.AdmissionTests.test_duplicate_invalid_record_still_ambiguous) ... ok
test_duplicate_pin_even_identical_is_conflict (tests.test_evidence.AdmissionTests.test_duplicate_pin_even_identical_is_conflict) ... ok
test_execution_record_required_for_coding_validity (tests.test_evidence.AdmissionTests.test_execution_record_required_for_coding_validity) ... ok
test_explicit_evidence_contradiction_is_preserved (tests.test_evidence.AdmissionTests.test_explicit_evidence_contradiction_is_preserved) ... ok
test_fixture_cannot_validate_import (tests.test_evidence.AdmissionTests.test_fixture_cannot_validate_import) ... ok
test_fixture_missing_declaration_is_local (tests.test_evidence.AdmissionTests.test_fixture_missing_declaration_is_local) ... ok
test_fixture_policy_cannot_present_empirical_context (tests.test_evidence.AdmissionTests.test_fixture_policy_cannot_present_empirical_context) ... ok
test_fixture_positive_is_only_stipulated (tests.test_evidence.AdmissionTests.test_fixture_positive_is_only_stipulated) ... ok
test_import_positive_carries_restricted_scientific_scope (tests.test_evidence.AdmissionTests.test_import_positive_carries_restricted_scientific_scope) ... ok
test_import_requires_adjudication_record (tests.test_evidence.AdmissionTests.test_import_requires_adjudication_record) ... ok
test_imported_outcome_conflict_is_not_ignored (tests.test_evidence.AdmissionTests.test_imported_outcome_conflict_is_not_ignored) ... ok
test_inaccessible_essential_report_withholds_label (tests.test_evidence.AdmissionTests.test_inaccessible_essential_report_withholds_label) ... ok
test_invalid_validity_does_not_erase_class (tests.test_evidence.AdmissionTests.test_invalid_validity_does_not_erase_class) ... ok
test_known_malformed_method_is_controlled (tests.test_evidence.AdmissionTests.test_known_malformed_method_is_controlled) ... ok
test_missing_independence_does_not_remove_mechanism (tests.test_evidence.AdmissionTests.test_missing_independence_does_not_remove_mechanism) ... ok
test_missing_reviewer_is_not_adjudication (tests.test_evidence.AdmissionTests.test_missing_reviewer_is_not_adjudication) ... ok
test_missing_text_is_not_automatic_membership_failure (tests.test_evidence.AdmissionTests.test_missing_text_is_not_automatic_membership_failure) ... ok
test_model_label_and_embedding_methods_do_not_admit (tests.test_evidence.AdmissionTests.test_model_label_and_embedding_methods_do_not_admit) ... ok
test_no_pin_never_selects_latest (tests.test_evidence.AdmissionTests.test_no_pin_never_selects_latest) ... ok
test_not_assessed_does_not_create_invalidity (tests.test_evidence.AdmissionTests.test_not_assessed_does_not_create_invalidity) ... ok
test_payload_shape_does_not_certify_evidence (tests.test_evidence.AdmissionTests.test_payload_shape_does_not_certify_evidence) ... ok
test_provisional_is_not_admitted (tests.test_evidence.AdmissionTests.test_provisional_is_not_admitted) ... ok
test_repaired_artifact_cannot_validate_original (tests.test_evidence.AdmissionTests.test_repaired_artifact_cannot_validate_original) ... ok
test_revision_pin_mismatch_is_not_repaired (tests.test_evidence.AdmissionTests.test_revision_pin_mismatch_is_not_repaired) ... ok
test_sorted_outputs_do_not_identify_algorithm (tests.test_evidence.AdmissionTests.test_sorted_outputs_do_not_identify_algorithm) ... ok
test_timeout_cannot_validate_or_invalidate_program (tests.test_evidence.AdmissionTests.test_timeout_cannot_validate_or_invalidate_program) ... ok
test_unclassified_stays_unclassified (tests.test_evidence.AdmissionTests.test_unclassified_stays_unclassified) ... ok
test_undetermined_and_absent_validity_are_distinct (tests.test_evidence.AdmissionTests.test_undetermined_and_absent_validity_are_distinct) ... ok
test_unresolved_adjudicated_retains_epistemic_state (tests.test_evidence.AdmissionTests.test_unresolved_adjudicated_retains_epistemic_state) ... ok
test_wrong_execution_subject_is_detected (tests.test_evidence.AdmissionTests.test_wrong_execution_subject_is_detected) ... ok
test_wrong_frame_withholds_only_affected_sample (tests.test_evidence.AdmissionTests.test_wrong_frame_withholds_only_affected_sample) ... ok
test_wrong_rubric_withholds_validity_only (tests.test_evidence.AdmissionTests.test_wrong_rubric_withholds_validity_only) ... ok
test_cross_sample_predecessor_does_not_merge_samples (tests.test_evidence.CorrectionTests.test_cross_sample_predecessor_does_not_merge_samples) ... ok
test_cyclic_revision_link_is_detected (tests.test_evidence.CorrectionTests.test_cyclic_revision_link_is_detected) ... ok
test_impact_records_link_without_recalculating_metrics (tests.test_evidence.CorrectionTests.test_impact_records_link_without_recalculating_metrics) ... ok
test_independence_only_withdrawal_keeps_label (tests.test_evidence.CorrectionTests.test_independence_only_withdrawal_keeps_label) ... ok
test_passive_review_never_invokes_network_or_executes (tests.test_evidence.CorrectionTests.test_passive_review_never_invokes_network_or_executes) ... ok
test_pending_challenge_is_explicit (tests.test_evidence.CorrectionTests.test_pending_challenge_is_explicit) ... ok
test_raw_bundle_is_unchanged_by_review (tests.test_evidence.CorrectionTests.test_raw_bundle_is_unchanged_by_review) ... ok
test_rejected_challenge_cannot_withdraw (tests.test_evidence.CorrectionTests.test_rejected_challenge_cannot_withdraw) ... ok
test_revision_with_new_evidence_requires_new_pin (tests.test_evidence.CorrectionTests.test_revision_with_new_evidence_requires_new_pin) ... ok
test_shared_schema_challenge_affects_all_dependent_labels (tests.test_evidence.CorrectionTests.test_shared_schema_challenge_affects_all_dependent_labels) ... ok
test_withdrawal_preserves_other_assignment_and_validity (tests.test_evidence.CorrectionTests.test_withdrawal_preserves_other_assignment_and_validity) ... ok
test_absent_target_does_not_validate_by_two_votes (tests.test_integrity_records.IntegrityTests.test_absent_target_does_not_validate_by_two_votes) ... ok
test_all_nineteen_support_types_have_explicit_payload_validation (tests.test_integrity_records.IntegrityTests.test_all_nineteen_support_types_have_explicit_payload_validation) ... ok
test_audit_extra_review_does_not_replace_missing_planned_position (tests.test_integrity_records.IntegrityTests.test_audit_extra_review_does_not_replace_missing_planned_position) ... ok
test_audit_needs_annotations_for_each_reviewed_target (tests.test_integrity_records.IntegrityTests.test_audit_needs_annotations_for_each_reviewed_target) ... ok
test_checked_in_integrity_cases_are_actual_mock_payloads (tests.test_integrity_records.IntegrityTests.test_checked_in_integrity_cases_are_actual_mock_payloads) ... ok
test_complete_mock_form_never_certifies_operational_openness (tests.test_integrity_records.IntegrityTests.test_complete_mock_form_never_certifies_operational_openness) ... ok
test_complete_review_keeps_sources_and_classifications_passive (tests.test_integrity_records.IntegrityTests.test_complete_review_keeps_sources_and_classifications_passive) ... ok
test_design_32_core_and_28_pairs_remains_a_plan (tests.test_integrity_records.IntegrityTests.test_design_32_core_and_28_pairs_remains_a_plan) ... ok
test_design_8995_tests_does_not_count_as_performed_validation (tests.test_integrity_records.IntegrityTests.test_design_8995_tests_does_not_count_as_performed_validation) ... ok
test_disagreement_preserves_both_initial_outcomes (tests.test_integrity_records.IntegrityTests.test_disagreement_preserves_both_initial_outcomes) ... ok
test_domain_property_mismatch_is_not_execution_evidence (tests.test_integrity_records.IntegrityTests.test_domain_property_mismatch_is_not_execution_evidence) ... ok
test_empty_intake_is_distinct_from_received_evidence (tests.test_integrity_records.IntegrityTests.test_empty_intake_is_distinct_from_received_evidence) ... ok
test_four_conditions_cannot_claim_five_condition_openness (tests.test_integrity_records.IntegrityTests.test_four_conditions_cannot_claim_five_condition_openness) ... ok
test_initial_judgment_materials_must_match (tests.test_integrity_records.IntegrityTests.test_initial_judgment_materials_must_match) ... ok
test_initial_label_exposure_is_not_independent_first_pass (tests.test_integrity_records.IntegrityTests.test_initial_label_exposure_is_not_independent_first_pass) ... ok
test_known_prior_exposure_overrides_false_annotation_flag (tests.test_integrity_records.IntegrityTests.test_known_prior_exposure_overrides_false_annotation_flag) ... ok
test_later_discussion_does_not_rewrite_first_pass (tests.test_integrity_records.IntegrityTests.test_later_discussion_does_not_rewrite_first_pass) ... ok
test_lineage_cycles_do_not_trigger_universal_dag_rejection (tests.test_integrity_records.IntegrityTests.test_lineage_cycles_do_not_trigger_universal_dag_rejection) ... ok
test_malformed_public_annotation_reference_is_controlled (tests.test_integrity_records.IntegrityTests.test_malformed_public_annotation_reference_is_controlled) ... ok
test_matching_mock_audit_stays_record_only (tests.test_integrity_records.IntegrityTests.test_matching_mock_audit_stays_record_only) ... ok
test_missing_claim_evidence_is_unresolved_not_satisfied (tests.test_integrity_records.IntegrityTests.test_missing_claim_evidence_is_unresolved_not_satisfied) ... ok
test_missing_mock_marker_is_not_defaulted (tests.test_integrity_records.IntegrityTests.test_missing_mock_marker_is_not_defaulted) ... ok
test_mistyped_annotation_actor_is_controlled (tests.test_integrity_records.IntegrityTests.test_mistyped_annotation_actor_is_controlled) ... ok
test_mistyped_domain_suite_reference_is_controlled (tests.test_integrity_records.IntegrityTests.test_mistyped_domain_suite_reference_is_controlled) ... ok
test_nonapplicable_cannot_evade_mandatory_condition (tests.test_integrity_records.IntegrityTests.test_nonapplicable_cannot_evade_mandatory_condition) ... ok
test_one_unresolved_condition_cannot_be_averaged_away (tests.test_integrity_records.IntegrityTests.test_one_unresolved_condition_cannot_be_averaged_away) ... ok
test_source_unknowns_cannot_become_inferred_ancestry (tests.test_integrity_records.IntegrityTests.test_source_unknowns_cannot_become_inferred_ancestry) ... ok
test_step3_matrix_binds_all_actual_step3_checks (tests.test_integrity_records.IntegrityTests.test_step3_matrix_binds_all_actual_step3_checks) ... ok
test_structural_schema_challenge_keeps_separate_validity (tests.test_integrity_records.IntegrityTests.test_structural_schema_challenge_keeps_separate_validity) ... ok
test_support_value_type_mutations_do_not_crash (tests.test_integrity_records.IntegrityTests.test_support_value_type_mutations_do_not_crash) ... ok
test_two_mock_humans_are_only_record_consistent (tests.test_integrity_records.IntegrityTests.test_two_mock_humans_are_only_record_consistent) ... ok
test_two_sessions_by_one_person_fail_two_person_requirement (tests.test_integrity_records.IntegrityTests.test_two_sessions_by_one_person_fail_two_person_requirement) ... ok
test_unknown_expiry_does_not_invent_validity_period (tests.test_integrity_records.IntegrityTests.test_unknown_expiry_does_not_invent_validity_period) ... ok
test_unknown_exposure_does_not_become_false (tests.test_integrity_records.IntegrityTests.test_unknown_exposure_does_not_become_false) ... ok
test_unknown_parent_remains_unknown (tests.test_integrity_records.IntegrityTests.test_unknown_parent_remains_unknown) ... ok
test_unknown_payload_fields_are_not_executable_extensions (tests.test_integrity_records.IntegrityTests.test_unknown_payload_fields_are_not_executable_extensions) ... ok
test_unreviewed_intake_preserves_original_anomaly (tests.test_integrity_records.IntegrityTests.test_unreviewed_intake_preserves_original_anomaly) ... ok
test_withdrawn_suite_cannot_support_execution_record (tests.test_integrity_records.IntegrityTests.test_withdrawn_suite_cannot_support_execution_record) ... ok
test_complete_core_coverage_is_record_consistent_but_still_mock (tests.test_integrity_records.Step7CompleteReferenceFixtures.test_complete_core_coverage_is_record_consistent_but_still_mock) ... ok
test_complete_systematic_audit_plan_resolves_exact_72_positions (tests.test_integrity_records.Step7CompleteReferenceFixtures.test_complete_systematic_audit_plan_resolves_exact_72_positions) ... ok
test_absent_oracle_is_not_independent_validation (tests.test_integrity_records.Step7FunctionalRecords.test_absent_oracle_is_not_independent_validation) ... ok
test_complete_8995_order_construction_and_hash (tests.test_integrity_records.Step7FunctionalRecords.test_complete_8995_order_construction_and_hash) ... ok
test_complete_mock_import_is_record_consistent_only (tests.test_integrity_records.Step7FunctionalRecords.test_complete_mock_import_is_record_consistent_only) ... ok
test_containment_or_missing_reference_family_blocks_claim (tests.test_integrity_records.Step7FunctionalRecords.test_containment_or_missing_reference_family_blocks_claim) ... ok
test_decisive_counterexample_can_precede_full_coverage (tests.test_integrity_records.Step7FunctionalRecords.test_decisive_counterexample_can_precede_full_coverage) ... ok
test_each_property_is_required_without_boolean_coercion (tests.test_integrity_records.Step7FunctionalRecords.test_each_property_is_required_without_boolean_coercion) ... ok
test_each_segment_construction_is_checked (tests.test_integrity_records.Step7FunctionalRecords.test_each_segment_construction_is_checked) ... ok
test_equal_inputs_keep_distinct_ids_and_purposes (tests.test_integrity_records.Step7FunctionalRecords.test_equal_inputs_keep_distinct_ids_and_purposes) ... ok
test_exception_needs_explicit_task_counterexample (tests.test_integrity_records.Step7FunctionalRecords.test_exception_needs_explicit_task_counterexample) ... ok
test_forged_manifest_hash_is_rejected (tests.test_integrity_records.Step7FunctionalRecords.test_forged_manifest_hash_is_rejected) ... ok
test_missing_test_cannot_pass_by_declared_count (tests.test_integrity_records.Step7FunctionalRecords.test_missing_test_cannot_pass_by_declared_count) ... ok
test_mock_child_cannot_validate_nonmock_parent (tests.test_integrity_records.Step7FunctionalRecords.test_mock_child_cannot_validate_nonmock_parent) ... ok
test_nested_malformed_runtime_metadata_is_controlled (tests.test_integrity_records.Step7FunctionalRecords.test_nested_malformed_runtime_metadata_is_controlled) ... ok
test_partial_pass_does_not_claim_full_validity (tests.test_integrity_records.Step7FunctionalRecords.test_partial_pass_does_not_claim_full_validity) ... ok
test_plain_pass_string_cannot_establish_validity (tests.test_integrity_records.Step7FunctionalRecords.test_plain_pass_string_cannot_establish_validity) ... ok
test_reordering_is_detected_even_with_new_hash (tests.test_integrity_records.Step7FunctionalRecords.test_reordering_is_detected_even_with_new_hash) ... ok
test_repair_cannot_relabel_original_subject (tests.test_integrity_records.Step7FunctionalRecords.test_repair_cannot_relabel_original_subject) ... ok
test_timeout_memory_harness_or_oracle_failure_is_not_invalidity (tests.test_integrity_records.Step7FunctionalRecords.test_timeout_memory_harness_or_oracle_failure_is_not_invalidity) ... ok
test_unreadable_upstream_evidence_cannot_be_laundered (tests.test_integrity_records.Step7FunctionalRecords.test_unreadable_upstream_evidence_cannot_be_laundered) ... ok
test_28_pairs_and_four_witnesses_checked_without_fabricating_core (tests.test_integrity_records.Step7ReferenceAuditRecords.test_28_pairs_and_four_witnesses_checked_without_fabricating_core) ... ok
test_32_names_without_artifacts_or_annotations_do_not_pass (tests.test_integrity_records.Step7ReferenceAuditRecords.test_32_names_without_artifacts_or_annotations_do_not_pass) ... ok
test_72_planned_positions_are_not_72_reviews (tests.test_integrity_records.Step7ReferenceAuditRecords.test_72_planned_positions_are_not_72_reviews) ... ok
test_changed_systematic_position_fails (tests.test_integrity_records.Step7ReferenceAuditRecords.test_changed_systematic_position_fails) ... ok
test_generic_audit_must_match_actual_frozen_plan (tests.test_integrity_records.Step7ReferenceAuditRecords.test_generic_audit_must_match_actual_frozen_plan) ... ok
test_opposite_membership_claims_do_not_transitively_cluster (tests.test_integrity_records.Step7ReferenceAuditRecords.test_opposite_membership_claims_do_not_transitively_cluster) ... ok
test_overlap_is_preserved_not_forced_into_partition (tests.test_integrity_records.Step7ReferenceAuditRecords.test_overlap_is_preserved_not_forced_into_partition) ... ok
test_pair_duplication_cannot_fill_missing_review (tests.test_integrity_records.Step7ReferenceAuditRecords.test_pair_duplication_cannot_fill_missing_review) ... ok
test_registry_candidate_can_remain_valid_without_new_class (tests.test_integrity_records.Step7ReferenceAuditRecords.test_registry_candidate_can_remain_valid_without_new_class) ... ok
test_repeated_position_does_not_replace_lost_opportunity (tests.test_integrity_records.Step7ReferenceAuditRecords.test_repeated_position_does_not_replace_lost_opportunity) ... ok
test_witness_shape_not_just_four_names (tests.test_integrity_records.Step7ReferenceAuditRecords.test_witness_shape_not_just_four_names) ... ok
test_absent_future_attempt_preserves_earlier_group_plan (tests.test_inventory.AdditionalInventoryTests.test_absent_future_attempt_preserves_earlier_group_plan) ... ok
test_declared_output_offsets_cannot_add_a_new_realization_twice (tests.test_inventory.AdditionalInventoryTests.test_declared_output_offsets_cannot_add_a_new_realization_twice) ... ok
test_duplicate_group_position_with_unknown_attempt_is_unresolved (tests.test_inventory.AdditionalInventoryTests.test_duplicate_group_position_with_unknown_attempt_is_unresolved) ... ok
test_extra_later_failure_does_not_contaminate_known_selected_ids (tests.test_inventory.AdditionalInventoryTests.test_extra_later_failure_does_not_contaminate_known_selected_ids) ... ok
test_malformed_manifest_stays_unavailable_not_successful_empty_study (tests.test_inventory.AdditionalInventoryTests.test_malformed_manifest_stays_unavailable_not_successful_empty_study) ... ok
test_shared_group_across_cells_is_retained_without_pooling (tests.test_inventory.AdditionalInventoryTests.test_shared_group_across_cells_is_retained_without_pooling) ... ok
test_character_offsets_cannot_replace_byte_offsets (tests.test_inventory.ArtifactAssociationTests.test_character_offsets_cannot_replace_byte_offsets) ... ok
test_empty_emitted_region_is_real_bytes_not_missing_slot (tests.test_inventory.ArtifactAssociationTests.test_empty_emitted_region_is_real_bytes_not_missing_slot) ... ok
test_exact_byte_region_keeps_unicode_and_crlf (tests.test_inventory.ArtifactAssociationTests.test_exact_byte_region_keeps_unicode_and_crlf) ... ok
test_missing_raw_is_unavailable_not_an_extraction_guess (tests.test_inventory.ArtifactAssociationTests.test_missing_raw_is_unavailable_not_an_extraction_guess) ... ok
test_negative_bool_and_oversized_spans_are_controlled (tests.test_inventory.ArtifactAssociationTests.test_negative_bool_and_oversized_spans_are_controlled) ... ok
test_raw_response_mismatch_cannot_be_repaired_by_neighbor (tests.test_inventory.ArtifactAssociationTests.test_raw_response_mismatch_cannot_be_repaired_by_neighbor) ... ok
test_truncated_known_text_can_be_associated_without_completion (tests.test_inventory.ArtifactAssociationTests.test_truncated_known_text_can_be_associated_without_completion) ... ok
test_attempt_cell_mismatch_is_preserved (tests.test_inventory.InventoryTests.test_attempt_cell_mismatch_is_preserved) ... ok
test_attempts_and_realizations_are_separate (tests.test_inventory.InventoryTests.test_attempts_and_realizations_are_separate) ... ok
test_conflicting_order_sources_are_not_resolved_by_preference (tests.test_inventory.InventoryTests.test_conflicting_order_sources_are_not_resolved_by_preference) ... ok
test_duplicate_id_is_ambiguous_never_deduplicated_silently (tests.test_inventory.InventoryTests.test_duplicate_id_is_ambiguous_never_deduplicated_silently) ... ok
test_duplicate_malformed_id_remains_ambiguous (tests.test_inventory.InventoryTests.test_duplicate_malformed_id_remains_ambiguous) ... ok
test_duplicate_planned_position_is_unavailable (tests.test_inventory.InventoryTests.test_duplicate_planned_position_is_unavailable) ... ok
test_extra_output_is_preserved_unselected (tests.test_inventory.InventoryTests.test_extra_output_is_preserved_unselected) ... ok
test_failed_five_candidate_call_does_not_create_samples (tests.test_inventory.InventoryTests.test_failed_five_candidate_call_does_not_create_samples) ... ok
test_frame_failure_is_scoped_and_distinct_from_empty (tests.test_inventory.InventoryTests.test_frame_failure_is_scoped_and_distinct_from_empty) ... ok
test_known_empty_and_truncated_emissions_remain_samples (tests.test_inventory.InventoryTests.test_known_empty_and_truncated_emissions_remain_samples) ... ok
test_known_empty_selection_is_zero_with_exclusions (tests.test_inventory.InventoryTests.test_known_empty_selection_is_zero_with_exclusions) ... ok
test_large_attempt_count_does_not_expand_unbounded_positions (tests.test_inventory.InventoryTests.test_large_attempt_count_does_not_expand_unbounded_positions) ... ok
test_malformed_observation_retains_row_and_complete_count_uncertainty (tests.test_inventory.InventoryTests.test_malformed_observation_retains_row_and_complete_count_uncertainty) ... ok
test_missing_requested_sample_cannot_create_observation (tests.test_inventory.InventoryTests.test_missing_requested_sample_cannot_create_observation) ... ok
test_no_io_after_loading (tests.test_inventory.InventoryTests.test_no_io_after_loading) ... ok
test_original_storage_order_is_not_experimental_sequence (tests.test_inventory.InventoryTests.test_original_storage_order_is_not_experimental_sequence) ... ok
test_partial_explicit_order_is_unavailable (tests.test_inventory.InventoryTests.test_partial_explicit_order_is_unavailable) ... ok
test_plan_without_attempt_records_does_not_invent_attempts (tests.test_inventory.InventoryTests.test_plan_without_attempt_records_does_not_invent_attempts) ... ok
test_position_plan_mutations_have_controlled_diagnostics (tests.test_inventory.InventoryTests.test_position_plan_mutations_have_controlled_diagnostics) ... ok
test_primary_attempt_metadata_can_supply_plan (tests.test_inventory.InventoryTests.test_primary_attempt_metadata_can_supply_plan) ... ok
test_private_and_missing_text_do_not_zero_inventory (tests.test_inventory.InventoryTests.test_private_and_missing_text_do_not_zero_inventory) ... ok
test_protocol_mismatch_is_frame_error (tests.test_inventory.InventoryTests.test_protocol_mismatch_is_frame_error) ... ok
test_recorded_ordinals_can_supply_order (tests.test_inventory.InventoryTests.test_recorded_ordinals_can_supply_order) ... ok
test_repeated_bytes_with_distinct_positions_remain_observations (tests.test_inventory.InventoryTests.test_repeated_bytes_with_distinct_positions_remain_observations) ... ok
test_retry_is_preserved_without_adding_planned_slots (tests.test_inventory.InventoryTests.test_retry_is_preserved_without_adding_planned_slots) ... ok
test_same_attempt_position_cannot_count_twice_under_two_ids (tests.test_inventory.InventoryTests.test_same_attempt_position_cannot_count_twice_under_two_ids) ... ok
test_selecting_extra_output_cannot_extend_planned_budget (tests.test_inventory.InventoryTests.test_selecting_extra_output_cannot_extend_planned_budget) ... ok
test_unattempted_slot_is_not_an_invocation (tests.test_inventory.InventoryTests.test_unattempted_slot_is_not_an_invocation) ... ok
test_unknown_attempt_history_is_not_one_call_per_sample (tests.test_inventory.InventoryTests.test_unknown_attempt_history_is_not_one_call_per_sample) ... ok
test_unknown_cell_remains_unallocated (tests.test_inventory.InventoryTests.test_unknown_cell_remains_unallocated) ... ok
test_unknown_order_does_not_erase_selection (tests.test_inventory.InventoryTests.test_unknown_order_does_not_erase_selection) ... ok
test_unknown_selection_is_not_automatically_all (tests.test_inventory.InventoryTests.test_unknown_selection_is_not_automatically_all) ... ok
test_wrong_record_file_hash_cannot_supply_selected_identity (tests.test_inventory.InventoryTests.test_wrong_record_file_hash_cannot_supply_selected_identity) ... ok
test_bad_required_version_never_becomes_empty_success (tests.test_local_io.BundleTests.test_bad_required_version_never_becomes_empty_success) ... ok
test_empty_and_malformed_records_remain_distinct (tests.test_local_io.BundleTests.test_empty_and_malformed_records_remain_distinct) ... ok
test_external_and_unavailable_artifacts_are_inert (tests.test_local_io.BundleTests.test_external_and_unavailable_artifacts_are_inert) ... ok
test_hash_mismatch_is_scoped_and_keeps_expected_hash (tests.test_local_io.BundleTests.test_hash_mismatch_is_scoped_and_keeps_expected_hash) ... ok
test_line_limit_does_not_turn_suffix_into_next_row (tests.test_local_io.BundleTests.test_line_limit_does_not_turn_suffix_into_next_row) ... ok
test_malformed_line_does_not_erase_next_record (tests.test_local_io.BundleTests.test_malformed_line_does_not_erase_next_record) ... ok
test_only_declared_files_are_read (tests.test_local_io.BundleTests.test_only_declared_files_are_read) ... ok
test_read_order_does_not_become_scientific_order (tests.test_local_io.BundleTests.test_read_order_does_not_become_scientific_order) ... ok
test_record_file_hash_mismatch_preserves_inventory (tests.test_local_io.BundleTests.test_record_file_hash_mismatch_preserves_inventory) ... ok
test_record_limit_is_not_silent_sampling (tests.test_local_io.BundleTests.test_record_limit_is_not_silent_sampling) ... ok
test_sample_hash_uses_analyzed_bytes (tests.test_local_io.BundleTests.test_sample_hash_uses_analyzed_bytes) ... ok
test_source_pin_mismatch_does_not_trigger_retrieval (tests.test_local_io.BundleTests.test_source_pin_mismatch_does_not_trigger_retrieval) ... ok
test_wrong_file_role_preserves_raw_record (tests.test_local_io.BundleTests.test_wrong_file_role_preserves_raw_record) ... ok
test_change_during_read_is_detected (tests.test_local_io.SnapshotTests.test_change_during_read_is_detected) ... ok
test_directory_and_fifo_are_rejected_without_blocking (tests.test_local_io.SnapshotTests.test_directory_and_fifo_are_rejected_without_blocking) ... ok
test_file_and_total_byte_limits (tests.test_local_io.SnapshotTests.test_file_and_total_byte_limits) ... ok
test_internal_external_and_root_symlinks_are_rejected (tests.test_local_io.SnapshotTests.test_internal_external_and_root_symlinks_are_rejected) ... ok
test_path_grammar_rejects_remote_and_expansion (tests.test_local_io.SnapshotTests.test_path_grammar_rejects_remote_and_expansion) ... ok
test_snapshot_and_repeated_path_read (tests.test_local_io.SnapshotTests.test_snapshot_and_repeated_path_read) ... ok
test_snapshot_stays_stable_after_path_replacement (tests.test_local_io.SnapshotTests.test_snapshot_stays_stable_after_path_replacement) ... ok
test_unsupported_platform_has_no_unsafe_fallback (tests.test_local_io.SnapshotTests.test_unsupported_platform_has_no_unsafe_fallback) ... ok
test_bad_manifest_field_types_have_controlled_errors (tests.test_local_io.StrictJSONTests.test_bad_manifest_field_types_have_controlled_errors) ... ok
test_depth_bound_respects_strings (tests.test_local_io.StrictJSONTests.test_depth_bound_respects_strings) ... ok
test_duplicate_keys_and_escaped_aliases_fail (tests.test_local_io.StrictJSONTests.test_duplicate_keys_and_escaped_aliases_fail) ... ok
test_invalid_overrides_never_weaken_limits (tests.test_local_io.StrictJSONTests.test_invalid_overrides_never_weaken_limits) ... ok
test_large_finite_exponent_is_not_float_infinity (tests.test_local_io.StrictJSONTests.test_large_finite_exponent_is_not_float_infinity) ... ok
test_nonfinite_constants_fail (tests.test_local_io.StrictJSONTests.test_nonfinite_constants_fail) ... ok
test_number_length_and_file_limits (tests.test_local_io.StrictJSONTests.test_number_length_and_file_limits) ... ok
test_utf8_bom_surrogates_and_bad_syntax_fail (tests.test_local_io.StrictJSONTests.test_utf8_bom_surrogates_and_bad_syntax_fail) ... ok
test_effective_counts_differ (tests.test_metrics.Arithmetic.test_effective_counts_differ) ... ok
test_higher_precision_independent_check (tests.test_metrics.Arithmetic.test_higher_precision_independent_check) ... ok
test_one_class (tests.test_metrics.Arithmetic.test_one_class) ... ok
test_oracle_identity_and_role (tests.test_metrics.Arithmetic.test_oracle_identity_and_role) ... ok
test_sci_with_replacement (tests.test_metrics.Arithmetic.test_sci_with_replacement) ... ok
test_source_oracles (tests.test_metrics.Arithmetic.test_source_oracles) ... ok
test_units_and_scope (tests.test_metrics.Arithmetic.test_units_and_scope) ... ok
test_unrounded_derivation (tests.test_metrics.Arithmetic.test_unrounded_derivation) ... ok
test_zero_registry_entries (tests.test_metrics.Arithmetic.test_zero_registry_entries) ... ok
test_complete_arithmetic_not_complete_report (tests.test_metrics.Matrix.test_complete_arithmetic_not_complete_report) ... ok
test_explicit_test_bindings (tests.test_metrics.Matrix.test_explicit_test_bindings) ... ok
test_frozen_and_external_scopes (tests.test_metrics.Matrix.test_frozen_and_external_scopes) ... ok
test_history_and_actual_runner_step (tests.test_metrics.Matrix.test_history_and_actual_runner_step) ... ok
test_invalid_binding_class (tests.test_metrics.Matrix.test_invalid_binding_class) ... ok
test_non_m_update_forbidden (tests.test_metrics.Matrix.test_non_m_update_forbidden) ... ok
test_old_bindings_preserved (tests.test_metrics.Matrix.test_old_bindings_preserved) ... ok
test_624_small_tables (tests.test_metrics.Numerical.test_624_small_tables) ... ok
test_effective_order_failure (tests.test_metrics.Numerical.test_effective_order_failure) ... ok
test_exact_total (tests.test_metrics.Numerical.test_exact_total) ... ok
test_exp_failure_scoped (tests.test_metrics.Numerical.test_exp_failure_scoped) ... ok
test_immutable_results (tests.test_metrics.Numerical.test_immutable_results) ... ok
test_invalid_counts (tests.test_metrics.Numerical.test_invalid_counts) ... ok
test_log_failure_scoped (tests.test_metrics.Numerical.test_log_failure_scoped) ... ok
test_material_errors (tests.test_metrics.Numerical.test_material_errors) ... ok
test_no_deferred_estimators (tests.test_metrics.Numerical.test_no_deferred_estimators) ... ok
test_normalization_failure (tests.test_metrics.Numerical.test_normalization_failure) ... ok
test_renaming_and_order (tests.test_metrics.Numerical.test_renaming_and_order) ... ok
test_resource_limits (tests.test_metrics.Numerical.test_resource_limits) ... ok
test_signed_zero (tests.test_metrics.Numerical.test_signed_zero) ... ok
test_tiny_boundary_record (tests.test_metrics.Numerical.test_tiny_boundary_record) ... ok
test_tolerance_sum (tests.test_metrics.Numerical.test_tolerance_sum) ... ok
test_underflow_preserves_exact_support (tests.test_metrics.Numerical.test_underflow_preserves_exact_support) ... ok
test_uniform_scaling (tests.test_metrics.Numerical.test_uniform_scaling) ... ok
test_all_invalid (tests.test_metrics.Populations.test_all_invalid) ... ok
test_ambiguous_ids (tests.test_metrics.Populations.test_ambiguous_ids) ... ok
test_bad_component_types (tests.test_metrics.Populations.test_bad_component_types) ... ok
test_empty_selection (tests.test_metrics.Populations.test_empty_selection) ... ok
test_frame_failure (tests.test_metrics.Populations.test_frame_failure) ... ok
test_independence_only_withdrawal (tests.test_metrics.Populations.test_independence_only_withdrawal) ... ok
test_local_evidence_failure (tests.test_metrics.Populations.test_local_evidence_failure) ... ok
test_malformed_threshold_is_component_specific (tests.test_metrics.Populations.test_malformed_threshold_is_component_specific) ... ok
test_mf07_views_and_ratios (tests.test_metrics.Populations.test_mf07_views_and_ratios) ... ok
test_no_hero_program_or_report_created (tests.test_metrics.Populations.test_no_hero_program_or_report_created) ... ok
test_passive_arithmetic (tests.test_metrics.Populations.test_passive_arithmetic) ... ok
test_population_conservation (tests.test_metrics.Populations.test_population_conservation) ... ok
test_population_duplicate_ids (tests.test_metrics.Populations.test_population_duplicate_ids) ... ok
test_unclassified (tests.test_metrics.Populations.test_unclassified) ... ok
test_unknown_checkpoint (tests.test_metrics.Populations.test_unknown_checkpoint) ... ok
test_hero_count_projection (tests.test_metrics.Prefixes.test_hero_count_projection) ... ok
test_hero_invalid_projection (tests.test_metrics.Prefixes.test_hero_invalid_projection) ... ok
test_hero_missing_intended_slot (tests.test_metrics.Prefixes.test_hero_missing_intended_slot) ... ok
test_k_states (tests.test_metrics.Prefixes.test_k_states) ... ok
test_mf10 (tests.test_metrics.Prefixes.test_mf10) ... ok
test_missing_order (tests.test_metrics.Prefixes.test_missing_order) ... ok
test_monotone_accumulation (tests.test_metrics.Prefixes.test_monotone_accumulation) ... ok
test_partial_group (tests.test_metrics.Prefixes.test_partial_group) ... ok
test_prefix_conservation (tests.test_metrics.Prefixes.test_prefix_conservation) ... ok
test_real_order_change (tests.test_metrics.Prefixes.test_real_order_change) ... ok
test_revision_preserves_old_result (tests.test_metrics.Prefixes.test_revision_preserves_old_result) ... ok
test_storage_order_invariant (tests.test_metrics.Prefixes.test_storage_order_invariant) ... ok
test_zero_vs_missing_prefix (tests.test_metrics.Prefixes.test_zero_vs_missing_prefix) ... ok
test_beyond_float_boundary (tests.test_metrics.Thresholds.test_beyond_float_boundary) ... ok
test_empty_requested (tests.test_metrics.Thresholds.test_empty_requested) ... ok
test_invalid_empty (tests.test_metrics.Thresholds.test_invalid_empty) ... ok
test_invalid_values (tests.test_metrics.Thresholds.test_invalid_values) ... ok
test_large_integer_equality (tests.test_metrics.Thresholds.test_large_integer_equality) ... ok
test_large_negative_exponent (tests.test_metrics.Thresholds.test_large_negative_exponent) ... ok
test_lexemes_and_origins (tests.test_metrics.Thresholds.test_lexemes_and_origins) ... ok
test_no_renormalization (tests.test_metrics.Thresholds.test_no_renormalization) ... ok
test_omitted_vs_null (tests.test_metrics.Thresholds.test_omitted_vs_null) ... ok
test_one_threshold_spellings (tests.test_metrics.Thresholds.test_one_threshold_spellings) ... ok
test_other_metrics_unchanged (tests.test_metrics.Thresholds.test_other_metrics_unchanged) ... ok
test_revalidate_token_object (tests.test_metrics.Thresholds.test_revalidate_token_object) ... ok
test_source_thresholds (tests.test_metrics.Thresholds.test_source_thresholds) ... ok
test_token_limit (tests.test_metrics.Thresholds.test_token_limit) ... ok
test_zero_never_passes (tests.test_metrics.Thresholds.test_zero_never_passes) ... ok
test_duplicate_record_is_error_not_a_second_observation (tests.test_pipeline.AdversePipelineTests.test_duplicate_record_is_error_not_a_second_observation) ... ok
test_empty_selected_inventory_has_zero_support_and_undefined_entropy (tests.test_pipeline.AdversePipelineTests.test_empty_selected_inventory_has_zero_support_and_undefined_entropy) ... ok
test_four_sample_evidence_correction_exact_sequence (tests.test_pipeline.AdversePipelineTests.test_four_sample_evidence_correction_exact_sequence) ... ok
test_hash_mismatch_is_not_repaired_by_pipeline (tests.test_pipeline.AdversePipelineTests.test_hash_mismatch_is_not_repaired_by_pipeline) ... ok
test_independence_only_correction_does_not_erase_supported_counts (tests.test_pipeline.AdversePipelineTests.test_independence_only_correction_does_not_erase_supported_counts) ... ok
test_invalid_threshold_is_contract_failure_not_zero (tests.test_pipeline.AdversePipelineTests.test_invalid_threshold_is_contract_failure_not_zero) ... ok
test_malformed_analysis_object_retains_safe_error_report (tests.test_pipeline.AdversePipelineTests.test_malformed_analysis_object_retains_safe_error_report) ... ok
test_malformed_manifest_is_error_not_empty_success (tests.test_pipeline.AdversePipelineTests.test_malformed_manifest_is_error_not_empty_success) ... ok
test_missing_shared_frame_withholds_distribution_keeps_inventory (tests.test_pipeline.AdversePipelineTests.test_missing_shared_frame_withholds_distribution_keeps_inventory) ... ok
test_mock_imported_adjudication_uses_same_pipeline (tests.test_pipeline.AdversePipelineTests.test_mock_imported_adjudication_uses_same_pipeline) ... ok
test_nonempty_unclassified_inventory_is_not_empty_study (tests.test_pipeline.AdversePipelineTests.test_nonempty_unclassified_inventory_is_not_empty_study) ... ok
test_omitted_threshold_keeps_not_requested (tests.test_pipeline.AdversePipelineTests.test_omitted_threshold_keeps_not_requested) ... ok
test_unknown_model_identity_does_not_destroy_arithmetic (tests.test_pipeline.AdversePipelineTests.test_unknown_model_identity_does_not_destroy_arithmetic) ... ok
test_unknown_prefix_mode_not_guessed_into_success (tests.test_pipeline.AdversePipelineTests.test_unknown_prefix_mode_not_guessed_into_success) ... ok
test_analyze_command_publishes_three_files (tests.test_pipeline.CommandIntegrationTests.test_analyze_command_publishes_three_files) ... ok
test_analyze_refuses_existing_output (tests.test_pipeline.CommandIntegrationTests.test_analyze_refuses_existing_output) ... ok
test_contract_error_report_can_be_written_without_success_claim (tests.test_pipeline.CommandIntegrationTests.test_contract_error_report_can_be_written_without_success_claim) ... ok
test_internal_failure_returns_three_without_traceback (tests.test_pipeline.CommandIntegrationTests.test_internal_failure_returns_three_without_traceback) ... ok
test_invalid_input_has_exit_two_and_safe_diagnostics (tests.test_pipeline.CommandIntegrationTests.test_invalid_input_has_exit_two_and_safe_diagnostics) ... ok
test_missing_arguments_do_not_echo_sensitive_paths (tests.test_pipeline.CommandIntegrationTests.test_missing_arguments_do_not_echo_sensitive_paths) ... ok
test_unimplemented_commands_remain_errors (tests.test_pipeline.CommandIntegrationTests.test_unimplemented_commands_remain_errors) ... ok
test_validate_command_success_and_no_writes (tests.test_pipeline.CommandIntegrationTests.test_validate_command_success_and_no_writes) ... ok
test_explicit_run_identity_changes_metadata_not_metrics (tests.test_pipeline.HeroPipelineTests.test_explicit_run_identity_changes_metadata_not_metrics) ... ok
test_hf00_materialization_matches_pinned_original (tests.test_pipeline.HeroPipelineTests.test_hf00_materialization_matches_pinned_original) ... ok
test_hf00_original_twenty_record_workflow (tests.test_pipeline.HeroPipelineTests.test_hf00_original_twenty_record_workflow) ... ok
test_hf01_invalid_but_classifiable (tests.test_pipeline.HeroPipelineTests.test_hf01_invalid_but_classifiable) ... ok
test_hf02_unresolved_class_keeps_validity (tests.test_pipeline.HeroPipelineTests.test_hf02_unresolved_class_keeps_validity) ... ok
test_hf03_provisional_label_has_distinct_reason (tests.test_pipeline.HeroPipelineTests.test_hf03_provisional_label_has_distinct_reason) ... ok
test_hf04_missing_evidence_is_local_limit (tests.test_pipeline.HeroPipelineTests.test_hf04_missing_evidence_is_local_limit) ... ok
test_hf05_missing_position_is_not_backfilled (tests.test_pipeline.HeroPipelineTests.test_hf05_missing_position_is_not_backfilled) ... ok
test_hf06_new_assignment_preserves_old_identity (tests.test_pipeline.HeroPipelineTests.test_hf06_new_assignment_preserves_old_identity) ... ok
test_input_changes_get_new_fingerprint_without_overwriting_old_report (tests.test_pipeline.HeroPipelineTests.test_input_changes_get_new_fingerprint_without_overwriting_old_report) ... ok
test_invalid_run_identity_and_naive_time_rejected (tests.test_pipeline.HeroPipelineTests.test_invalid_run_identity_and_naive_time_rejected) ... ok
test_materializer_refuses_unregistered_variant (tests.test_pipeline.HeroPipelineTests.test_materializer_refuses_unregistered_variant) ... ok
test_pinned_base_remains_byte_identical_after_all_variants (tests.test_pipeline.HeroPipelineTests.test_pinned_base_remains_byte_identical_after_all_variants) ... ok
test_program_text_and_generation_cost_are_never_invented (tests.test_pipeline.HeroPipelineTests.test_program_text_and_generation_cost_are_never_invented) ... ok
test_replay_canonical_reports_and_manifest_time (tests.test_pipeline.HeroPipelineTests.test_replay_canonical_reports_and_manifest_time) ... ok
test_report_hashes_identify_actual_written_bytes (tests.test_pipeline.HeroPipelineTests.test_report_hashes_identify_actual_written_bytes) ... ok
test_validate_has_no_metric_calculation (tests.test_pipeline.HeroPipelineTests.test_validate_has_no_metric_calculation) ... ok
test_complete_staging_precedes_atomic_publish (tests.test_pipeline.OutputTransactionTests.test_complete_staging_precedes_atomic_publish) ... ok
test_existing_file_and_empty_directory_are_not_replaced (tests.test_pipeline.OutputTransactionTests.test_existing_file_and_empty_directory_are_not_replaced) ... ok
test_interrupted_write_cleans_staging (tests.test_pipeline.OutputTransactionTests.test_interrupted_write_cleans_staging) ... ok
test_missing_parent_does_not_create_an_implicit_tree (tests.test_pipeline.OutputTransactionTests.test_missing_parent_does_not_create_an_implicit_tree) ... ok
test_only_fixed_three_filenames_are_allowed (tests.test_pipeline.OutputTransactionTests.test_only_fixed_three_filenames_are_allowed) ... ok
test_output_inside_input_is_rejected (tests.test_pipeline.OutputTransactionTests.test_output_inside_input_is_rejected) ... ok
test_output_symlink_and_symlink_parent_are_rejected (tests.test_pipeline.OutputTransactionTests.test_output_symlink_and_symlink_parent_are_rejected) ... ok
test_private_permissions_do_not_depend_on_umask (tests.test_pipeline.OutputTransactionTests.test_private_permissions_do_not_depend_on_umask) ... ok
test_publishes_exact_complete_set (tests.test_pipeline.OutputTransactionTests.test_publishes_exact_complete_set) ... ok
test_racing_target_is_preserved_and_staging_cleaned (tests.test_pipeline.OutputTransactionTests.test_racing_target_is_preserved_and_staging_cleaned) ... ok
test_remote_expanding_and_traversing_output_paths_are_rejected (tests.test_pipeline.OutputTransactionTests.test_remote_expanding_and_traversing_output_paths_are_rejected) ... ok
test_short_writes_are_retried_without_truncation (tests.test_pipeline.OutputTransactionTests.test_short_writes_are_retried_without_truncation) ... ok
test_unsupported_atomic_operation_has_no_overwrite_fallback (tests.test_pipeline.OutputTransactionTests.test_unsupported_atomic_operation_has_no_overwrite_fallback) ... ok
test_zero_length_write_is_failure_and_cleanup (tests.test_pipeline.OutputTransactionTests.test_zero_length_write_is_failure_and_cleanup) ... ok
test_external_locator_remains_inert_and_private_in_report (tests.test_pipeline.PipelineBoundaryTests.test_external_locator_remains_inert_and_private_in_report) ... ok
test_full_pipeline_never_runs_candidate_or_fetches_remote (tests.test_pipeline.PipelineBoundaryTests.test_full_pipeline_never_runs_candidate_or_fetches_remote) ... ok
test_serialization_failure_never_creates_output (tests.test_pipeline.PipelineBoundaryTests.test_serialization_failure_never_creates_output) ... ok
test_validate_does_not_write_any_inputs (tests.test_pipeline.PipelineBoundaryTests.test_validate_does_not_write_any_inputs) ... ok
test_complete_mock_gate_is_M_only_and_not_final_approval (tests.test_pipeline.Step7GateTests.test_complete_mock_gate_is_M_only_and_not_final_approval) ... ok
test_ec_scope_cannot_be_promoted_to_empirical_evidence (tests.test_pipeline.Step7GateTests.test_ec_scope_cannot_be_promoted_to_empirical_evidence) ... ok
test_missing_ec_binding_cannot_pass_full_gate (tests.test_pipeline.Step7GateTests.test_missing_ec_binding_cannot_pass_full_gate) ... ok
test_nonpassing_ec_binding_cannot_be_overridden (tests.test_pipeline.Step7GateTests.test_nonpassing_ec_binding_cannot_be_overridden) ... ok
test_test_records_have_expected_actual_scope_and_no_E_claim (tests.test_pipeline.Step7GateTests.test_test_records_have_expected_actual_scope_and_no_E_claim) ... ok
test_all_36_report_groups_have_explicit_paths (tests.test_pipeline.Step7ReportIntegration.test_all_36_report_groups_have_explicit_paths) ... ok
test_all_deferred_prerequisites_visible_without_estimator (tests.test_pipeline.Step7ReportIntegration.test_all_deferred_prerequisites_visible_without_estimator) ... ok
test_correction_dependencies_identify_both_views_without_resampling (tests.test_pipeline.Step7ReportIntegration.test_correction_dependencies_identify_both_views_without_resampling) ... ok
test_domain_coverage_details_are_visible_and_fixture_stays_fixture (tests.test_pipeline.Step7ReportIntegration.test_domain_coverage_details_are_visible_and_fixture_stays_fixture) ... ok
test_empty_then_received_and_acted_intake_never_adds_samples (tests.test_pipeline.Step7ReportIntegration.test_empty_then_received_and_acted_intake_never_adds_samples) ... ok
test_every_m_metric_retains_denominator_status_and_source_scope (tests.test_pipeline.Step7ReportIntegration.test_every_m_metric_retains_denominator_status_and_source_scope) ... ok
test_metadata_time_never_changes_content_or_creates_observation (tests.test_pipeline.Step7ReportIntegration.test_metadata_time_never_changes_content_or_creates_observation) ... ok
test_registered_sources_and_original_fixture_hashes_still_match (tests.test_pipeline.Step7ReportIntegration.test_registered_sources_and_original_fixture_hashes_still_match) ... ok
test_relocated_input_replays_all_canonical_content (tests.test_pipeline.Step7ReportIntegration.test_relocated_input_replays_all_canonical_content) ... ok
test_shared_schema_challenge_affects_all_its_cells_not_other_frames (tests.test_pipeline.Step7ReportIntegration.test_shared_schema_challenge_affects_all_its_cells_not_other_frames) ... ok
test_typed_lineage_exposure_and_annotation_survive_redaction (tests.test_pipeline.Step7ReportIntegration.test_typed_lineage_exposure_and_annotation_survive_redaction) ... ok
test_actual_empty_input_has_no_invented_observations (tests.test_populations.AdversePopulationTests.test_actual_empty_input_has_no_invented_observations) ... ok
test_association_error_withholds_both_affected_axes_without_deleting_sample (tests.test_populations.AdversePopulationTests.test_association_error_withholds_both_affected_axes_without_deleting_sample) ... ok
test_later_unrecorded_attempt_does_not_block_first_hero_endpoint (tests.test_populations.AdversePopulationTests.test_later_unrecorded_attempt_does_not_block_first_hero_endpoint) ... ok
test_local_failed_adjudication_never_withholds_entire_population (tests.test_populations.AdversePopulationTests.test_local_failed_adjudication_never_withholds_entire_population) ... ok
test_missing_text_is_not_automatic_missing_artifact_identity (tests.test_populations.AdversePopulationTests.test_missing_text_is_not_automatic_missing_artifact_identity) ... ok
test_public_surface_stops_before_metrics_and_comparisons (tests.test_populations.AdversePopulationTests.test_public_surface_stops_before_metrics_and_comparisons) ... ok
test_reference_registry_and_incident_never_add_model_samples (tests.test_populations.AdversePopulationTests.test_reference_registry_and_incident_never_add_model_samples) ... ok
test_repeated_call_without_new_identity_never_adds_sample (tests.test_populations.AdversePopulationTests.test_repeated_call_without_new_identity_never_adds_sample) ... ok
test_empty_classified_complete_twenty_is_legitimate_zero (tests.test_populations.HeroEndpointTests.test_empty_classified_complete_twenty_is_legitimate_zero) ... ok
test_group_plan_cannot_be_inferred_from_twenty_rows (tests.test_populations.HeroEndpointTests.test_group_plan_cannot_be_inferred_from_twenty_rows) ... ok
test_hero_membership_5_10_20_matches_frozen_design (tests.test_populations.HeroEndpointTests.test_hero_membership_5_10_20_matches_frozen_design) ... ok
test_last_group_failure_does_not_erase_earlier_endpoint (tests.test_populations.HeroEndpointTests.test_last_group_failure_does_not_erase_earlier_endpoint) ... ok
test_missing_g2_p5_allows_descriptive_but_not_matched_prefix (tests.test_populations.HeroEndpointTests.test_missing_g2_p5_allows_descriptive_but_not_matched_prefix) ... ok
test_same_group_records_are_not_independent_draws (tests.test_populations.HeroEndpointTests.test_same_group_records_are_not_independent_draws) ... ok
test_supplementary_single_candidate_k_is_not_hero_endpoint (tests.test_populations.HeroEndpointTests.test_supplementary_single_candidate_k_is_not_hero_endpoint) ... ok
test_unclassified_position_is_kept_without_replacement (tests.test_populations.HeroEndpointTests.test_unclassified_position_is_kept_without_replacement) ... ok
test_wrong_primary_attempt_blocks_matching_group (tests.test_populations.HeroEndpointTests.test_wrong_primary_attempt_blocks_matching_group) ... ok
test_all_invalid_can_still_have_structural_population (tests.test_populations.PopulationTests.test_all_invalid_can_still_have_structural_population) ... ok
test_axes_overlap_and_each_reconciles_to_selected_inventory (tests.test_populations.PopulationTests.test_axes_overlap_and_each_reconciles_to_selected_inventory) ... ok
test_conflicting_pin_is_local (tests.test_populations.PopulationTests.test_conflicting_pin_is_local) ... ok
test_independence_only_correction_preserves_counts (tests.test_populations.PopulationTests.test_independence_only_correction_preserves_counts) ... ok
test_inputs_remain_unchanged_and_results_are_immutable (tests.test_populations.PopulationTests.test_inputs_remain_unchanged_and_results_are_immutable) ... ok
test_known_empty_selection_has_undefined_ratios (tests.test_populations.PopulationTests.test_known_empty_selection_has_undefined_ratios) ... ok
test_mf07_all_five_ratios_keep_unreduced_accounting (tests.test_populations.PopulationTests.test_mf07_all_five_ratios_keep_unreduced_accounting) ... ok
test_mf07_exact_memberships (tests.test_populations.PopulationTests.test_mf07_exact_memberships) ... ok
test_missing_assignment_pin_has_no_latest_fallback (tests.test_populations.PopulationTests.test_missing_assignment_pin_has_no_latest_fallback) ... ok
test_missing_essential_class_evidence_preserves_other_samples (tests.test_populations.PopulationTests.test_missing_essential_class_evidence_preserves_other_samples) ... ok
test_missing_text_does_not_become_zero_coverage (tests.test_populations.PopulationTests.test_missing_text_does_not_become_zero_coverage) ... ok
test_missing_validity_does_not_become_invalid (tests.test_populations.PopulationTests.test_missing_validity_does_not_become_invalid) ... ok
test_no_io_or_model_calls_in_population_pass (tests.test_populations.PopulationTests.test_no_io_or_model_calls_in_population_pass) ... ok
test_old_and_corrected_populations_keep_sample_identity (tests.test_populations.PopulationTests.test_old_and_corrected_populations_keep_sample_identity) ... ok
test_one_class_is_distinct_from_no_class (tests.test_populations.PopulationTests.test_one_class_is_distinct_from_no_class) ... ok
test_other_cell_survives_malformed_frame_and_no_pooling (tests.test_populations.PopulationTests.test_other_cell_survives_malformed_frame_and_no_pooling) ... ok
test_registry_zeros_remain_and_never_add_observations (tests.test_populations.PopulationTests.test_registry_zeros_remain_and_never_add_observations) ... ok
test_renaming_supported_class_ids_preserves_population_counts (tests.test_populations.PopulationTests.test_renaming_supported_class_ids_preserves_population_counts) ... ok
test_schema_correction_scopes_class_and_validity_separately (tests.test_populations.PopulationTests.test_schema_correction_scopes_class_and_validity_separately) ... ok
test_shared_schema_failure_is_unavailable_not_zero_classes (tests.test_populations.PopulationTests.test_shared_schema_failure_is_unavailable_not_zero_classes) ... ok
test_unknown_order_leaves_whole_cell_population_available (tests.test_populations.PopulationTests.test_unknown_order_leaves_whole_cell_population_available) ... ok
test_unknown_selection_is_unavailable_not_empty (tests.test_populations.PopulationTests.test_unknown_selection_is_unavailable_not_empty) ... ok
test_validity_does_not_fill_unresolved_or_provisional_class (tests.test_populations.PopulationTests.test_validity_does_not_fill_unresolved_or_provisional_class) ... ok
test_wholly_unclassified_selection_remains_known_zero (tests.test_populations.PopulationTests.test_wholly_unclassified_selection_remains_known_zero) ... ok
test_accumulation_monotonicity_on_fixed_assignments (tests.test_populations.PrefixTests.test_accumulation_monotonicity_on_fixed_assignments) ... ok
test_actual_order_change_may_change_prefix (tests.test_populations.PrefixTests.test_actual_order_change_may_change_prefix) ... ok
test_available_unclassified_prefix_has_count_zero (tests.test_populations.PrefixTests.test_available_unclassified_prefix_has_count_zero) ... ok
test_grid_preserved_and_not_sorted_after_results (tests.test_populations.PrefixTests.test_grid_preserved_and_not_sorted_after_results) ... ok
test_invalid_and_omitted_k_have_distinct_outcomes (tests.test_populations.PrefixTests.test_invalid_and_omitted_k_have_distinct_outcomes) ... ok
test_invalid_or_unresolved_positions_are_not_backfilled (tests.test_populations.PrefixTests.test_invalid_or_unresolved_positions_are_not_backfilled) ... ok
test_invalid_view_and_mode_fail_explicitly (tests.test_populations.PrefixTests.test_invalid_view_and_mode_fail_explicitly) ... ok
test_mf10_exact_prefix_oracles (tests.test_populations.PrefixTests.test_mf10_exact_prefix_oracles) ... ok
test_partial_group_flag_is_descriptive_only (tests.test_populations.PrefixTests.test_partial_group_flag_is_descriptive_only) ... ok
test_storage_order_change_cannot_change_prefix (tests.test_populations.PrefixTests.test_storage_order_change_cannot_change_prefix) ... ok
test_prior_requirement_and_source_identities_remain_intact (tests.test_populations.Step4MatrixTests.test_prior_requirement_and_source_identities_remain_intact) ... ok
test_step4_progress_and_bindings_cover_executed_methods (tests.test_populations.Step4MatrixTests.test_step4_progress_and_bindings_cover_executed_methods) ... ok
test_mismatched_row_reference_cannot_redirect_requirement (tests.test_records.CatalogueReferenceTests.test_mismatched_row_reference_cannot_redirect_requirement) ... ok
test_modified_source_is_rejected_before_catalogue_expansion (tests.test_records.CatalogueReferenceTests.test_modified_source_is_rejected_before_catalogue_expansion) ... ok
test_duplicate_id_including_bad_record_is_ambiguous (tests.test_records.IdentityTests.test_duplicate_id_including_bad_record_is_ambiguous) ... ok
test_explicit_revisions_and_conflicting_pins (tests.test_records.IdentityTests.test_explicit_revisions_and_conflicting_pins) ... ok
test_identical_content_with_distinct_ids_is_not_deduplicated (tests.test_records.IdentityTests.test_identical_content_with_distinct_ids_is_not_deduplicated) ... ok
test_missing_reference_keeps_other_records (tests.test_records.IdentityTests.test_missing_reference_keeps_other_records) ... ok
test_unallocated_sample_is_retained (tests.test_records.IdentityTests.test_unallocated_sample_is_retained) ... ok
test_wrong_protocol_version_is_diagnosed (tests.test_records.IdentityTests.test_wrong_protocol_version_is_diagnosed) ... ok
test_declaration_limit_is_explicit (tests.test_records.InputBoundaryReviewTests.test_declaration_limit_is_explicit) ... ok
test_duplicate_source_pins_and_wrong_registry_reference_fail (tests.test_records.InputBoundaryReviewTests.test_duplicate_source_pins_and_wrong_registry_reference_fail) ... ok
test_nested_ref_shaped_metadata_does_not_crash (tests.test_records.InputBoundaryReviewTests.test_nested_ref_shaped_metadata_does_not_crash) ... ok
test_unsupported_kind_cannot_leak_into_identity_diagnostics (tests.test_records.InputBoundaryReviewTests.test_unsupported_kind_cannot_leak_into_identity_diagnostics) ... ok
test_axes_cannot_be_substituted (tests.test_records.KnowledgeTests.test_axes_cannot_be_substituted) ... ok
test_bad_tagged_values_have_safe_failures (tests.test_records.KnowledgeTests.test_bad_tagged_values_have_safe_failures) ... ok
test_knowledge_freezes_caller_owned_data (tests.test_records.KnowledgeTests.test_knowledge_freezes_caller_owned_data) ... ok
test_known_zero_false_empty_and_null_are_retained (tests.test_records.KnowledgeTests.test_known_zero_false_empty_and_null_are_retained) ... ok
test_missing_value_and_contradictory_knowledge_fail (tests.test_records.KnowledgeTests.test_missing_value_and_contradictory_knowledge_fail) ... ok
test_unknown_unavailable_and_not_applicable_are_distinct (tests.test_records.KnowledgeTests.test_unknown_unavailable_and_not_applicable_are_distinct) ... ok
test_bad_manifest_and_duplicate_files_fail (tests.test_records.ManifestTests.test_bad_manifest_and_duplicate_files_fail) ... ok
test_exact_decimal_string_and_number_tokens (tests.test_records.ManifestTests.test_exact_decimal_string_and_number_tokens) ... ok
test_incompatible_frame_version_is_not_empty_data (tests.test_records.ManifestTests.test_incompatible_frame_version_is_not_empty_data) ... ok
test_invalid_thresholds_and_k_are_scoped (tests.test_records.ManifestTests.test_invalid_thresholds_and_k_are_scoped) ... ok
test_minimal_manifest_has_no_default_controls (tests.test_records.ManifestTests.test_minimal_manifest_has_no_default_controls) ... ok
test_missing_frame_does_not_erase_other_frame (tests.test_records.ManifestTests.test_missing_frame_does_not_erase_other_frame) ... ok
test_source_and_ec_addendum_pins_match (tests.test_records.ManifestTests.test_source_and_ec_addendum_pins_match) ... ok
test_assigned_without_class_is_rejected (tests.test_records.RecordShapeTests.test_assigned_without_class_is_rejected) ... ok
test_assignment_states_preserve_review_and_candidates (tests.test_records.RecordShapeTests.test_assignment_states_preserve_review_and_candidates) ... ok
test_class_on_unresolved_is_rejected (tests.test_records.RecordShapeTests.test_class_on_unresolved_is_rejected) ... ok
test_counts_reject_booleans_and_nonintegers (tests.test_records.RecordShapeTests.test_counts_reject_booleans_and_nonintegers) ... ok
test_evidence_payload_is_envelope_only (tests.test_records.RecordShapeTests.test_evidence_payload_is_envelope_only) ... ok
test_hostile_payload_is_preserved_not_interpreted (tests.test_records.RecordShapeTests.test_hostile_payload_is_preserved_not_interpreted) ... ok
test_malformed_and_alias_ids_fail_without_echoing_content (tests.test_records.RecordShapeTests.test_malformed_and_alias_ids_fail_without_echoing_content) ... ok
test_missing_optional_data_stays_absent (tests.test_records.RecordShapeTests.test_missing_optional_data_stays_absent) ... ok
test_unsupported_version_kind_and_fields_preserve_raw (tests.test_records.RecordShapeTests.test_unsupported_version_kind_and_fields_preserve_raw) ... ok
test_validity_is_separate_and_not_inferred (tests.test_records.RecordShapeTests.test_validity_is_separate_and_not_inferred) ... ok
test_named_negative_cases_are_fixture_only (tests.test_records.RegistryTests.test_named_negative_cases_are_fixture_only) ... ok
test_registry_is_definition_not_model_samples (tests.test_records.RegistryTests.test_registry_is_definition_not_model_samples) ... ok
test_registry_is_exact_transcription_with_no_validation_claim (tests.test_records.RegistryTests.test_registry_is_exact_transcription_with_no_validation_claim) ... ok
test_additive_source_history_preserves_baseline_authorization (tests.test_records.Step2MatrixTests.test_additive_source_history_preserves_baseline_authorization) ... ok
test_catalogue_binds_actual_input_tests (tests.test_records.Step2MatrixTests.test_catalogue_binds_actual_input_tests) ... ok
test_partial_input_bindings_do_not_close_vt_or_evidence (tests.test_records.Step2MatrixTests.test_partial_input_bindings_do_not_close_vt_or_evidence) ... ok
test_all_ten_ec_disclosures_and_unknown_expiry_visible (tests.test_reporting.ReportTests.test_all_ten_ec_disclosures_and_unknown_expiry_visible) ... ok
test_all_v_and_d_results_are_null_with_explicit_status (tests.test_reporting.ReportTests.test_all_v_and_d_results_are_null_with_explicit_status) ... ok
test_canonical_dictionary_order_invariance (tests.test_reporting.ReportTests.test_canonical_dictionary_order_invariance) ... ok
test_control_characters_links_html_and_pipes_are_inert (tests.test_reporting.ReportTests.test_control_characters_links_html_and_pipes_are_inert) ... ok
test_every_scalar_value_unit_status_and_reason_survives_markdown (tests.test_reporting.ReportTests.test_every_scalar_value_unit_status_and_reason_survives_markdown) ... ok
test_evidence_limitations_precede_numeric_results (tests.test_reporting.ReportTests.test_evidence_limitations_precede_numeric_results) ... ok
test_five_conjunctive_conditions_visible (tests.test_reporting.ReportTests.test_five_conjunctive_conditions_visible) ... ok
test_held_evidence_prose_and_task_metadata_not_copied (tests.test_reporting.ReportTests.test_held_evidence_prose_and_task_metadata_not_copied) ... ok
test_json_and_markdown_consume_identical_tree (tests.test_reporting.ReportTests.test_json_and_markdown_consume_identical_tree) ... ok
test_json_keeps_unrounded_float (tests.test_reporting.ReportTests.test_json_keeps_unrounded_float) ... ok
test_missing_required_section_fails_serialization (tests.test_reporting.ReportTests.test_missing_required_section_fails_serialization) ... ok
test_no_empirical_support_or_score_fabricated (tests.test_reporting.ReportTests.test_no_empirical_support_or_score_fabricated) ... ok
test_nonfinite_results_cannot_be_serialized (tests.test_reporting.ReportTests.test_nonfinite_results_cannot_be_serialized) ... ok
test_pinned_input_hashes_do_not_claim_program_hashes (tests.test_reporting.ReportTests.test_pinned_input_hashes_do_not_claim_program_hashes) ... ok
test_private_root_absent_from_all_outputs (tests.test_reporting.ReportTests.test_private_root_absent_from_all_outputs) ... ok
test_reanalysis_and_v_dependents_remain_separate (tests.test_reporting.ReportTests.test_reanalysis_and_v_dependents_remain_separate) ... ok
test_required_section_order (tests.test_reporting.ReportTests.test_required_section_order) ... ok
test_scoped_ids_retained_without_private_person_mappings (tests.test_reporting.ReportTests.test_scoped_ids_retained_without_private_person_mappings) ... ok
test_source_lineage_pins_and_transform_references_retained (tests.test_reporting.ReportTests.test_source_lineage_pins_and_transform_references_retained) ... ok
test_unknown_unavailable_and_inapplicable_retain_distinction (tests.test_reporting.ReportTests.test_unknown_unavailable_and_inapplicable_retain_distinction) ... ok
test_zero_count_registry_classes_are_visible (tests.test_reporting.ReportTests.test_zero_count_registry_classes_are_visible) ... ok
test_zero_false_and_known_null_are_not_unknown (tests.test_reporting.ReportTests.test_zero_false_and_known_null_are_not_unknown) ... ok
test_actual_output_hash_is_preserved_while_body_is_withheld (tests.test_reporting.SourceAssociationDisclosureTests.test_actual_output_hash_is_preserved_while_body_is_withheld) ... ok
test_all_54_scope_dispositions_and_37_m_families (tests.test_scaffold.BaselineTests.test_all_54_scope_dispositions_and_37_m_families) ... ok
test_all_baseline_hashes_match (tests.test_scaffold.BaselineTests.test_all_baseline_hashes_match) ... ok
test_expected_hashes_match_plan_appendix (tests.test_scaffold.BaselineTests.test_expected_hashes_match_plan_appendix) ... ok
test_matrix_preserves_report_catalogue (tests.test_scaffold.BaselineTests.test_matrix_preserves_report_catalogue) ... ok
test_matrix_preserves_trace_catalogue (tests.test_scaffold.BaselineTests.test_matrix_preserves_trace_catalogue) ... ok
test_matrix_preserves_vf_catalogue (tests.test_scaffold.BaselineTests.test_matrix_preserves_vf_catalogue) ... ok
test_matrix_validation (tests.test_scaffold.BaselineTests.test_matrix_validation) ... ok
test_readme_scope_is_explicit (tests.test_scaffold.BaselineTests.test_readme_scope_is_explicit) ... ok
test_forbidden_commands_are_rejected (tests.test_scaffold.CommandTests.test_forbidden_commands_are_rejected) ... ok
test_help (tests.test_scaffold.CommandTests.test_help) ... ok
test_no_arguments_show_help (tests.test_scaffold.CommandTests.test_no_arguments_show_help) ... ok
test_runtime_help_and_version_do_not_use_network_or_child_processes (tests.test_scaffold.CommandTests.test_runtime_help_and_version_do_not_use_network_or_child_processes) ... ok
test_trusted_helper_rejects_arbitrary_commands (tests.test_scaffold.CommandTests.test_trusted_helper_rejects_arbitrary_commands) ... ok
test_unknown_option_is_error (tests.test_scaffold.CommandTests.test_unknown_option_is_error) ... ok
test_validate_and_analyze_require_input_or_are_unavailable (tests.test_scaffold.CommandTests.test_validate_and_analyze_require_input_or_are_unavailable) ... ok
test_version (tests.test_scaffold.CommandTests.test_version) ... ok
test_broken_binding_fails (tests.test_scaffold.HarnessTests.test_broken_binding_fails) ... ok
test_class_fixture_error_is_recorded (tests.test_scaffold.HarnessTests.test_class_fixture_error_is_recorded) ... ok
test_corrupt_journal_is_not_overwritten (tests.test_scaffold.HarnessTests.test_corrupt_journal_is_not_overwritten) ... ok
test_duplicate_discovery_fails (tests.test_scaffold.HarnessTests.test_duplicate_discovery_fails) ... ok
test_empty_discovery_fails_both_gates (tests.test_scaffold.HarnessTests.test_empty_discovery_fails_both_gates) ... ok
test_expected_failure_is_not_accepted (tests.test_scaffold.HarnessTests.test_expected_failure_is_not_accepted) ... ok
test_failure_and_error_are_recorded (tests.test_scaffold.HarnessTests.test_failure_and_error_are_recorded) ... ok
test_future_evidence_is_not_executed (tests.test_scaffold.HarnessTests.test_future_evidence_is_not_executed) ... ok
test_journal_retains_prior_runs (tests.test_scaffold.HarnessTests.test_journal_retains_prior_runs) ... ok
test_missing_m_bindings_fail_final_gate (tests.test_scaffold.HarnessTests.test_missing_m_bindings_fail_final_gate) ... ok
test_missing_scaffold_binding_fails (tests.test_scaffold.HarnessTests.test_missing_scaffold_binding_fails) ... ok
test_missing_trace_binding_fails_final_gate (tests.test_scaffold.HarnessTests.test_missing_trace_binding_fails_final_gate) ... ok
test_required_m_skip_blocks_final_gate (tests.test_scaffold.HarnessTests.test_required_m_skip_blocks_final_gate) ... ok
test_runner_help_does_not_run_tests (tests.test_scaffold.HarnessTests.test_runner_help_does_not_run_tests) ... ok
test_skipped_test_is_not_accepted (tests.test_scaffold.HarnessTests.test_skipped_test_is_not_accepted) ... ok
test_subtest_failure_is_recorded (tests.test_scaffold.HarnessTests.test_subtest_failure_is_recorded) ... ok
test_unexpected_success_is_not_accepted (tests.test_scaffold.HarnessTests.test_unexpected_success_is_not_accepted) ... ok
test_distribution_excludes_tests_docs_and_pdfs (tests.test_scaffold.PackageTests.test_distribution_excludes_tests_docs_and_pdfs) ... ok
test_import_under_standard_library_only (tests.test_scaffold.PackageTests.test_import_under_standard_library_only) ... ok
test_metadata_has_no_runtime_dependencies (tests.test_scaffold.PackageTests.test_metadata_has_no_runtime_dependencies) ... ok
test_no_public_analysis_api (tests.test_scaffold.PackageTests.test_no_public_analysis_api) ... ok
test_version_matches_metadata (tests.test_scaffold.PackageTests.test_version_matches_metadata) ... ok
test_hostile_text_never_executes_or_calls_network (tests.test_security.PassiveInputTests.test_hostile_text_never_executes_or_calls_network) ... ok
test_no_model_metric_or_candidate_runner_surface (tests.test_security.PassiveInputTests.test_no_model_metric_or_candidate_runner_surface) ... ok
test_private_artifact_does_not_attempt_local_read (tests.test_security.PassiveInputTests.test_private_artifact_does_not_attempt_local_read) ... ok
test_unsafe_local_urls_never_reach_network (tests.test_security.PassiveInputTests.test_unsafe_local_urls_never_reach_network) ... ok
test_cli_errors_do_not_echo_credentials_or_paths (tests.test_security.Step7SafetyTests.test_cli_errors_do_not_echo_credentials_or_paths) ... ok
test_entire_import_analysis_is_inert_under_hostile_evidence (tests.test_security.Step7SafetyTests.test_entire_import_analysis_is_inert_under_hostile_evidence) ... ok
test_failure_after_atomic_publication_keeps_published_bytes (tests.test_security.Step7SafetyTests.test_failure_after_atomic_publication_keeps_published_bytes) ... ok
test_no_runtime_imports_of_test_harness (tests.test_security.Step7SafetyTests.test_no_runtime_imports_of_test_harness) ... ok
test_published_report_directory_cannot_be_overwritten (tests.test_security.Step7SafetyTests.test_published_report_directory_cannot_be_overwritten) ... ok

----------------------------------------------------------------------
Ran 503 tests in 28.381s

OK

Requested gate: scaffold
Requested gate passed: True
Phase 1 M complete: True
Unresolved M families (0): 
Gate reasons: none
Runner exit code: 0

=== 558eb59b-f234-4413-9b56-8afe5951b68e ===
test_conflicting_assertion_is_not_vote (tests.test_evidence.AdmissionTests.test_conflicting_assertion_is_not_vote) ... ok
test_cycle_of_evidence_support_is_not_grounding (tests.test_evidence.AdmissionTests.test_cycle_of_evidence_support_is_not_grounding) ... ok
test_duplicate_invalid_record_still_ambiguous (tests.test_evidence.AdmissionTests.test_duplicate_invalid_record_still_ambiguous) ... ok
test_duplicate_pin_even_identical_is_conflict (tests.test_evidence.AdmissionTests.test_duplicate_pin_even_identical_is_conflict) ... ok
test_execution_record_required_for_coding_validity (tests.test_evidence.AdmissionTests.test_execution_record_required_for_coding_validity) ... ok
test_explicit_evidence_contradiction_is_preserved (tests.test_evidence.AdmissionTests.test_explicit_evidence_contradiction_is_preserved) ... ok
test_fixture_cannot_validate_import (tests.test_evidence.AdmissionTests.test_fixture_cannot_validate_import) ... ok
test_fixture_missing_declaration_is_local (tests.test_evidence.AdmissionTests.test_fixture_missing_declaration_is_local) ... ok
test_fixture_policy_cannot_present_empirical_context (tests.test_evidence.AdmissionTests.test_fixture_policy_cannot_present_empirical_context) ... ok
test_fixture_positive_is_only_stipulated (tests.test_evidence.AdmissionTests.test_fixture_positive_is_only_stipulated) ... ok
test_import_positive_carries_restricted_scientific_scope (tests.test_evidence.AdmissionTests.test_import_positive_carries_restricted_scientific_scope) ... ok
test_import_requires_adjudication_record (tests.test_evidence.AdmissionTests.test_import_requires_adjudication_record) ... ok
test_imported_outcome_conflict_is_not_ignored (tests.test_evidence.AdmissionTests.test_imported_outcome_conflict_is_not_ignored) ... ok
test_inaccessible_essential_report_withholds_label (tests.test_evidence.AdmissionTests.test_inaccessible_essential_report_withholds_label) ... ok
test_invalid_validity_does_not_erase_class (tests.test_evidence.AdmissionTests.test_invalid_validity_does_not_erase_class) ... ok
test_known_malformed_method_is_controlled (tests.test_evidence.AdmissionTests.test_known_malformed_method_is_controlled) ... ok
test_missing_independence_does_not_remove_mechanism (tests.test_evidence.AdmissionTests.test_missing_independence_does_not_remove_mechanism) ... ok
test_missing_reviewer_is_not_adjudication (tests.test_evidence.AdmissionTests.test_missing_reviewer_is_not_adjudication) ... ok
test_missing_text_is_not_automatic_membership_failure (tests.test_evidence.AdmissionTests.test_missing_text_is_not_automatic_membership_failure) ... ok
test_model_label_and_embedding_methods_do_not_admit (tests.test_evidence.AdmissionTests.test_model_label_and_embedding_methods_do_not_admit) ... ok
test_no_pin_never_selects_latest (tests.test_evidence.AdmissionTests.test_no_pin_never_selects_latest) ... ok
test_not_assessed_does_not_create_invalidity (tests.test_evidence.AdmissionTests.test_not_assessed_does_not_create_invalidity) ... ok
test_payload_shape_does_not_certify_evidence (tests.test_evidence.AdmissionTests.test_payload_shape_does_not_certify_evidence) ... ok
test_provisional_is_not_admitted (tests.test_evidence.AdmissionTests.test_provisional_is_not_admitted) ... ok
test_repaired_artifact_cannot_validate_original (tests.test_evidence.AdmissionTests.test_repaired_artifact_cannot_validate_original) ... ok
test_revision_pin_mismatch_is_not_repaired (tests.test_evidence.AdmissionTests.test_revision_pin_mismatch_is_not_repaired) ... ok
test_sorted_outputs_do_not_identify_algorithm (tests.test_evidence.AdmissionTests.test_sorted_outputs_do_not_identify_algorithm) ... ok
test_timeout_cannot_validate_or_invalidate_program (tests.test_evidence.AdmissionTests.test_timeout_cannot_validate_or_invalidate_program) ... ok
test_unclassified_stays_unclassified (tests.test_evidence.AdmissionTests.test_unclassified_stays_unclassified) ... ok
test_undetermined_and_absent_validity_are_distinct (tests.test_evidence.AdmissionTests.test_undetermined_and_absent_validity_are_distinct) ... ok
test_unresolved_adjudicated_retains_epistemic_state (tests.test_evidence.AdmissionTests.test_unresolved_adjudicated_retains_epistemic_state) ... ok
test_wrong_execution_subject_is_detected (tests.test_evidence.AdmissionTests.test_wrong_execution_subject_is_detected) ... ok
test_wrong_frame_withholds_only_affected_sample (tests.test_evidence.AdmissionTests.test_wrong_frame_withholds_only_affected_sample) ... ok
test_wrong_rubric_withholds_validity_only (tests.test_evidence.AdmissionTests.test_wrong_rubric_withholds_validity_only) ... ok
test_cross_sample_predecessor_does_not_merge_samples (tests.test_evidence.CorrectionTests.test_cross_sample_predecessor_does_not_merge_samples) ... ok
test_cyclic_revision_link_is_detected (tests.test_evidence.CorrectionTests.test_cyclic_revision_link_is_detected) ... ok
test_impact_records_link_without_recalculating_metrics (tests.test_evidence.CorrectionTests.test_impact_records_link_without_recalculating_metrics) ... ok
test_independence_only_withdrawal_keeps_label (tests.test_evidence.CorrectionTests.test_independence_only_withdrawal_keeps_label) ... ok
test_passive_review_never_invokes_network_or_executes (tests.test_evidence.CorrectionTests.test_passive_review_never_invokes_network_or_executes) ... ok
test_pending_challenge_is_explicit (tests.test_evidence.CorrectionTests.test_pending_challenge_is_explicit) ... ok
test_raw_bundle_is_unchanged_by_review (tests.test_evidence.CorrectionTests.test_raw_bundle_is_unchanged_by_review) ... ok
test_rejected_challenge_cannot_withdraw (tests.test_evidence.CorrectionTests.test_rejected_challenge_cannot_withdraw) ... ok
test_revision_with_new_evidence_requires_new_pin (tests.test_evidence.CorrectionTests.test_revision_with_new_evidence_requires_new_pin) ... ok
test_shared_schema_challenge_affects_all_dependent_labels (tests.test_evidence.CorrectionTests.test_shared_schema_challenge_affects_all_dependent_labels) ... ok
test_withdrawal_preserves_other_assignment_and_validity (tests.test_evidence.CorrectionTests.test_withdrawal_preserves_other_assignment_and_validity) ... ok
test_absent_target_does_not_validate_by_two_votes (tests.test_integrity_records.IntegrityTests.test_absent_target_does_not_validate_by_two_votes) ... ok
test_all_nineteen_support_types_have_explicit_payload_validation (tests.test_integrity_records.IntegrityTests.test_all_nineteen_support_types_have_explicit_payload_validation) ... ok
test_audit_extra_review_does_not_replace_missing_planned_position (tests.test_integrity_records.IntegrityTests.test_audit_extra_review_does_not_replace_missing_planned_position) ... ok
test_audit_needs_annotations_for_each_reviewed_target (tests.test_integrity_records.IntegrityTests.test_audit_needs_annotations_for_each_reviewed_target) ... ok
test_checked_in_integrity_cases_are_actual_mock_payloads (tests.test_integrity_records.IntegrityTests.test_checked_in_integrity_cases_are_actual_mock_payloads) ... ok
test_complete_mock_form_never_certifies_operational_openness (tests.test_integrity_records.IntegrityTests.test_complete_mock_form_never_certifies_operational_openness) ... ok
test_complete_review_keeps_sources_and_classifications_passive (tests.test_integrity_records.IntegrityTests.test_complete_review_keeps_sources_and_classifications_passive) ... ok
test_design_32_core_and_28_pairs_remains_a_plan (tests.test_integrity_records.IntegrityTests.test_design_32_core_and_28_pairs_remains_a_plan) ... ok
test_design_8995_tests_does_not_count_as_performed_validation (tests.test_integrity_records.IntegrityTests.test_design_8995_tests_does_not_count_as_performed_validation) ... ok
test_disagreement_preserves_both_initial_outcomes (tests.test_integrity_records.IntegrityTests.test_disagreement_preserves_both_initial_outcomes) ... ok
test_domain_property_mismatch_is_not_execution_evidence (tests.test_integrity_records.IntegrityTests.test_domain_property_mismatch_is_not_execution_evidence) ... ok
test_empty_intake_is_distinct_from_received_evidence (tests.test_integrity_records.IntegrityTests.test_empty_intake_is_distinct_from_received_evidence) ... ok
test_four_conditions_cannot_claim_five_condition_openness (tests.test_integrity_records.IntegrityTests.test_four_conditions_cannot_claim_five_condition_openness) ... ok
test_initial_judgment_materials_must_match (tests.test_integrity_records.IntegrityTests.test_initial_judgment_materials_must_match) ... ok
test_initial_label_exposure_is_not_independent_first_pass (tests.test_integrity_records.IntegrityTests.test_initial_label_exposure_is_not_independent_first_pass) ... ok
test_known_prior_exposure_overrides_false_annotation_flag (tests.test_integrity_records.IntegrityTests.test_known_prior_exposure_overrides_false_annotation_flag) ... ok
test_later_discussion_does_not_rewrite_first_pass (tests.test_integrity_records.IntegrityTests.test_later_discussion_does_not_rewrite_first_pass) ... ok
test_lineage_cycles_do_not_trigger_universal_dag_rejection (tests.test_integrity_records.IntegrityTests.test_lineage_cycles_do_not_trigger_universal_dag_rejection) ... ok
test_malformed_public_annotation_reference_is_controlled (tests.test_integrity_records.IntegrityTests.test_malformed_public_annotation_reference_is_controlled) ... ok
test_matching_mock_audit_stays_record_only (tests.test_integrity_records.IntegrityTests.test_matching_mock_audit_stays_record_only) ... ok
test_missing_claim_evidence_is_unresolved_not_satisfied (tests.test_integrity_records.IntegrityTests.test_missing_claim_evidence_is_unresolved_not_satisfied) ... ok
test_missing_mock_marker_is_not_defaulted (tests.test_integrity_records.IntegrityTests.test_missing_mock_marker_is_not_defaulted) ... ok
test_mistyped_annotation_actor_is_controlled (tests.test_integrity_records.IntegrityTests.test_mistyped_annotation_actor_is_controlled) ... ok
test_mistyped_domain_suite_reference_is_controlled (tests.test_integrity_records.IntegrityTests.test_mistyped_domain_suite_reference_is_controlled) ... ok
test_nonapplicable_cannot_evade_mandatory_condition (tests.test_integrity_records.IntegrityTests.test_nonapplicable_cannot_evade_mandatory_condition) ... ok
test_one_unresolved_condition_cannot_be_averaged_away (tests.test_integrity_records.IntegrityTests.test_one_unresolved_condition_cannot_be_averaged_away) ... ok
test_source_unknowns_cannot_become_inferred_ancestry (tests.test_integrity_records.IntegrityTests.test_source_unknowns_cannot_become_inferred_ancestry) ... ok
test_step3_matrix_binds_all_actual_step3_checks (tests.test_integrity_records.IntegrityTests.test_step3_matrix_binds_all_actual_step3_checks) ... ok
test_structural_schema_challenge_keeps_separate_validity (tests.test_integrity_records.IntegrityTests.test_structural_schema_challenge_keeps_separate_validity) ... ok
test_support_value_type_mutations_do_not_crash (tests.test_integrity_records.IntegrityTests.test_support_value_type_mutations_do_not_crash) ... ok
test_two_mock_humans_are_only_record_consistent (tests.test_integrity_records.IntegrityTests.test_two_mock_humans_are_only_record_consistent) ... ok
test_two_sessions_by_one_person_fail_two_person_requirement (tests.test_integrity_records.IntegrityTests.test_two_sessions_by_one_person_fail_two_person_requirement) ... ok
test_unknown_expiry_does_not_invent_validity_period (tests.test_integrity_records.IntegrityTests.test_unknown_expiry_does_not_invent_validity_period) ... ok
test_unknown_exposure_does_not_become_false (tests.test_integrity_records.IntegrityTests.test_unknown_exposure_does_not_become_false) ... ok
test_unknown_parent_remains_unknown (tests.test_integrity_records.IntegrityTests.test_unknown_parent_remains_unknown) ... ok
test_unknown_payload_fields_are_not_executable_extensions (tests.test_integrity_records.IntegrityTests.test_unknown_payload_fields_are_not_executable_extensions) ... ok
test_unreviewed_intake_preserves_original_anomaly (tests.test_integrity_records.IntegrityTests.test_unreviewed_intake_preserves_original_anomaly) ... ok
test_withdrawn_suite_cannot_support_execution_record (tests.test_integrity_records.IntegrityTests.test_withdrawn_suite_cannot_support_execution_record) ... ok
test_complete_core_coverage_is_record_consistent_but_still_mock (tests.test_integrity_records.Step7CompleteReferenceFixtures.test_complete_core_coverage_is_record_consistent_but_still_mock) ... ok
test_complete_systematic_audit_plan_resolves_exact_72_positions (tests.test_integrity_records.Step7CompleteReferenceFixtures.test_complete_systematic_audit_plan_resolves_exact_72_positions) ... ok
test_absent_oracle_is_not_independent_validation (tests.test_integrity_records.Step7FunctionalRecords.test_absent_oracle_is_not_independent_validation) ... ok
test_complete_8995_order_construction_and_hash (tests.test_integrity_records.Step7FunctionalRecords.test_complete_8995_order_construction_and_hash) ... ok
test_complete_mock_import_is_record_consistent_only (tests.test_integrity_records.Step7FunctionalRecords.test_complete_mock_import_is_record_consistent_only) ... ok
test_containment_or_missing_reference_family_blocks_claim (tests.test_integrity_records.Step7FunctionalRecords.test_containment_or_missing_reference_family_blocks_claim) ... ok
test_decisive_counterexample_can_precede_full_coverage (tests.test_integrity_records.Step7FunctionalRecords.test_decisive_counterexample_can_precede_full_coverage) ... ok
test_each_property_is_required_without_boolean_coercion (tests.test_integrity_records.Step7FunctionalRecords.test_each_property_is_required_without_boolean_coercion) ... ok
test_each_segment_construction_is_checked (tests.test_integrity_records.Step7FunctionalRecords.test_each_segment_construction_is_checked) ... ok
test_equal_inputs_keep_distinct_ids_and_purposes (tests.test_integrity_records.Step7FunctionalRecords.test_equal_inputs_keep_distinct_ids_and_purposes) ... ok
test_exception_needs_explicit_task_counterexample (tests.test_integrity_records.Step7FunctionalRecords.test_exception_needs_explicit_task_counterexample) ... ok
test_forged_manifest_hash_is_rejected (tests.test_integrity_records.Step7FunctionalRecords.test_forged_manifest_hash_is_rejected) ... ok
test_missing_test_cannot_pass_by_declared_count (tests.test_integrity_records.Step7FunctionalRecords.test_missing_test_cannot_pass_by_declared_count) ... ok
test_mock_child_cannot_validate_nonmock_parent (tests.test_integrity_records.Step7FunctionalRecords.test_mock_child_cannot_validate_nonmock_parent) ... ok
test_nested_malformed_runtime_metadata_is_controlled (tests.test_integrity_records.Step7FunctionalRecords.test_nested_malformed_runtime_metadata_is_controlled) ... ok
test_partial_pass_does_not_claim_full_validity (tests.test_integrity_records.Step7FunctionalRecords.test_partial_pass_does_not_claim_full_validity) ... ok
test_plain_pass_string_cannot_establish_validity (tests.test_integrity_records.Step7FunctionalRecords.test_plain_pass_string_cannot_establish_validity) ... ok
test_reordering_is_detected_even_with_new_hash (tests.test_integrity_records.Step7FunctionalRecords.test_reordering_is_detected_even_with_new_hash) ... ok
test_repair_cannot_relabel_original_subject (tests.test_integrity_records.Step7FunctionalRecords.test_repair_cannot_relabel_original_subject) ... ok
test_timeout_memory_harness_or_oracle_failure_is_not_invalidity (tests.test_integrity_records.Step7FunctionalRecords.test_timeout_memory_harness_or_oracle_failure_is_not_invalidity) ... ok
test_unreadable_upstream_evidence_cannot_be_laundered (tests.test_integrity_records.Step7FunctionalRecords.test_unreadable_upstream_evidence_cannot_be_laundered) ... ok
test_28_pairs_and_four_witnesses_checked_without_fabricating_core (tests.test_integrity_records.Step7ReferenceAuditRecords.test_28_pairs_and_four_witnesses_checked_without_fabricating_core) ... ok
test_32_names_without_artifacts_or_annotations_do_not_pass (tests.test_integrity_records.Step7ReferenceAuditRecords.test_32_names_without_artifacts_or_annotations_do_not_pass) ... ok
test_72_planned_positions_are_not_72_reviews (tests.test_integrity_records.Step7ReferenceAuditRecords.test_72_planned_positions_are_not_72_reviews) ... ok
test_changed_systematic_position_fails (tests.test_integrity_records.Step7ReferenceAuditRecords.test_changed_systematic_position_fails) ... ok
test_generic_audit_must_match_actual_frozen_plan (tests.test_integrity_records.Step7ReferenceAuditRecords.test_generic_audit_must_match_actual_frozen_plan) ... ok
test_opposite_membership_claims_do_not_transitively_cluster (tests.test_integrity_records.Step7ReferenceAuditRecords.test_opposite_membership_claims_do_not_transitively_cluster) ... ok
test_overlap_is_preserved_not_forced_into_partition (tests.test_integrity_records.Step7ReferenceAuditRecords.test_overlap_is_preserved_not_forced_into_partition) ... ok
test_pair_duplication_cannot_fill_missing_review (tests.test_integrity_records.Step7ReferenceAuditRecords.test_pair_duplication_cannot_fill_missing_review) ... ok
test_registry_candidate_can_remain_valid_without_new_class (tests.test_integrity_records.Step7ReferenceAuditRecords.test_registry_candidate_can_remain_valid_without_new_class) ... ok
test_repeated_position_does_not_replace_lost_opportunity (tests.test_integrity_records.Step7ReferenceAuditRecords.test_repeated_position_does_not_replace_lost_opportunity) ... ok
test_witness_shape_not_just_four_names (tests.test_integrity_records.Step7ReferenceAuditRecords.test_witness_shape_not_just_four_names) ... ok
test_absent_future_attempt_preserves_earlier_group_plan (tests.test_inventory.AdditionalInventoryTests.test_absent_future_attempt_preserves_earlier_group_plan) ... ok
test_declared_output_offsets_cannot_add_a_new_realization_twice (tests.test_inventory.AdditionalInventoryTests.test_declared_output_offsets_cannot_add_a_new_realization_twice) ... ok
test_duplicate_group_position_with_unknown_attempt_is_unresolved (tests.test_inventory.AdditionalInventoryTests.test_duplicate_group_position_with_unknown_attempt_is_unresolved) ... ok
test_extra_later_failure_does_not_contaminate_known_selected_ids (tests.test_inventory.AdditionalInventoryTests.test_extra_later_failure_does_not_contaminate_known_selected_ids) ... ok
test_malformed_manifest_stays_unavailable_not_successful_empty_study (tests.test_inventory.AdditionalInventoryTests.test_malformed_manifest_stays_unavailable_not_successful_empty_study) ... ok
test_shared_group_across_cells_is_retained_without_pooling (tests.test_inventory.AdditionalInventoryTests.test_shared_group_across_cells_is_retained_without_pooling) ... ok
test_character_offsets_cannot_replace_byte_offsets (tests.test_inventory.ArtifactAssociationTests.test_character_offsets_cannot_replace_byte_offsets) ... ok
test_empty_emitted_region_is_real_bytes_not_missing_slot (tests.test_inventory.ArtifactAssociationTests.test_empty_emitted_region_is_real_bytes_not_missing_slot) ... ok
test_exact_byte_region_keeps_unicode_and_crlf (tests.test_inventory.ArtifactAssociationTests.test_exact_byte_region_keeps_unicode_and_crlf) ... ok
test_missing_raw_is_unavailable_not_an_extraction_guess (tests.test_inventory.ArtifactAssociationTests.test_missing_raw_is_unavailable_not_an_extraction_guess) ... ok
test_negative_bool_and_oversized_spans_are_controlled (tests.test_inventory.ArtifactAssociationTests.test_negative_bool_and_oversized_spans_are_controlled) ... ok
test_raw_response_mismatch_cannot_be_repaired_by_neighbor (tests.test_inventory.ArtifactAssociationTests.test_raw_response_mismatch_cannot_be_repaired_by_neighbor) ... ok
test_truncated_known_text_can_be_associated_without_completion (tests.test_inventory.ArtifactAssociationTests.test_truncated_known_text_can_be_associated_without_completion) ... ok
test_attempt_cell_mismatch_is_preserved (tests.test_inventory.InventoryTests.test_attempt_cell_mismatch_is_preserved) ... ok
test_attempts_and_realizations_are_separate (tests.test_inventory.InventoryTests.test_attempts_and_realizations_are_separate) ... ok
test_conflicting_order_sources_are_not_resolved_by_preference (tests.test_inventory.InventoryTests.test_conflicting_order_sources_are_not_resolved_by_preference) ... ok
test_duplicate_id_is_ambiguous_never_deduplicated_silently (tests.test_inventory.InventoryTests.test_duplicate_id_is_ambiguous_never_deduplicated_silently) ... ok
test_duplicate_malformed_id_remains_ambiguous (tests.test_inventory.InventoryTests.test_duplicate_malformed_id_remains_ambiguous) ... ok
test_duplicate_planned_position_is_unavailable (tests.test_inventory.InventoryTests.test_duplicate_planned_position_is_unavailable) ... ok
test_extra_output_is_preserved_unselected (tests.test_inventory.InventoryTests.test_extra_output_is_preserved_unselected) ... ok
test_failed_five_candidate_call_does_not_create_samples (tests.test_inventory.InventoryTests.test_failed_five_candidate_call_does_not_create_samples) ... ok
test_frame_failure_is_scoped_and_distinct_from_empty (tests.test_inventory.InventoryTests.test_frame_failure_is_scoped_and_distinct_from_empty) ... ok
test_known_empty_and_truncated_emissions_remain_samples (tests.test_inventory.InventoryTests.test_known_empty_and_truncated_emissions_remain_samples) ... ok
test_known_empty_selection_is_zero_with_exclusions (tests.test_inventory.InventoryTests.test_known_empty_selection_is_zero_with_exclusions) ... ok
test_large_attempt_count_does_not_expand_unbounded_positions (tests.test_inventory.InventoryTests.test_large_attempt_count_does_not_expand_unbounded_positions) ... ok
test_malformed_observation_retains_row_and_complete_count_uncertainty (tests.test_inventory.InventoryTests.test_malformed_observation_retains_row_and_complete_count_uncertainty) ... ok
test_missing_requested_sample_cannot_create_observation (tests.test_inventory.InventoryTests.test_missing_requested_sample_cannot_create_observation) ... ok
test_no_io_after_loading (tests.test_inventory.InventoryTests.test_no_io_after_loading) ... ok
test_original_storage_order_is_not_experimental_sequence (tests.test_inventory.InventoryTests.test_original_storage_order_is_not_experimental_sequence) ... ok
test_partial_explicit_order_is_unavailable (tests.test_inventory.InventoryTests.test_partial_explicit_order_is_unavailable) ... ok
test_plan_without_attempt_records_does_not_invent_attempts (tests.test_inventory.InventoryTests.test_plan_without_attempt_records_does_not_invent_attempts) ... ok
test_position_plan_mutations_have_controlled_diagnostics (tests.test_inventory.InventoryTests.test_position_plan_mutations_have_controlled_diagnostics) ... ok
test_primary_attempt_metadata_can_supply_plan (tests.test_inventory.InventoryTests.test_primary_attempt_metadata_can_supply_plan) ... ok
test_private_and_missing_text_do_not_zero_inventory (tests.test_inventory.InventoryTests.test_private_and_missing_text_do_not_zero_inventory) ... ok
test_protocol_mismatch_is_frame_error (tests.test_inventory.InventoryTests.test_protocol_mismatch_is_frame_error) ... ok
test_recorded_ordinals_can_supply_order (tests.test_inventory.InventoryTests.test_recorded_ordinals_can_supply_order) ... ok
test_repeated_bytes_with_distinct_positions_remain_observations (tests.test_inventory.InventoryTests.test_repeated_bytes_with_distinct_positions_remain_observations) ... ok
test_retry_is_preserved_without_adding_planned_slots (tests.test_inventory.InventoryTests.test_retry_is_preserved_without_adding_planned_slots) ... ok
test_same_attempt_position_cannot_count_twice_under_two_ids (tests.test_inventory.InventoryTests.test_same_attempt_position_cannot_count_twice_under_two_ids) ... ok
test_selecting_extra_output_cannot_extend_planned_budget (tests.test_inventory.InventoryTests.test_selecting_extra_output_cannot_extend_planned_budget) ... ok
test_unattempted_slot_is_not_an_invocation (tests.test_inventory.InventoryTests.test_unattempted_slot_is_not_an_invocation) ... ok
test_unknown_attempt_history_is_not_one_call_per_sample (tests.test_inventory.InventoryTests.test_unknown_attempt_history_is_not_one_call_per_sample) ... ok
test_unknown_cell_remains_unallocated (tests.test_inventory.InventoryTests.test_unknown_cell_remains_unallocated) ... ok
test_unknown_order_does_not_erase_selection (tests.test_inventory.InventoryTests.test_unknown_order_does_not_erase_selection) ... ok
test_unknown_selection_is_not_automatically_all (tests.test_inventory.InventoryTests.test_unknown_selection_is_not_automatically_all) ... ok
test_wrong_record_file_hash_cannot_supply_selected_identity (tests.test_inventory.InventoryTests.test_wrong_record_file_hash_cannot_supply_selected_identity) ... ok
test_bad_required_version_never_becomes_empty_success (tests.test_local_io.BundleTests.test_bad_required_version_never_becomes_empty_success) ... ok
test_empty_and_malformed_records_remain_distinct (tests.test_local_io.BundleTests.test_empty_and_malformed_records_remain_distinct) ... ok
test_external_and_unavailable_artifacts_are_inert (tests.test_local_io.BundleTests.test_external_and_unavailable_artifacts_are_inert) ... ok
test_hash_mismatch_is_scoped_and_keeps_expected_hash (tests.test_local_io.BundleTests.test_hash_mismatch_is_scoped_and_keeps_expected_hash) ... ok
test_line_limit_does_not_turn_suffix_into_next_row (tests.test_local_io.BundleTests.test_line_limit_does_not_turn_suffix_into_next_row) ... ok
test_malformed_line_does_not_erase_next_record (tests.test_local_io.BundleTests.test_malformed_line_does_not_erase_next_record) ... ok
test_only_declared_files_are_read (tests.test_local_io.BundleTests.test_only_declared_files_are_read) ... ok
test_read_order_does_not_become_scientific_order (tests.test_local_io.BundleTests.test_read_order_does_not_become_scientific_order) ... ok
test_record_file_hash_mismatch_preserves_inventory (tests.test_local_io.BundleTests.test_record_file_hash_mismatch_preserves_inventory) ... ok
test_record_limit_is_not_silent_sampling (tests.test_local_io.BundleTests.test_record_limit_is_not_silent_sampling) ... ok
test_sample_hash_uses_analyzed_bytes (tests.test_local_io.BundleTests.test_sample_hash_uses_analyzed_bytes) ... ok
test_source_pin_mismatch_does_not_trigger_retrieval (tests.test_local_io.BundleTests.test_source_pin_mismatch_does_not_trigger_retrieval) ... ok
test_wrong_file_role_preserves_raw_record (tests.test_local_io.BundleTests.test_wrong_file_role_preserves_raw_record) ... ok
test_change_during_read_is_detected (tests.test_local_io.SnapshotTests.test_change_during_read_is_detected) ... ok
test_directory_and_fifo_are_rejected_without_blocking (tests.test_local_io.SnapshotTests.test_directory_and_fifo_are_rejected_without_blocking) ... ok
test_file_and_total_byte_limits (tests.test_local_io.SnapshotTests.test_file_and_total_byte_limits) ... ok
test_internal_external_and_root_symlinks_are_rejected (tests.test_local_io.SnapshotTests.test_internal_external_and_root_symlinks_are_rejected) ... ok
test_path_grammar_rejects_remote_and_expansion (tests.test_local_io.SnapshotTests.test_path_grammar_rejects_remote_and_expansion) ... ok
test_snapshot_and_repeated_path_read (tests.test_local_io.SnapshotTests.test_snapshot_and_repeated_path_read) ... ok
test_snapshot_stays_stable_after_path_replacement (tests.test_local_io.SnapshotTests.test_snapshot_stays_stable_after_path_replacement) ... ok
test_unsupported_platform_has_no_unsafe_fallback (tests.test_local_io.SnapshotTests.test_unsupported_platform_has_no_unsafe_fallback) ... ok
test_bad_manifest_field_types_have_controlled_errors (tests.test_local_io.StrictJSONTests.test_bad_manifest_field_types_have_controlled_errors) ... ok
test_depth_bound_respects_strings (tests.test_local_io.StrictJSONTests.test_depth_bound_respects_strings) ... ok
test_duplicate_keys_and_escaped_aliases_fail (tests.test_local_io.StrictJSONTests.test_duplicate_keys_and_escaped_aliases_fail) ... ok
test_invalid_overrides_never_weaken_limits (tests.test_local_io.StrictJSONTests.test_invalid_overrides_never_weaken_limits) ... ok
test_large_finite_exponent_is_not_float_infinity (tests.test_local_io.StrictJSONTests.test_large_finite_exponent_is_not_float_infinity) ... ok
test_nonfinite_constants_fail (tests.test_local_io.StrictJSONTests.test_nonfinite_constants_fail) ... ok
test_number_length_and_file_limits (tests.test_local_io.StrictJSONTests.test_number_length_and_file_limits) ... ok
test_utf8_bom_surrogates_and_bad_syntax_fail (tests.test_local_io.StrictJSONTests.test_utf8_bom_surrogates_and_bad_syntax_fail) ... ok
test_effective_counts_differ (tests.test_metrics.Arithmetic.test_effective_counts_differ) ... ok
test_higher_precision_independent_check (tests.test_metrics.Arithmetic.test_higher_precision_independent_check) ... ok
test_one_class (tests.test_metrics.Arithmetic.test_one_class) ... ok
test_oracle_identity_and_role (tests.test_metrics.Arithmetic.test_oracle_identity_and_role) ... ok
test_sci_with_replacement (tests.test_metrics.Arithmetic.test_sci_with_replacement) ... ok
test_source_oracles (tests.test_metrics.Arithmetic.test_source_oracles) ... ok
test_units_and_scope (tests.test_metrics.Arithmetic.test_units_and_scope) ... ok
test_unrounded_derivation (tests.test_metrics.Arithmetic.test_unrounded_derivation) ... ok
test_zero_registry_entries (tests.test_metrics.Arithmetic.test_zero_registry_entries) ... ok
test_complete_arithmetic_not_complete_report (tests.test_metrics.Matrix.test_complete_arithmetic_not_complete_report) ... ok
test_explicit_test_bindings (tests.test_metrics.Matrix.test_explicit_test_bindings) ... ok
test_frozen_and_external_scopes (tests.test_metrics.Matrix.test_frozen_and_external_scopes) ... ok
test_history_and_actual_runner_step (tests.test_metrics.Matrix.test_history_and_actual_runner_step) ... ok
test_invalid_binding_class (tests.test_metrics.Matrix.test_invalid_binding_class) ... ok
test_non_m_update_forbidden (tests.test_metrics.Matrix.test_non_m_update_forbidden) ... ok
test_old_bindings_preserved (tests.test_metrics.Matrix.test_old_bindings_preserved) ... ok
test_624_small_tables (tests.test_metrics.Numerical.test_624_small_tables) ... ok
test_effective_order_failure (tests.test_metrics.Numerical.test_effective_order_failure) ... ok
test_exact_total (tests.test_metrics.Numerical.test_exact_total) ... ok
test_exp_failure_scoped (tests.test_metrics.Numerical.test_exp_failure_scoped) ... ok
test_immutable_results (tests.test_metrics.Numerical.test_immutable_results) ... ok
test_invalid_counts (tests.test_metrics.Numerical.test_invalid_counts) ... ok
test_log_failure_scoped (tests.test_metrics.Numerical.test_log_failure_scoped) ... ok
test_material_errors (tests.test_metrics.Numerical.test_material_errors) ... ok
test_no_deferred_estimators (tests.test_metrics.Numerical.test_no_deferred_estimators) ... ok
test_normalization_failure (tests.test_metrics.Numerical.test_normalization_failure) ... ok
test_renaming_and_order (tests.test_metrics.Numerical.test_renaming_and_order) ... ok
test_resource_limits (tests.test_metrics.Numerical.test_resource_limits) ... ok
test_signed_zero (tests.test_metrics.Numerical.test_signed_zero) ... ok
test_tiny_boundary_record (tests.test_metrics.Numerical.test_tiny_boundary_record) ... ok
test_tolerance_sum (tests.test_metrics.Numerical.test_tolerance_sum) ... ok
test_underflow_preserves_exact_support (tests.test_metrics.Numerical.test_underflow_preserves_exact_support) ... ok
test_uniform_scaling (tests.test_metrics.Numerical.test_uniform_scaling) ... ok
test_all_invalid (tests.test_metrics.Populations.test_all_invalid) ... ok
test_ambiguous_ids (tests.test_metrics.Populations.test_ambiguous_ids) ... ok
test_bad_component_types (tests.test_metrics.Populations.test_bad_component_types) ... ok
test_empty_selection (tests.test_metrics.Populations.test_empty_selection) ... ok
test_frame_failure (tests.test_metrics.Populations.test_frame_failure) ... ok
test_independence_only_withdrawal (tests.test_metrics.Populations.test_independence_only_withdrawal) ... ok
test_local_evidence_failure (tests.test_metrics.Populations.test_local_evidence_failure) ... ok
test_malformed_threshold_is_component_specific (tests.test_metrics.Populations.test_malformed_threshold_is_component_specific) ... ok
test_mf07_views_and_ratios (tests.test_metrics.Populations.test_mf07_views_and_ratios) ... ok
test_no_hero_program_or_report_created (tests.test_metrics.Populations.test_no_hero_program_or_report_created) ... ok
test_passive_arithmetic (tests.test_metrics.Populations.test_passive_arithmetic) ... ok
test_population_conservation (tests.test_metrics.Populations.test_population_conservation) ... ok
test_population_duplicate_ids (tests.test_metrics.Populations.test_population_duplicate_ids) ... ok
test_unclassified (tests.test_metrics.Populations.test_unclassified) ... ok
test_unknown_checkpoint (tests.test_metrics.Populations.test_unknown_checkpoint) ... ok
test_hero_count_projection (tests.test_metrics.Prefixes.test_hero_count_projection) ... ok
test_hero_invalid_projection (tests.test_metrics.Prefixes.test_hero_invalid_projection) ... ok
test_hero_missing_intended_slot (tests.test_metrics.Prefixes.test_hero_missing_intended_slot) ... ok
test_k_states (tests.test_metrics.Prefixes.test_k_states) ... ok
test_mf10 (tests.test_metrics.Prefixes.test_mf10) ... ok
test_missing_order (tests.test_metrics.Prefixes.test_missing_order) ... ok
test_monotone_accumulation (tests.test_metrics.Prefixes.test_monotone_accumulation) ... ok
test_partial_group (tests.test_metrics.Prefixes.test_partial_group) ... ok
test_prefix_conservation (tests.test_metrics.Prefixes.test_prefix_conservation) ... ok
test_real_order_change (tests.test_metrics.Prefixes.test_real_order_change) ... ok
test_revision_preserves_old_result (tests.test_metrics.Prefixes.test_revision_preserves_old_result) ... ok
test_storage_order_invariant (tests.test_metrics.Prefixes.test_storage_order_invariant) ... ok
test_zero_vs_missing_prefix (tests.test_metrics.Prefixes.test_zero_vs_missing_prefix) ... ok
test_beyond_float_boundary (tests.test_metrics.Thresholds.test_beyond_float_boundary) ... ok
test_empty_requested (tests.test_metrics.Thresholds.test_empty_requested) ... ok
test_invalid_empty (tests.test_metrics.Thresholds.test_invalid_empty) ... ok
test_invalid_values (tests.test_metrics.Thresholds.test_invalid_values) ... ok
test_large_integer_equality (tests.test_metrics.Thresholds.test_large_integer_equality) ... ok
test_large_negative_exponent (tests.test_metrics.Thresholds.test_large_negative_exponent) ... ok
test_lexemes_and_origins (tests.test_metrics.Thresholds.test_lexemes_and_origins) ... ok
test_no_renormalization (tests.test_metrics.Thresholds.test_no_renormalization) ... ok
test_omitted_vs_null (tests.test_metrics.Thresholds.test_omitted_vs_null) ... ok
test_one_threshold_spellings (tests.test_metrics.Thresholds.test_one_threshold_spellings) ... ok
test_other_metrics_unchanged (tests.test_metrics.Thresholds.test_other_metrics_unchanged) ... ok
test_revalidate_token_object (tests.test_metrics.Thresholds.test_revalidate_token_object) ... ok
test_source_thresholds (tests.test_metrics.Thresholds.test_source_thresholds) ... ok
test_token_limit (tests.test_metrics.Thresholds.test_token_limit) ... ok
test_zero_never_passes (tests.test_metrics.Thresholds.test_zero_never_passes) ... ok
test_duplicate_record_is_error_not_a_second_observation (tests.test_pipeline.AdversePipelineTests.test_duplicate_record_is_error_not_a_second_observation) ... ok
test_empty_selected_inventory_has_zero_support_and_undefined_entropy (tests.test_pipeline.AdversePipelineTests.test_empty_selected_inventory_has_zero_support_and_undefined_entropy) ... ok
test_four_sample_evidence_correction_exact_sequence (tests.test_pipeline.AdversePipelineTests.test_four_sample_evidence_correction_exact_sequence) ... ok
test_hash_mismatch_is_not_repaired_by_pipeline (tests.test_pipeline.AdversePipelineTests.test_hash_mismatch_is_not_repaired_by_pipeline) ... ok
test_independence_only_correction_does_not_erase_supported_counts (tests.test_pipeline.AdversePipelineTests.test_independence_only_correction_does_not_erase_supported_counts) ... ok
test_invalid_threshold_is_contract_failure_not_zero (tests.test_pipeline.AdversePipelineTests.test_invalid_threshold_is_contract_failure_not_zero) ... ok
test_malformed_analysis_object_retains_safe_error_report (tests.test_pipeline.AdversePipelineTests.test_malformed_analysis_object_retains_safe_error_report) ... ok
test_malformed_manifest_is_error_not_empty_success (tests.test_pipeline.AdversePipelineTests.test_malformed_manifest_is_error_not_empty_success) ... ok
test_missing_shared_frame_withholds_distribution_keeps_inventory (tests.test_pipeline.AdversePipelineTests.test_missing_shared_frame_withholds_distribution_keeps_inventory) ... ok
test_mock_imported_adjudication_uses_same_pipeline (tests.test_pipeline.AdversePipelineTests.test_mock_imported_adjudication_uses_same_pipeline) ... ok
test_nonempty_unclassified_inventory_is_not_empty_study (tests.test_pipeline.AdversePipelineTests.test_nonempty_unclassified_inventory_is_not_empty_study) ... ok
test_omitted_threshold_keeps_not_requested (tests.test_pipeline.AdversePipelineTests.test_omitted_threshold_keeps_not_requested) ... ok
test_unknown_model_identity_does_not_destroy_arithmetic (tests.test_pipeline.AdversePipelineTests.test_unknown_model_identity_does_not_destroy_arithmetic) ... ok
test_unknown_prefix_mode_not_guessed_into_success (tests.test_pipeline.AdversePipelineTests.test_unknown_prefix_mode_not_guessed_into_success) ... ok
test_analyze_command_publishes_three_files (tests.test_pipeline.CommandIntegrationTests.test_analyze_command_publishes_three_files) ... ok
test_analyze_refuses_existing_output (tests.test_pipeline.CommandIntegrationTests.test_analyze_refuses_existing_output) ... ok
test_contract_error_report_can_be_written_without_success_claim (tests.test_pipeline.CommandIntegrationTests.test_contract_error_report_can_be_written_without_success_claim) ... ok
test_internal_failure_returns_three_without_traceback (tests.test_pipeline.CommandIntegrationTests.test_internal_failure_returns_three_without_traceback) ... ok
test_invalid_input_has_exit_two_and_safe_diagnostics (tests.test_pipeline.CommandIntegrationTests.test_invalid_input_has_exit_two_and_safe_diagnostics) ... ok
test_missing_arguments_do_not_echo_sensitive_paths (tests.test_pipeline.CommandIntegrationTests.test_missing_arguments_do_not_echo_sensitive_paths) ... ok
test_unimplemented_commands_remain_errors (tests.test_pipeline.CommandIntegrationTests.test_unimplemented_commands_remain_errors) ... ok
test_validate_command_success_and_no_writes (tests.test_pipeline.CommandIntegrationTests.test_validate_command_success_and_no_writes) ... ok
test_explicit_run_identity_changes_metadata_not_metrics (tests.test_pipeline.HeroPipelineTests.test_explicit_run_identity_changes_metadata_not_metrics) ... ok
test_hf00_materialization_matches_pinned_original (tests.test_pipeline.HeroPipelineTests.test_hf00_materialization_matches_pinned_original) ... ok
test_hf00_original_twenty_record_workflow (tests.test_pipeline.HeroPipelineTests.test_hf00_original_twenty_record_workflow) ... ok
test_hf01_invalid_but_classifiable (tests.test_pipeline.HeroPipelineTests.test_hf01_invalid_but_classifiable) ... ok
test_hf02_unresolved_class_keeps_validity (tests.test_pipeline.HeroPipelineTests.test_hf02_unresolved_class_keeps_validity) ... ok
test_hf03_provisional_label_has_distinct_reason (tests.test_pipeline.HeroPipelineTests.test_hf03_provisional_label_has_distinct_reason) ... ok
test_hf04_missing_evidence_is_local_limit (tests.test_pipeline.HeroPipelineTests.test_hf04_missing_evidence_is_local_limit) ... ok
test_hf05_missing_position_is_not_backfilled (tests.test_pipeline.HeroPipelineTests.test_hf05_missing_position_is_not_backfilled) ... ok
test_hf06_new_assignment_preserves_old_identity (tests.test_pipeline.HeroPipelineTests.test_hf06_new_assignment_preserves_old_identity) ... ok
test_input_changes_get_new_fingerprint_without_overwriting_old_report (tests.test_pipeline.HeroPipelineTests.test_input_changes_get_new_fingerprint_without_overwriting_old_report) ... ok
test_invalid_run_identity_and_naive_time_rejected (tests.test_pipeline.HeroPipelineTests.test_invalid_run_identity_and_naive_time_rejected) ... ok
test_materializer_refuses_unregistered_variant (tests.test_pipeline.HeroPipelineTests.test_materializer_refuses_unregistered_variant) ... ok
test_pinned_base_remains_byte_identical_after_all_variants (tests.test_pipeline.HeroPipelineTests.test_pinned_base_remains_byte_identical_after_all_variants) ... ok
test_program_text_and_generation_cost_are_never_invented (tests.test_pipeline.HeroPipelineTests.test_program_text_and_generation_cost_are_never_invented) ... ok
test_replay_canonical_reports_and_manifest_time (tests.test_pipeline.HeroPipelineTests.test_replay_canonical_reports_and_manifest_time) ... ok
test_report_hashes_identify_actual_written_bytes (tests.test_pipeline.HeroPipelineTests.test_report_hashes_identify_actual_written_bytes) ... ok
test_validate_has_no_metric_calculation (tests.test_pipeline.HeroPipelineTests.test_validate_has_no_metric_calculation) ... ok
test_complete_staging_precedes_atomic_publish (tests.test_pipeline.OutputTransactionTests.test_complete_staging_precedes_atomic_publish) ... ok
test_existing_file_and_empty_directory_are_not_replaced (tests.test_pipeline.OutputTransactionTests.test_existing_file_and_empty_directory_are_not_replaced) ... ok
test_interrupted_write_cleans_staging (tests.test_pipeline.OutputTransactionTests.test_interrupted_write_cleans_staging) ... ok
test_missing_parent_does_not_create_an_implicit_tree (tests.test_pipeline.OutputTransactionTests.test_missing_parent_does_not_create_an_implicit_tree) ... ok
test_only_fixed_three_filenames_are_allowed (tests.test_pipeline.OutputTransactionTests.test_only_fixed_three_filenames_are_allowed) ... ok
test_output_inside_input_is_rejected (tests.test_pipeline.OutputTransactionTests.test_output_inside_input_is_rejected) ... ok
test_output_symlink_and_symlink_parent_are_rejected (tests.test_pipeline.OutputTransactionTests.test_output_symlink_and_symlink_parent_are_rejected) ... ok
test_private_permissions_do_not_depend_on_umask (tests.test_pipeline.OutputTransactionTests.test_private_permissions_do_not_depend_on_umask) ... ok
test_publishes_exact_complete_set (tests.test_pipeline.OutputTransactionTests.test_publishes_exact_complete_set) ... ok
test_racing_target_is_preserved_and_staging_cleaned (tests.test_pipeline.OutputTransactionTests.test_racing_target_is_preserved_and_staging_cleaned) ... ok
test_remote_expanding_and_traversing_output_paths_are_rejected (tests.test_pipeline.OutputTransactionTests.test_remote_expanding_and_traversing_output_paths_are_rejected) ... ok
test_short_writes_are_retried_without_truncation (tests.test_pipeline.OutputTransactionTests.test_short_writes_are_retried_without_truncation) ... ok
test_unsupported_atomic_operation_has_no_overwrite_fallback (tests.test_pipeline.OutputTransactionTests.test_unsupported_atomic_operation_has_no_overwrite_fallback) ... ok
test_zero_length_write_is_failure_and_cleanup (tests.test_pipeline.OutputTransactionTests.test_zero_length_write_is_failure_and_cleanup) ... ok
test_external_locator_remains_inert_and_private_in_report (tests.test_pipeline.PipelineBoundaryTests.test_external_locator_remains_inert_and_private_in_report) ... ok
test_full_pipeline_never_runs_candidate_or_fetches_remote (tests.test_pipeline.PipelineBoundaryTests.test_full_pipeline_never_runs_candidate_or_fetches_remote) ... ok
test_serialization_failure_never_creates_output (tests.test_pipeline.PipelineBoundaryTests.test_serialization_failure_never_creates_output) ... ok
test_validate_does_not_write_any_inputs (tests.test_pipeline.PipelineBoundaryTests.test_validate_does_not_write_any_inputs) ... ok
test_complete_mock_gate_is_M_only_and_not_final_approval (tests.test_pipeline.Step7GateTests.test_complete_mock_gate_is_M_only_and_not_final_approval) ... ok
test_ec_scope_cannot_be_promoted_to_empirical_evidence (tests.test_pipeline.Step7GateTests.test_ec_scope_cannot_be_promoted_to_empirical_evidence) ... ok
test_missing_ec_binding_cannot_pass_full_gate (tests.test_pipeline.Step7GateTests.test_missing_ec_binding_cannot_pass_full_gate) ... ok
test_nonpassing_ec_binding_cannot_be_overridden (tests.test_pipeline.Step7GateTests.test_nonpassing_ec_binding_cannot_be_overridden) ... ok
test_test_records_have_expected_actual_scope_and_no_E_claim (tests.test_pipeline.Step7GateTests.test_test_records_have_expected_actual_scope_and_no_E_claim) ... ok
test_all_36_report_groups_have_explicit_paths (tests.test_pipeline.Step7ReportIntegration.test_all_36_report_groups_have_explicit_paths) ... ok
test_all_deferred_prerequisites_visible_without_estimator (tests.test_pipeline.Step7ReportIntegration.test_all_deferred_prerequisites_visible_without_estimator) ... ok
test_correction_dependencies_identify_both_views_without_resampling (tests.test_pipeline.Step7ReportIntegration.test_correction_dependencies_identify_both_views_without_resampling) ... ok
test_domain_coverage_details_are_visible_and_fixture_stays_fixture (tests.test_pipeline.Step7ReportIntegration.test_domain_coverage_details_are_visible_and_fixture_stays_fixture) ... ok
test_empty_then_received_and_acted_intake_never_adds_samples (tests.test_pipeline.Step7ReportIntegration.test_empty_then_received_and_acted_intake_never_adds_samples) ... ok
test_every_m_metric_retains_denominator_status_and_source_scope (tests.test_pipeline.Step7ReportIntegration.test_every_m_metric_retains_denominator_status_and_source_scope) ... ok
test_metadata_time_never_changes_content_or_creates_observation (tests.test_pipeline.Step7ReportIntegration.test_metadata_time_never_changes_content_or_creates_observation) ... ok
test_registered_sources_and_original_fixture_hashes_still_match (tests.test_pipeline.Step7ReportIntegration.test_registered_sources_and_original_fixture_hashes_still_match) ... ok
test_relocated_input_replays_all_canonical_content (tests.test_pipeline.Step7ReportIntegration.test_relocated_input_replays_all_canonical_content) ... ok
test_shared_schema_challenge_affects_all_its_cells_not_other_frames (tests.test_pipeline.Step7ReportIntegration.test_shared_schema_challenge_affects_all_its_cells_not_other_frames) ... ok
test_typed_lineage_exposure_and_annotation_survive_redaction (tests.test_pipeline.Step7ReportIntegration.test_typed_lineage_exposure_and_annotation_survive_redaction) ... ok
test_actual_empty_input_has_no_invented_observations (tests.test_populations.AdversePopulationTests.test_actual_empty_input_has_no_invented_observations) ... ok
test_association_error_withholds_both_affected_axes_without_deleting_sample (tests.test_populations.AdversePopulationTests.test_association_error_withholds_both_affected_axes_without_deleting_sample) ... ok
test_later_unrecorded_attempt_does_not_block_first_hero_endpoint (tests.test_populations.AdversePopulationTests.test_later_unrecorded_attempt_does_not_block_first_hero_endpoint) ... ok
test_local_failed_adjudication_never_withholds_entire_population (tests.test_populations.AdversePopulationTests.test_local_failed_adjudication_never_withholds_entire_population) ... ok
test_missing_text_is_not_automatic_missing_artifact_identity (tests.test_populations.AdversePopulationTests.test_missing_text_is_not_automatic_missing_artifact_identity) ... ok
test_public_surface_stops_before_metrics_and_comparisons (tests.test_populations.AdversePopulationTests.test_public_surface_stops_before_metrics_and_comparisons) ... ok
test_reference_registry_and_incident_never_add_model_samples (tests.test_populations.AdversePopulationTests.test_reference_registry_and_incident_never_add_model_samples) ... ok
test_repeated_call_without_new_identity_never_adds_sample (tests.test_populations.AdversePopulationTests.test_repeated_call_without_new_identity_never_adds_sample) ... ok
test_empty_classified_complete_twenty_is_legitimate_zero (tests.test_populations.HeroEndpointTests.test_empty_classified_complete_twenty_is_legitimate_zero) ... ok
test_group_plan_cannot_be_inferred_from_twenty_rows (tests.test_populations.HeroEndpointTests.test_group_plan_cannot_be_inferred_from_twenty_rows) ... ok
test_hero_membership_5_10_20_matches_frozen_design (tests.test_populations.HeroEndpointTests.test_hero_membership_5_10_20_matches_frozen_design) ... ok
test_last_group_failure_does_not_erase_earlier_endpoint (tests.test_populations.HeroEndpointTests.test_last_group_failure_does_not_erase_earlier_endpoint) ... ok
test_missing_g2_p5_allows_descriptive_but_not_matched_prefix (tests.test_populations.HeroEndpointTests.test_missing_g2_p5_allows_descriptive_but_not_matched_prefix) ... ok
test_same_group_records_are_not_independent_draws (tests.test_populations.HeroEndpointTests.test_same_group_records_are_not_independent_draws) ... ok
test_supplementary_single_candidate_k_is_not_hero_endpoint (tests.test_populations.HeroEndpointTests.test_supplementary_single_candidate_k_is_not_hero_endpoint) ... ok
test_unclassified_position_is_kept_without_replacement (tests.test_populations.HeroEndpointTests.test_unclassified_position_is_kept_without_replacement) ... ok
test_wrong_primary_attempt_blocks_matching_group (tests.test_populations.HeroEndpointTests.test_wrong_primary_attempt_blocks_matching_group) ... ok
test_all_invalid_can_still_have_structural_population (tests.test_populations.PopulationTests.test_all_invalid_can_still_have_structural_population) ... ok
test_axes_overlap_and_each_reconciles_to_selected_inventory (tests.test_populations.PopulationTests.test_axes_overlap_and_each_reconciles_to_selected_inventory) ... ok
test_conflicting_pin_is_local (tests.test_populations.PopulationTests.test_conflicting_pin_is_local) ... ok
test_independence_only_correction_preserves_counts (tests.test_populations.PopulationTests.test_independence_only_correction_preserves_counts) ... ok
test_inputs_remain_unchanged_and_results_are_immutable (tests.test_populations.PopulationTests.test_inputs_remain_unchanged_and_results_are_immutable) ... ok
test_known_empty_selection_has_undefined_ratios (tests.test_populations.PopulationTests.test_known_empty_selection_has_undefined_ratios) ... ok
test_mf07_all_five_ratios_keep_unreduced_accounting (tests.test_populations.PopulationTests.test_mf07_all_five_ratios_keep_unreduced_accounting) ... ok
test_mf07_exact_memberships (tests.test_populations.PopulationTests.test_mf07_exact_memberships) ... ok
test_missing_assignment_pin_has_no_latest_fallback (tests.test_populations.PopulationTests.test_missing_assignment_pin_has_no_latest_fallback) ... ok
test_missing_essential_class_evidence_preserves_other_samples (tests.test_populations.PopulationTests.test_missing_essential_class_evidence_preserves_other_samples) ... ok
test_missing_text_does_not_become_zero_coverage (tests.test_populations.PopulationTests.test_missing_text_does_not_become_zero_coverage) ... ok
test_missing_validity_does_not_become_invalid (tests.test_populations.PopulationTests.test_missing_validity_does_not_become_invalid) ... ok
test_no_io_or_model_calls_in_population_pass (tests.test_populations.PopulationTests.test_no_io_or_model_calls_in_population_pass) ... ok
test_old_and_corrected_populations_keep_sample_identity (tests.test_populations.PopulationTests.test_old_and_corrected_populations_keep_sample_identity) ... ok
test_one_class_is_distinct_from_no_class (tests.test_populations.PopulationTests.test_one_class_is_distinct_from_no_class) ... ok
test_other_cell_survives_malformed_frame_and_no_pooling (tests.test_populations.PopulationTests.test_other_cell_survives_malformed_frame_and_no_pooling) ... ok
test_registry_zeros_remain_and_never_add_observations (tests.test_populations.PopulationTests.test_registry_zeros_remain_and_never_add_observations) ... ok
test_renaming_supported_class_ids_preserves_population_counts (tests.test_populations.PopulationTests.test_renaming_supported_class_ids_preserves_population_counts) ... ok
test_schema_correction_scopes_class_and_validity_separately (tests.test_populations.PopulationTests.test_schema_correction_scopes_class_and_validity_separately) ... ok
test_shared_schema_failure_is_unavailable_not_zero_classes (tests.test_populations.PopulationTests.test_shared_schema_failure_is_unavailable_not_zero_classes) ... ok
test_unknown_order_leaves_whole_cell_population_available (tests.test_populations.PopulationTests.test_unknown_order_leaves_whole_cell_population_available) ... ok
test_unknown_selection_is_unavailable_not_empty (tests.test_populations.PopulationTests.test_unknown_selection_is_unavailable_not_empty) ... ok
test_validity_does_not_fill_unresolved_or_provisional_class (tests.test_populations.PopulationTests.test_validity_does_not_fill_unresolved_or_provisional_class) ... ok
test_wholly_unclassified_selection_remains_known_zero (tests.test_populations.PopulationTests.test_wholly_unclassified_selection_remains_known_zero) ... ok
test_accumulation_monotonicity_on_fixed_assignments (tests.test_populations.PrefixTests.test_accumulation_monotonicity_on_fixed_assignments) ... ok
test_actual_order_change_may_change_prefix (tests.test_populations.PrefixTests.test_actual_order_change_may_change_prefix) ... ok
test_available_unclassified_prefix_has_count_zero (tests.test_populations.PrefixTests.test_available_unclassified_prefix_has_count_zero) ... ok
test_grid_preserved_and_not_sorted_after_results (tests.test_populations.PrefixTests.test_grid_preserved_and_not_sorted_after_results) ... ok
test_invalid_and_omitted_k_have_distinct_outcomes (tests.test_populations.PrefixTests.test_invalid_and_omitted_k_have_distinct_outcomes) ... ok
test_invalid_or_unresolved_positions_are_not_backfilled (tests.test_populations.PrefixTests.test_invalid_or_unresolved_positions_are_not_backfilled) ... ok
test_invalid_view_and_mode_fail_explicitly (tests.test_populations.PrefixTests.test_invalid_view_and_mode_fail_explicitly) ... ok
test_mf10_exact_prefix_oracles (tests.test_populations.PrefixTests.test_mf10_exact_prefix_oracles) ... ok
test_partial_group_flag_is_descriptive_only (tests.test_populations.PrefixTests.test_partial_group_flag_is_descriptive_only) ... ok
test_storage_order_change_cannot_change_prefix (tests.test_populations.PrefixTests.test_storage_order_change_cannot_change_prefix) ... ok
test_prior_requirement_and_source_identities_remain_intact (tests.test_populations.Step4MatrixTests.test_prior_requirement_and_source_identities_remain_intact) ... ok
test_step4_progress_and_bindings_cover_executed_methods (tests.test_populations.Step4MatrixTests.test_step4_progress_and_bindings_cover_executed_methods) ... ok
test_mismatched_row_reference_cannot_redirect_requirement (tests.test_records.CatalogueReferenceTests.test_mismatched_row_reference_cannot_redirect_requirement) ... ok
test_modified_source_is_rejected_before_catalogue_expansion (tests.test_records.CatalogueReferenceTests.test_modified_source_is_rejected_before_catalogue_expansion) ... ok
test_duplicate_id_including_bad_record_is_ambiguous (tests.test_records.IdentityTests.test_duplicate_id_including_bad_record_is_ambiguous) ... ok
test_explicit_revisions_and_conflicting_pins (tests.test_records.IdentityTests.test_explicit_revisions_and_conflicting_pins) ... ok
test_identical_content_with_distinct_ids_is_not_deduplicated (tests.test_records.IdentityTests.test_identical_content_with_distinct_ids_is_not_deduplicated) ... ok
test_missing_reference_keeps_other_records (tests.test_records.IdentityTests.test_missing_reference_keeps_other_records) ... ok
test_unallocated_sample_is_retained (tests.test_records.IdentityTests.test_unallocated_sample_is_retained) ... ok
test_wrong_protocol_version_is_diagnosed (tests.test_records.IdentityTests.test_wrong_protocol_version_is_diagnosed) ... ok
test_declaration_limit_is_explicit (tests.test_records.InputBoundaryReviewTests.test_declaration_limit_is_explicit) ... ok
test_duplicate_source_pins_and_wrong_registry_reference_fail (tests.test_records.InputBoundaryReviewTests.test_duplicate_source_pins_and_wrong_registry_reference_fail) ... ok
test_nested_ref_shaped_metadata_does_not_crash (tests.test_records.InputBoundaryReviewTests.test_nested_ref_shaped_metadata_does_not_crash) ... ok
test_unsupported_kind_cannot_leak_into_identity_diagnostics (tests.test_records.InputBoundaryReviewTests.test_unsupported_kind_cannot_leak_into_identity_diagnostics) ... ok
test_axes_cannot_be_substituted (tests.test_records.KnowledgeTests.test_axes_cannot_be_substituted) ... ok
test_bad_tagged_values_have_safe_failures (tests.test_records.KnowledgeTests.test_bad_tagged_values_have_safe_failures) ... ok
test_knowledge_freezes_caller_owned_data (tests.test_records.KnowledgeTests.test_knowledge_freezes_caller_owned_data) ... ok
test_known_zero_false_empty_and_null_are_retained (tests.test_records.KnowledgeTests.test_known_zero_false_empty_and_null_are_retained) ... ok
test_missing_value_and_contradictory_knowledge_fail (tests.test_records.KnowledgeTests.test_missing_value_and_contradictory_knowledge_fail) ... ok
test_unknown_unavailable_and_not_applicable_are_distinct (tests.test_records.KnowledgeTests.test_unknown_unavailable_and_not_applicable_are_distinct) ... ok
test_bad_manifest_and_duplicate_files_fail (tests.test_records.ManifestTests.test_bad_manifest_and_duplicate_files_fail) ... ok
test_exact_decimal_string_and_number_tokens (tests.test_records.ManifestTests.test_exact_decimal_string_and_number_tokens) ... ok
test_incompatible_frame_version_is_not_empty_data (tests.test_records.ManifestTests.test_incompatible_frame_version_is_not_empty_data) ... ok
test_invalid_thresholds_and_k_are_scoped (tests.test_records.ManifestTests.test_invalid_thresholds_and_k_are_scoped) ... ok
test_minimal_manifest_has_no_default_controls (tests.test_records.ManifestTests.test_minimal_manifest_has_no_default_controls) ... ok
test_missing_frame_does_not_erase_other_frame (tests.test_records.ManifestTests.test_missing_frame_does_not_erase_other_frame) ... ok
test_source_and_ec_addendum_pins_match (tests.test_records.ManifestTests.test_source_and_ec_addendum_pins_match) ... ok
test_assigned_without_class_is_rejected (tests.test_records.RecordShapeTests.test_assigned_without_class_is_rejected) ... ok
test_assignment_states_preserve_review_and_candidates (tests.test_records.RecordShapeTests.test_assignment_states_preserve_review_and_candidates) ... ok
test_class_on_unresolved_is_rejected (tests.test_records.RecordShapeTests.test_class_on_unresolved_is_rejected) ... ok
test_counts_reject_booleans_and_nonintegers (tests.test_records.RecordShapeTests.test_counts_reject_booleans_and_nonintegers) ... ok
test_evidence_payload_is_envelope_only (tests.test_records.RecordShapeTests.test_evidence_payload_is_envelope_only) ... ok
test_hostile_payload_is_preserved_not_interpreted (tests.test_records.RecordShapeTests.test_hostile_payload_is_preserved_not_interpreted) ... ok
test_malformed_and_alias_ids_fail_without_echoing_content (tests.test_records.RecordShapeTests.test_malformed_and_alias_ids_fail_without_echoing_content) ... ok
test_missing_optional_data_stays_absent (tests.test_records.RecordShapeTests.test_missing_optional_data_stays_absent) ... ok
test_unsupported_version_kind_and_fields_preserve_raw (tests.test_records.RecordShapeTests.test_unsupported_version_kind_and_fields_preserve_raw) ... ok
test_validity_is_separate_and_not_inferred (tests.test_records.RecordShapeTests.test_validity_is_separate_and_not_inferred) ... ok
test_named_negative_cases_are_fixture_only (tests.test_records.RegistryTests.test_named_negative_cases_are_fixture_only) ... ok
test_registry_is_definition_not_model_samples (tests.test_records.RegistryTests.test_registry_is_definition_not_model_samples) ... ok
test_registry_is_exact_transcription_with_no_validation_claim (tests.test_records.RegistryTests.test_registry_is_exact_transcription_with_no_validation_claim) ... ok
test_additive_source_history_preserves_baseline_authorization (tests.test_records.Step2MatrixTests.test_additive_source_history_preserves_baseline_authorization) ... ok
test_catalogue_binds_actual_input_tests (tests.test_records.Step2MatrixTests.test_catalogue_binds_actual_input_tests) ... ok
test_partial_input_bindings_do_not_close_vt_or_evidence (tests.test_records.Step2MatrixTests.test_partial_input_bindings_do_not_close_vt_or_evidence) ... ok
test_all_ten_ec_disclosures_and_unknown_expiry_visible (tests.test_reporting.ReportTests.test_all_ten_ec_disclosures_and_unknown_expiry_visible) ... ok
test_all_v_and_d_results_are_null_with_explicit_status (tests.test_reporting.ReportTests.test_all_v_and_d_results_are_null_with_explicit_status) ... ok
test_canonical_dictionary_order_invariance (tests.test_reporting.ReportTests.test_canonical_dictionary_order_invariance) ... ok
test_control_characters_links_html_and_pipes_are_inert (tests.test_reporting.ReportTests.test_control_characters_links_html_and_pipes_are_inert) ... ok
test_every_scalar_value_unit_status_and_reason_survives_markdown (tests.test_reporting.ReportTests.test_every_scalar_value_unit_status_and_reason_survives_markdown) ... ok
test_evidence_limitations_precede_numeric_results (tests.test_reporting.ReportTests.test_evidence_limitations_precede_numeric_results) ... ok
test_five_conjunctive_conditions_visible (tests.test_reporting.ReportTests.test_five_conjunctive_conditions_visible) ... ok
test_held_evidence_prose_and_task_metadata_not_copied (tests.test_reporting.ReportTests.test_held_evidence_prose_and_task_metadata_not_copied) ... ok
test_json_and_markdown_consume_identical_tree (tests.test_reporting.ReportTests.test_json_and_markdown_consume_identical_tree) ... ok
test_json_keeps_unrounded_float (tests.test_reporting.ReportTests.test_json_keeps_unrounded_float) ... ok
test_missing_required_section_fails_serialization (tests.test_reporting.ReportTests.test_missing_required_section_fails_serialization) ... ok
test_no_empirical_support_or_score_fabricated (tests.test_reporting.ReportTests.test_no_empirical_support_or_score_fabricated) ... ok
test_nonfinite_results_cannot_be_serialized (tests.test_reporting.ReportTests.test_nonfinite_results_cannot_be_serialized) ... ok
test_pinned_input_hashes_do_not_claim_program_hashes (tests.test_reporting.ReportTests.test_pinned_input_hashes_do_not_claim_program_hashes) ... ok
test_private_root_absent_from_all_outputs (tests.test_reporting.ReportTests.test_private_root_absent_from_all_outputs) ... ok
test_reanalysis_and_v_dependents_remain_separate (tests.test_reporting.ReportTests.test_reanalysis_and_v_dependents_remain_separate) ... ok
test_required_section_order (tests.test_reporting.ReportTests.test_required_section_order) ... ok
test_scoped_ids_retained_without_private_person_mappings (tests.test_reporting.ReportTests.test_scoped_ids_retained_without_private_person_mappings) ... ok
test_source_lineage_pins_and_transform_references_retained (tests.test_reporting.ReportTests.test_source_lineage_pins_and_transform_references_retained) ... ok
test_unknown_unavailable_and_inapplicable_retain_distinction (tests.test_reporting.ReportTests.test_unknown_unavailable_and_inapplicable_retain_distinction) ... ok
test_zero_count_registry_classes_are_visible (tests.test_reporting.ReportTests.test_zero_count_registry_classes_are_visible) ... ok
test_zero_false_and_known_null_are_not_unknown (tests.test_reporting.ReportTests.test_zero_false_and_known_null_are_not_unknown) ... ok
test_actual_output_hash_is_preserved_while_body_is_withheld (tests.test_reporting.SourceAssociationDisclosureTests.test_actual_output_hash_is_preserved_while_body_is_withheld) ... ok
test_all_54_scope_dispositions_and_37_m_families (tests.test_scaffold.BaselineTests.test_all_54_scope_dispositions_and_37_m_families) ... ok
test_all_baseline_hashes_match (tests.test_scaffold.BaselineTests.test_all_baseline_hashes_match) ... ok
test_expected_hashes_match_plan_appendix (tests.test_scaffold.BaselineTests.test_expected_hashes_match_plan_appendix) ... ok
test_matrix_preserves_report_catalogue (tests.test_scaffold.BaselineTests.test_matrix_preserves_report_catalogue) ... ok
test_matrix_preserves_trace_catalogue (tests.test_scaffold.BaselineTests.test_matrix_preserves_trace_catalogue) ... ok
test_matrix_preserves_vf_catalogue (tests.test_scaffold.BaselineTests.test_matrix_preserves_vf_catalogue) ... ok
test_matrix_validation (tests.test_scaffold.BaselineTests.test_matrix_validation) ... ok
test_readme_scope_is_explicit (tests.test_scaffold.BaselineTests.test_readme_scope_is_explicit) ... ok
test_forbidden_commands_are_rejected (tests.test_scaffold.CommandTests.test_forbidden_commands_are_rejected) ... ok
test_help (tests.test_scaffold.CommandTests.test_help) ... ok
test_no_arguments_show_help (tests.test_scaffold.CommandTests.test_no_arguments_show_help) ... ok
test_runtime_help_and_version_do_not_use_network_or_child_processes (tests.test_scaffold.CommandTests.test_runtime_help_and_version_do_not_use_network_or_child_processes) ... ok
test_trusted_helper_rejects_arbitrary_commands (tests.test_scaffold.CommandTests.test_trusted_helper_rejects_arbitrary_commands) ... ok
test_unknown_option_is_error (tests.test_scaffold.CommandTests.test_unknown_option_is_error) ... ok
test_validate_and_analyze_require_input_or_are_unavailable (tests.test_scaffold.CommandTests.test_validate_and_analyze_require_input_or_are_unavailable) ... ok
test_version (tests.test_scaffold.CommandTests.test_version) ... ok
test_broken_binding_fails (tests.test_scaffold.HarnessTests.test_broken_binding_fails) ... ok
test_class_fixture_error_is_recorded (tests.test_scaffold.HarnessTests.test_class_fixture_error_is_recorded) ... ok
test_corrupt_journal_is_not_overwritten (tests.test_scaffold.HarnessTests.test_corrupt_journal_is_not_overwritten) ... ok
test_duplicate_discovery_fails (tests.test_scaffold.HarnessTests.test_duplicate_discovery_fails) ... ok
test_empty_discovery_fails_both_gates (tests.test_scaffold.HarnessTests.test_empty_discovery_fails_both_gates) ... ok
test_expected_failure_is_not_accepted (tests.test_scaffold.HarnessTests.test_expected_failure_is_not_accepted) ... ok
test_failure_and_error_are_recorded (tests.test_scaffold.HarnessTests.test_failure_and_error_are_recorded) ... ok
test_future_evidence_is_not_executed (tests.test_scaffold.HarnessTests.test_future_evidence_is_not_executed) ... ok
test_journal_retains_prior_runs (tests.test_scaffold.HarnessTests.test_journal_retains_prior_runs) ... ok
test_missing_m_bindings_fail_final_gate (tests.test_scaffold.HarnessTests.test_missing_m_bindings_fail_final_gate) ... ok
test_missing_scaffold_binding_fails (tests.test_scaffold.HarnessTests.test_missing_scaffold_binding_fails) ... ok
test_missing_trace_binding_fails_final_gate (tests.test_scaffold.HarnessTests.test_missing_trace_binding_fails_final_gate) ... ok
test_required_m_skip_blocks_final_gate (tests.test_scaffold.HarnessTests.test_required_m_skip_blocks_final_gate) ... ok
test_runner_help_does_not_run_tests (tests.test_scaffold.HarnessTests.test_runner_help_does_not_run_tests) ... ok
test_skipped_test_is_not_accepted (tests.test_scaffold.HarnessTests.test_skipped_test_is_not_accepted) ... ok
test_subtest_failure_is_recorded (tests.test_scaffold.HarnessTests.test_subtest_failure_is_recorded) ... ok
test_unexpected_success_is_not_accepted (tests.test_scaffold.HarnessTests.test_unexpected_success_is_not_accepted) ... ok
test_distribution_excludes_tests_docs_and_pdfs (tests.test_scaffold.PackageTests.test_distribution_excludes_tests_docs_and_pdfs) ... ok
test_import_under_standard_library_only (tests.test_scaffold.PackageTests.test_import_under_standard_library_only) ... ok
test_metadata_has_no_runtime_dependencies (tests.test_scaffold.PackageTests.test_metadata_has_no_runtime_dependencies) ... ok
test_no_public_analysis_api (tests.test_scaffold.PackageTests.test_no_public_analysis_api) ... ok
test_version_matches_metadata (tests.test_scaffold.PackageTests.test_version_matches_metadata) ... ok
test_hostile_text_never_executes_or_calls_network (tests.test_security.PassiveInputTests.test_hostile_text_never_executes_or_calls_network) ... ok
test_no_model_metric_or_candidate_runner_surface (tests.test_security.PassiveInputTests.test_no_model_metric_or_candidate_runner_surface) ... ok
test_private_artifact_does_not_attempt_local_read (tests.test_security.PassiveInputTests.test_private_artifact_does_not_attempt_local_read) ... ok
test_unsafe_local_urls_never_reach_network (tests.test_security.PassiveInputTests.test_unsafe_local_urls_never_reach_network) ... ok
test_cli_errors_do_not_echo_credentials_or_paths (tests.test_security.Step7SafetyTests.test_cli_errors_do_not_echo_credentials_or_paths) ... ok
test_entire_import_analysis_is_inert_under_hostile_evidence (tests.test_security.Step7SafetyTests.test_entire_import_analysis_is_inert_under_hostile_evidence) ... ok
test_failure_after_atomic_publication_keeps_published_bytes (tests.test_security.Step7SafetyTests.test_failure_after_atomic_publication_keeps_published_bytes) ... ok
test_no_runtime_imports_of_test_harness (tests.test_security.Step7SafetyTests.test_no_runtime_imports_of_test_harness) ... ok
test_published_report_directory_cannot_be_overwritten (tests.test_security.Step7SafetyTests.test_published_report_directory_cannot_be_overwritten) ... ok

----------------------------------------------------------------------
Ran 503 tests in 28.402s

OK

Requested gate: phase1
Requested gate passed: True
Phase 1 M complete: True
Unresolved M families (0): 
Gate reasons: none
Runner exit code: 0

=== 680e7551-57fa-4e99-8fa3-a2679c3211d6 ===
test_conflicting_assertion_is_not_vote (tests.test_evidence.AdmissionTests.test_conflicting_assertion_is_not_vote) ... ok
test_cycle_of_evidence_support_is_not_grounding (tests.test_evidence.AdmissionTests.test_cycle_of_evidence_support_is_not_grounding) ... ok
test_duplicate_invalid_record_still_ambiguous (tests.test_evidence.AdmissionTests.test_duplicate_invalid_record_still_ambiguous) ... ok
test_duplicate_pin_even_identical_is_conflict (tests.test_evidence.AdmissionTests.test_duplicate_pin_even_identical_is_conflict) ... ok
test_execution_record_required_for_coding_validity (tests.test_evidence.AdmissionTests.test_execution_record_required_for_coding_validity) ... ok
test_explicit_evidence_contradiction_is_preserved (tests.test_evidence.AdmissionTests.test_explicit_evidence_contradiction_is_preserved) ... ok
test_fixture_cannot_validate_import (tests.test_evidence.AdmissionTests.test_fixture_cannot_validate_import) ... ok
test_fixture_missing_declaration_is_local (tests.test_evidence.AdmissionTests.test_fixture_missing_declaration_is_local) ... ok
test_fixture_policy_cannot_present_empirical_context (tests.test_evidence.AdmissionTests.test_fixture_policy_cannot_present_empirical_context) ... ok
test_fixture_positive_is_only_stipulated (tests.test_evidence.AdmissionTests.test_fixture_positive_is_only_stipulated) ... ok
test_import_positive_carries_restricted_scientific_scope (tests.test_evidence.AdmissionTests.test_import_positive_carries_restricted_scientific_scope) ... ok
test_import_requires_adjudication_record (tests.test_evidence.AdmissionTests.test_import_requires_adjudication_record) ... ok
test_imported_outcome_conflict_is_not_ignored (tests.test_evidence.AdmissionTests.test_imported_outcome_conflict_is_not_ignored) ... ok
test_inaccessible_essential_report_withholds_label (tests.test_evidence.AdmissionTests.test_inaccessible_essential_report_withholds_label) ... ok
test_invalid_validity_does_not_erase_class (tests.test_evidence.AdmissionTests.test_invalid_validity_does_not_erase_class) ... ok
test_known_malformed_method_is_controlled (tests.test_evidence.AdmissionTests.test_known_malformed_method_is_controlled) ... ok
test_missing_independence_does_not_remove_mechanism (tests.test_evidence.AdmissionTests.test_missing_independence_does_not_remove_mechanism) ... ok
test_missing_reviewer_is_not_adjudication (tests.test_evidence.AdmissionTests.test_missing_reviewer_is_not_adjudication) ... ok
test_missing_text_is_not_automatic_membership_failure (tests.test_evidence.AdmissionTests.test_missing_text_is_not_automatic_membership_failure) ... ok
test_model_label_and_embedding_methods_do_not_admit (tests.test_evidence.AdmissionTests.test_model_label_and_embedding_methods_do_not_admit) ... ok
test_no_pin_never_selects_latest (tests.test_evidence.AdmissionTests.test_no_pin_never_selects_latest) ... ok
test_not_assessed_does_not_create_invalidity (tests.test_evidence.AdmissionTests.test_not_assessed_does_not_create_invalidity) ... ok
test_payload_shape_does_not_certify_evidence (tests.test_evidence.AdmissionTests.test_payload_shape_does_not_certify_evidence) ... ok
test_provisional_is_not_admitted (tests.test_evidence.AdmissionTests.test_provisional_is_not_admitted) ... ok
test_repaired_artifact_cannot_validate_original (tests.test_evidence.AdmissionTests.test_repaired_artifact_cannot_validate_original) ... ok
test_revision_pin_mismatch_is_not_repaired (tests.test_evidence.AdmissionTests.test_revision_pin_mismatch_is_not_repaired) ... ok
test_sorted_outputs_do_not_identify_algorithm (tests.test_evidence.AdmissionTests.test_sorted_outputs_do_not_identify_algorithm) ... ok
test_timeout_cannot_validate_or_invalidate_program (tests.test_evidence.AdmissionTests.test_timeout_cannot_validate_or_invalidate_program) ... ok
test_unclassified_stays_unclassified (tests.test_evidence.AdmissionTests.test_unclassified_stays_unclassified) ... ok
test_undetermined_and_absent_validity_are_distinct (tests.test_evidence.AdmissionTests.test_undetermined_and_absent_validity_are_distinct) ... ok
test_unresolved_adjudicated_retains_epistemic_state (tests.test_evidence.AdmissionTests.test_unresolved_adjudicated_retains_epistemic_state) ... ok
test_wrong_execution_subject_is_detected (tests.test_evidence.AdmissionTests.test_wrong_execution_subject_is_detected) ... ok
test_wrong_frame_withholds_only_affected_sample (tests.test_evidence.AdmissionTests.test_wrong_frame_withholds_only_affected_sample) ... ok
test_wrong_rubric_withholds_validity_only (tests.test_evidence.AdmissionTests.test_wrong_rubric_withholds_validity_only) ... ok
test_cross_sample_predecessor_does_not_merge_samples (tests.test_evidence.CorrectionTests.test_cross_sample_predecessor_does_not_merge_samples) ... ok
test_cyclic_revision_link_is_detected (tests.test_evidence.CorrectionTests.test_cyclic_revision_link_is_detected) ... ok
test_impact_records_link_without_recalculating_metrics (tests.test_evidence.CorrectionTests.test_impact_records_link_without_recalculating_metrics) ... ok
test_independence_only_withdrawal_keeps_label (tests.test_evidence.CorrectionTests.test_independence_only_withdrawal_keeps_label) ... ok
test_passive_review_never_invokes_network_or_executes (tests.test_evidence.CorrectionTests.test_passive_review_never_invokes_network_or_executes) ... ok
test_pending_challenge_is_explicit (tests.test_evidence.CorrectionTests.test_pending_challenge_is_explicit) ... ok
test_raw_bundle_is_unchanged_by_review (tests.test_evidence.CorrectionTests.test_raw_bundle_is_unchanged_by_review) ... ok
test_rejected_challenge_cannot_withdraw (tests.test_evidence.CorrectionTests.test_rejected_challenge_cannot_withdraw) ... ok
test_revision_with_new_evidence_requires_new_pin (tests.test_evidence.CorrectionTests.test_revision_with_new_evidence_requires_new_pin) ... ok
test_shared_schema_challenge_affects_all_dependent_labels (tests.test_evidence.CorrectionTests.test_shared_schema_challenge_affects_all_dependent_labels) ... ok
test_withdrawal_preserves_other_assignment_and_validity (tests.test_evidence.CorrectionTests.test_withdrawal_preserves_other_assignment_and_validity) ... ok
test_absent_target_does_not_validate_by_two_votes (tests.test_integrity_records.IntegrityTests.test_absent_target_does_not_validate_by_two_votes) ... ok
test_all_nineteen_support_types_have_explicit_payload_validation (tests.test_integrity_records.IntegrityTests.test_all_nineteen_support_types_have_explicit_payload_validation) ... ok
test_audit_extra_review_does_not_replace_missing_planned_position (tests.test_integrity_records.IntegrityTests.test_audit_extra_review_does_not_replace_missing_planned_position) ... ok
test_audit_needs_annotations_for_each_reviewed_target (tests.test_integrity_records.IntegrityTests.test_audit_needs_annotations_for_each_reviewed_target) ... ok
test_checked_in_integrity_cases_are_actual_mock_payloads (tests.test_integrity_records.IntegrityTests.test_checked_in_integrity_cases_are_actual_mock_payloads) ... ok
test_complete_mock_form_never_certifies_operational_openness (tests.test_integrity_records.IntegrityTests.test_complete_mock_form_never_certifies_operational_openness) ... ok
test_complete_review_keeps_sources_and_classifications_passive (tests.test_integrity_records.IntegrityTests.test_complete_review_keeps_sources_and_classifications_passive) ... ok
test_design_32_core_and_28_pairs_remains_a_plan (tests.test_integrity_records.IntegrityTests.test_design_32_core_and_28_pairs_remains_a_plan) ... ok
test_design_8995_tests_does_not_count_as_performed_validation (tests.test_integrity_records.IntegrityTests.test_design_8995_tests_does_not_count_as_performed_validation) ... ok
test_disagreement_preserves_both_initial_outcomes (tests.test_integrity_records.IntegrityTests.test_disagreement_preserves_both_initial_outcomes) ... ok
test_domain_property_mismatch_is_not_execution_evidence (tests.test_integrity_records.IntegrityTests.test_domain_property_mismatch_is_not_execution_evidence) ... ok
test_empty_intake_is_distinct_from_received_evidence (tests.test_integrity_records.IntegrityTests.test_empty_intake_is_distinct_from_received_evidence) ... ok
test_four_conditions_cannot_claim_five_condition_openness (tests.test_integrity_records.IntegrityTests.test_four_conditions_cannot_claim_five_condition_openness) ... ok
test_initial_judgment_materials_must_match (tests.test_integrity_records.IntegrityTests.test_initial_judgment_materials_must_match) ... ok
test_initial_label_exposure_is_not_independent_first_pass (tests.test_integrity_records.IntegrityTests.test_initial_label_exposure_is_not_independent_first_pass) ... ok
test_known_prior_exposure_overrides_false_annotation_flag (tests.test_integrity_records.IntegrityTests.test_known_prior_exposure_overrides_false_annotation_flag) ... ok
test_later_discussion_does_not_rewrite_first_pass (tests.test_integrity_records.IntegrityTests.test_later_discussion_does_not_rewrite_first_pass) ... ok
test_lineage_cycles_do_not_trigger_universal_dag_rejection (tests.test_integrity_records.IntegrityTests.test_lineage_cycles_do_not_trigger_universal_dag_rejection) ... ok
test_malformed_public_annotation_reference_is_controlled (tests.test_integrity_records.IntegrityTests.test_malformed_public_annotation_reference_is_controlled) ... ok
test_matching_mock_audit_stays_record_only (tests.test_integrity_records.IntegrityTests.test_matching_mock_audit_stays_record_only) ... ok
test_missing_claim_evidence_is_unresolved_not_satisfied (tests.test_integrity_records.IntegrityTests.test_missing_claim_evidence_is_unresolved_not_satisfied) ... ok
test_missing_mock_marker_is_not_defaulted (tests.test_integrity_records.IntegrityTests.test_missing_mock_marker_is_not_defaulted) ... ok
test_mistyped_annotation_actor_is_controlled (tests.test_integrity_records.IntegrityTests.test_mistyped_annotation_actor_is_controlled) ... ok
test_mistyped_domain_suite_reference_is_controlled (tests.test_integrity_records.IntegrityTests.test_mistyped_domain_suite_reference_is_controlled) ... ok
test_nonapplicable_cannot_evade_mandatory_condition (tests.test_integrity_records.IntegrityTests.test_nonapplicable_cannot_evade_mandatory_condition) ... ok
test_one_unresolved_condition_cannot_be_averaged_away (tests.test_integrity_records.IntegrityTests.test_one_unresolved_condition_cannot_be_averaged_away) ... ok
test_source_unknowns_cannot_become_inferred_ancestry (tests.test_integrity_records.IntegrityTests.test_source_unknowns_cannot_become_inferred_ancestry) ... ok
test_step3_matrix_binds_all_actual_step3_checks (tests.test_integrity_records.IntegrityTests.test_step3_matrix_binds_all_actual_step3_checks) ... ok
test_structural_schema_challenge_keeps_separate_validity (tests.test_integrity_records.IntegrityTests.test_structural_schema_challenge_keeps_separate_validity) ... ok
test_support_value_type_mutations_do_not_crash (tests.test_integrity_records.IntegrityTests.test_support_value_type_mutations_do_not_crash) ... ok
test_two_mock_humans_are_only_record_consistent (tests.test_integrity_records.IntegrityTests.test_two_mock_humans_are_only_record_consistent) ... ok
test_two_sessions_by_one_person_fail_two_person_requirement (tests.test_integrity_records.IntegrityTests.test_two_sessions_by_one_person_fail_two_person_requirement) ... ok
test_unknown_expiry_does_not_invent_validity_period (tests.test_integrity_records.IntegrityTests.test_unknown_expiry_does_not_invent_validity_period) ... ok
test_unknown_exposure_does_not_become_false (tests.test_integrity_records.IntegrityTests.test_unknown_exposure_does_not_become_false) ... ok
test_unknown_parent_remains_unknown (tests.test_integrity_records.IntegrityTests.test_unknown_parent_remains_unknown) ... ok
test_unknown_payload_fields_are_not_executable_extensions (tests.test_integrity_records.IntegrityTests.test_unknown_payload_fields_are_not_executable_extensions) ... ok
test_unreviewed_intake_preserves_original_anomaly (tests.test_integrity_records.IntegrityTests.test_unreviewed_intake_preserves_original_anomaly) ... ok
test_withdrawn_suite_cannot_support_execution_record (tests.test_integrity_records.IntegrityTests.test_withdrawn_suite_cannot_support_execution_record) ... ok
test_complete_core_coverage_is_record_consistent_but_still_mock (tests.test_integrity_records.Step7CompleteReferenceFixtures.test_complete_core_coverage_is_record_consistent_but_still_mock) ... ok
test_complete_systematic_audit_plan_resolves_exact_72_positions (tests.test_integrity_records.Step7CompleteReferenceFixtures.test_complete_systematic_audit_plan_resolves_exact_72_positions) ... ok
test_absent_oracle_is_not_independent_validation (tests.test_integrity_records.Step7FunctionalRecords.test_absent_oracle_is_not_independent_validation) ... ok
test_complete_8995_order_construction_and_hash (tests.test_integrity_records.Step7FunctionalRecords.test_complete_8995_order_construction_and_hash) ... ok
test_complete_mock_import_is_record_consistent_only (tests.test_integrity_records.Step7FunctionalRecords.test_complete_mock_import_is_record_consistent_only) ... ok
test_containment_or_missing_reference_family_blocks_claim (tests.test_integrity_records.Step7FunctionalRecords.test_containment_or_missing_reference_family_blocks_claim) ... ok
test_decisive_counterexample_can_precede_full_coverage (tests.test_integrity_records.Step7FunctionalRecords.test_decisive_counterexample_can_precede_full_coverage) ... ok
test_each_property_is_required_without_boolean_coercion (tests.test_integrity_records.Step7FunctionalRecords.test_each_property_is_required_without_boolean_coercion) ... ok
test_each_segment_construction_is_checked (tests.test_integrity_records.Step7FunctionalRecords.test_each_segment_construction_is_checked) ... ok
test_equal_inputs_keep_distinct_ids_and_purposes (tests.test_integrity_records.Step7FunctionalRecords.test_equal_inputs_keep_distinct_ids_and_purposes) ... ok
test_exception_needs_explicit_task_counterexample (tests.test_integrity_records.Step7FunctionalRecords.test_exception_needs_explicit_task_counterexample) ... ok
test_forged_manifest_hash_is_rejected (tests.test_integrity_records.Step7FunctionalRecords.test_forged_manifest_hash_is_rejected) ... ok
test_missing_test_cannot_pass_by_declared_count (tests.test_integrity_records.Step7FunctionalRecords.test_missing_test_cannot_pass_by_declared_count) ... ok
test_mock_child_cannot_validate_nonmock_parent (tests.test_integrity_records.Step7FunctionalRecords.test_mock_child_cannot_validate_nonmock_parent) ... ok
test_nested_malformed_runtime_metadata_is_controlled (tests.test_integrity_records.Step7FunctionalRecords.test_nested_malformed_runtime_metadata_is_controlled) ... ok
test_partial_pass_does_not_claim_full_validity (tests.test_integrity_records.Step7FunctionalRecords.test_partial_pass_does_not_claim_full_validity) ... ok
test_plain_pass_string_cannot_establish_validity (tests.test_integrity_records.Step7FunctionalRecords.test_plain_pass_string_cannot_establish_validity) ... ok
test_reordering_is_detected_even_with_new_hash (tests.test_integrity_records.Step7FunctionalRecords.test_reordering_is_detected_even_with_new_hash) ... ok
test_repair_cannot_relabel_original_subject (tests.test_integrity_records.Step7FunctionalRecords.test_repair_cannot_relabel_original_subject) ... ok
test_timeout_memory_harness_or_oracle_failure_is_not_invalidity (tests.test_integrity_records.Step7FunctionalRecords.test_timeout_memory_harness_or_oracle_failure_is_not_invalidity) ... ok
test_unreadable_upstream_evidence_cannot_be_laundered (tests.test_integrity_records.Step7FunctionalRecords.test_unreadable_upstream_evidence_cannot_be_laundered) ... ok
test_28_pairs_and_four_witnesses_checked_without_fabricating_core (tests.test_integrity_records.Step7ReferenceAuditRecords.test_28_pairs_and_four_witnesses_checked_without_fabricating_core) ... ok
test_32_names_without_artifacts_or_annotations_do_not_pass (tests.test_integrity_records.Step7ReferenceAuditRecords.test_32_names_without_artifacts_or_annotations_do_not_pass) ... ok
test_72_planned_positions_are_not_72_reviews (tests.test_integrity_records.Step7ReferenceAuditRecords.test_72_planned_positions_are_not_72_reviews) ... ok
test_changed_systematic_position_fails (tests.test_integrity_records.Step7ReferenceAuditRecords.test_changed_systematic_position_fails) ... ok
test_generic_audit_must_match_actual_frozen_plan (tests.test_integrity_records.Step7ReferenceAuditRecords.test_generic_audit_must_match_actual_frozen_plan) ... ok
test_opposite_membership_claims_do_not_transitively_cluster (tests.test_integrity_records.Step7ReferenceAuditRecords.test_opposite_membership_claims_do_not_transitively_cluster) ... ok
test_overlap_is_preserved_not_forced_into_partition (tests.test_integrity_records.Step7ReferenceAuditRecords.test_overlap_is_preserved_not_forced_into_partition) ... ok
test_pair_duplication_cannot_fill_missing_review (tests.test_integrity_records.Step7ReferenceAuditRecords.test_pair_duplication_cannot_fill_missing_review) ... ok
test_registry_candidate_can_remain_valid_without_new_class (tests.test_integrity_records.Step7ReferenceAuditRecords.test_registry_candidate_can_remain_valid_without_new_class) ... ok
test_repeated_position_does_not_replace_lost_opportunity (tests.test_integrity_records.Step7ReferenceAuditRecords.test_repeated_position_does_not_replace_lost_opportunity) ... ok
test_witness_shape_not_just_four_names (tests.test_integrity_records.Step7ReferenceAuditRecords.test_witness_shape_not_just_four_names) ... ok
test_absent_future_attempt_preserves_earlier_group_plan (tests.test_inventory.AdditionalInventoryTests.test_absent_future_attempt_preserves_earlier_group_plan) ... ok
test_declared_output_offsets_cannot_add_a_new_realization_twice (tests.test_inventory.AdditionalInventoryTests.test_declared_output_offsets_cannot_add_a_new_realization_twice) ... ok
test_duplicate_group_position_with_unknown_attempt_is_unresolved (tests.test_inventory.AdditionalInventoryTests.test_duplicate_group_position_with_unknown_attempt_is_unresolved) ... ok
test_extra_later_failure_does_not_contaminate_known_selected_ids (tests.test_inventory.AdditionalInventoryTests.test_extra_later_failure_does_not_contaminate_known_selected_ids) ... ok
test_malformed_manifest_stays_unavailable_not_successful_empty_study (tests.test_inventory.AdditionalInventoryTests.test_malformed_manifest_stays_unavailable_not_successful_empty_study) ... ok
test_shared_group_across_cells_is_retained_without_pooling (tests.test_inventory.AdditionalInventoryTests.test_shared_group_across_cells_is_retained_without_pooling) ... ok
test_character_offsets_cannot_replace_byte_offsets (tests.test_inventory.ArtifactAssociationTests.test_character_offsets_cannot_replace_byte_offsets) ... ok
test_empty_emitted_region_is_real_bytes_not_missing_slot (tests.test_inventory.ArtifactAssociationTests.test_empty_emitted_region_is_real_bytes_not_missing_slot) ... ok
test_exact_byte_region_keeps_unicode_and_crlf (tests.test_inventory.ArtifactAssociationTests.test_exact_byte_region_keeps_unicode_and_crlf) ... ok
test_missing_raw_is_unavailable_not_an_extraction_guess (tests.test_inventory.ArtifactAssociationTests.test_missing_raw_is_unavailable_not_an_extraction_guess) ... ok
test_negative_bool_and_oversized_spans_are_controlled (tests.test_inventory.ArtifactAssociationTests.test_negative_bool_and_oversized_spans_are_controlled) ... ok
test_raw_response_mismatch_cannot_be_repaired_by_neighbor (tests.test_inventory.ArtifactAssociationTests.test_raw_response_mismatch_cannot_be_repaired_by_neighbor) ... ok
test_truncated_known_text_can_be_associated_without_completion (tests.test_inventory.ArtifactAssociationTests.test_truncated_known_text_can_be_associated_without_completion) ... ok
test_attempt_cell_mismatch_is_preserved (tests.test_inventory.InventoryTests.test_attempt_cell_mismatch_is_preserved) ... ok
test_attempts_and_realizations_are_separate (tests.test_inventory.InventoryTests.test_attempts_and_realizations_are_separate) ... ok
test_conflicting_order_sources_are_not_resolved_by_preference (tests.test_inventory.InventoryTests.test_conflicting_order_sources_are_not_resolved_by_preference) ... ok
test_duplicate_id_is_ambiguous_never_deduplicated_silently (tests.test_inventory.InventoryTests.test_duplicate_id_is_ambiguous_never_deduplicated_silently) ... ok
test_duplicate_malformed_id_remains_ambiguous (tests.test_inventory.InventoryTests.test_duplicate_malformed_id_remains_ambiguous) ... ok
test_duplicate_planned_position_is_unavailable (tests.test_inventory.InventoryTests.test_duplicate_planned_position_is_unavailable) ... ok
test_extra_output_is_preserved_unselected (tests.test_inventory.InventoryTests.test_extra_output_is_preserved_unselected) ... ok
test_failed_five_candidate_call_does_not_create_samples (tests.test_inventory.InventoryTests.test_failed_five_candidate_call_does_not_create_samples) ... ok
test_frame_failure_is_scoped_and_distinct_from_empty (tests.test_inventory.InventoryTests.test_frame_failure_is_scoped_and_distinct_from_empty) ... ok
test_known_empty_and_truncated_emissions_remain_samples (tests.test_inventory.InventoryTests.test_known_empty_and_truncated_emissions_remain_samples) ... ok
test_known_empty_selection_is_zero_with_exclusions (tests.test_inventory.InventoryTests.test_known_empty_selection_is_zero_with_exclusions) ... ok
test_large_attempt_count_does_not_expand_unbounded_positions (tests.test_inventory.InventoryTests.test_large_attempt_count_does_not_expand_unbounded_positions) ... ok
test_malformed_observation_retains_row_and_complete_count_uncertainty (tests.test_inventory.InventoryTests.test_malformed_observation_retains_row_and_complete_count_uncertainty) ... ok
test_missing_requested_sample_cannot_create_observation (tests.test_inventory.InventoryTests.test_missing_requested_sample_cannot_create_observation) ... ok
test_no_io_after_loading (tests.test_inventory.InventoryTests.test_no_io_after_loading) ... ok
test_original_storage_order_is_not_experimental_sequence (tests.test_inventory.InventoryTests.test_original_storage_order_is_not_experimental_sequence) ... ok
test_partial_explicit_order_is_unavailable (tests.test_inventory.InventoryTests.test_partial_explicit_order_is_unavailable) ... ok
test_plan_without_attempt_records_does_not_invent_attempts (tests.test_inventory.InventoryTests.test_plan_without_attempt_records_does_not_invent_attempts) ... ok
test_position_plan_mutations_have_controlled_diagnostics (tests.test_inventory.InventoryTests.test_position_plan_mutations_have_controlled_diagnostics) ... ok
test_primary_attempt_metadata_can_supply_plan (tests.test_inventory.InventoryTests.test_primary_attempt_metadata_can_supply_plan) ... ok
test_private_and_missing_text_do_not_zero_inventory (tests.test_inventory.InventoryTests.test_private_and_missing_text_do_not_zero_inventory) ... ok
test_protocol_mismatch_is_frame_error (tests.test_inventory.InventoryTests.test_protocol_mismatch_is_frame_error) ... ok
test_recorded_ordinals_can_supply_order (tests.test_inventory.InventoryTests.test_recorded_ordinals_can_supply_order) ... ok
test_repeated_bytes_with_distinct_positions_remain_observations (tests.test_inventory.InventoryTests.test_repeated_bytes_with_distinct_positions_remain_observations) ... ok
test_retry_is_preserved_without_adding_planned_slots (tests.test_inventory.InventoryTests.test_retry_is_preserved_without_adding_planned_slots) ... ok
test_same_attempt_position_cannot_count_twice_under_two_ids (tests.test_inventory.InventoryTests.test_same_attempt_position_cannot_count_twice_under_two_ids) ... ok
test_selecting_extra_output_cannot_extend_planned_budget (tests.test_inventory.InventoryTests.test_selecting_extra_output_cannot_extend_planned_budget) ... ok
test_unattempted_slot_is_not_an_invocation (tests.test_inventory.InventoryTests.test_unattempted_slot_is_not_an_invocation) ... ok
test_unknown_attempt_history_is_not_one_call_per_sample (tests.test_inventory.InventoryTests.test_unknown_attempt_history_is_not_one_call_per_sample) ... ok
test_unknown_cell_remains_unallocated (tests.test_inventory.InventoryTests.test_unknown_cell_remains_unallocated) ... ok
test_unknown_order_does_not_erase_selection (tests.test_inventory.InventoryTests.test_unknown_order_does_not_erase_selection) ... ok
test_unknown_selection_is_not_automatically_all (tests.test_inventory.InventoryTests.test_unknown_selection_is_not_automatically_all) ... ok
test_wrong_record_file_hash_cannot_supply_selected_identity (tests.test_inventory.InventoryTests.test_wrong_record_file_hash_cannot_supply_selected_identity) ... ok
test_bad_required_version_never_becomes_empty_success (tests.test_local_io.BundleTests.test_bad_required_version_never_becomes_empty_success) ... ok
test_empty_and_malformed_records_remain_distinct (tests.test_local_io.BundleTests.test_empty_and_malformed_records_remain_distinct) ... ok
test_external_and_unavailable_artifacts_are_inert (tests.test_local_io.BundleTests.test_external_and_unavailable_artifacts_are_inert) ... ok
test_hash_mismatch_is_scoped_and_keeps_expected_hash (tests.test_local_io.BundleTests.test_hash_mismatch_is_scoped_and_keeps_expected_hash) ... ok
test_line_limit_does_not_turn_suffix_into_next_row (tests.test_local_io.BundleTests.test_line_limit_does_not_turn_suffix_into_next_row) ... ok
test_malformed_line_does_not_erase_next_record (tests.test_local_io.BundleTests.test_malformed_line_does_not_erase_next_record) ... ok
test_only_declared_files_are_read (tests.test_local_io.BundleTests.test_only_declared_files_are_read) ... ok
test_read_order_does_not_become_scientific_order (tests.test_local_io.BundleTests.test_read_order_does_not_become_scientific_order) ... ok
test_record_file_hash_mismatch_preserves_inventory (tests.test_local_io.BundleTests.test_record_file_hash_mismatch_preserves_inventory) ... ok
test_record_limit_is_not_silent_sampling (tests.test_local_io.BundleTests.test_record_limit_is_not_silent_sampling) ... ok
test_sample_hash_uses_analyzed_bytes (tests.test_local_io.BundleTests.test_sample_hash_uses_analyzed_bytes) ... ok
test_source_pin_mismatch_does_not_trigger_retrieval (tests.test_local_io.BundleTests.test_source_pin_mismatch_does_not_trigger_retrieval) ... ok
test_wrong_file_role_preserves_raw_record (tests.test_local_io.BundleTests.test_wrong_file_role_preserves_raw_record) ... ok
test_change_during_read_is_detected (tests.test_local_io.SnapshotTests.test_change_during_read_is_detected) ... ok
test_directory_and_fifo_are_rejected_without_blocking (tests.test_local_io.SnapshotTests.test_directory_and_fifo_are_rejected_without_blocking) ... ok
test_file_and_total_byte_limits (tests.test_local_io.SnapshotTests.test_file_and_total_byte_limits) ... ok
test_internal_external_and_root_symlinks_are_rejected (tests.test_local_io.SnapshotTests.test_internal_external_and_root_symlinks_are_rejected) ... ok
test_path_grammar_rejects_remote_and_expansion (tests.test_local_io.SnapshotTests.test_path_grammar_rejects_remote_and_expansion) ... ok
test_snapshot_and_repeated_path_read (tests.test_local_io.SnapshotTests.test_snapshot_and_repeated_path_read) ... ok
test_snapshot_stays_stable_after_path_replacement (tests.test_local_io.SnapshotTests.test_snapshot_stays_stable_after_path_replacement) ... ok
test_unsupported_platform_has_no_unsafe_fallback (tests.test_local_io.SnapshotTests.test_unsupported_platform_has_no_unsafe_fallback) ... ok
test_bad_manifest_field_types_have_controlled_errors (tests.test_local_io.StrictJSONTests.test_bad_manifest_field_types_have_controlled_errors) ... ok
test_depth_bound_respects_strings (tests.test_local_io.StrictJSONTests.test_depth_bound_respects_strings) ... ok
test_duplicate_keys_and_escaped_aliases_fail (tests.test_local_io.StrictJSONTests.test_duplicate_keys_and_escaped_aliases_fail) ... ok
test_invalid_overrides_never_weaken_limits (tests.test_local_io.StrictJSONTests.test_invalid_overrides_never_weaken_limits) ... ok
test_large_finite_exponent_is_not_float_infinity (tests.test_local_io.StrictJSONTests.test_large_finite_exponent_is_not_float_infinity) ... ok
test_nonfinite_constants_fail (tests.test_local_io.StrictJSONTests.test_nonfinite_constants_fail) ... ok
test_number_length_and_file_limits (tests.test_local_io.StrictJSONTests.test_number_length_and_file_limits) ... ok
test_utf8_bom_surrogates_and_bad_syntax_fail (tests.test_local_io.StrictJSONTests.test_utf8_bom_surrogates_and_bad_syntax_fail) ... ok
test_effective_counts_differ (tests.test_metrics.Arithmetic.test_effective_counts_differ) ... ok
test_higher_precision_independent_check (tests.test_metrics.Arithmetic.test_higher_precision_independent_check) ... ok
test_one_class (tests.test_metrics.Arithmetic.test_one_class) ... ok
test_oracle_identity_and_role (tests.test_metrics.Arithmetic.test_oracle_identity_and_role) ... ok
test_sci_with_replacement (tests.test_metrics.Arithmetic.test_sci_with_replacement) ... ok
test_source_oracles (tests.test_metrics.Arithmetic.test_source_oracles) ... ok
test_units_and_scope (tests.test_metrics.Arithmetic.test_units_and_scope) ... ok
test_unrounded_derivation (tests.test_metrics.Arithmetic.test_unrounded_derivation) ... ok
test_zero_registry_entries (tests.test_metrics.Arithmetic.test_zero_registry_entries) ... ok
test_complete_arithmetic_not_complete_report (tests.test_metrics.Matrix.test_complete_arithmetic_not_complete_report) ... ok
test_explicit_test_bindings (tests.test_metrics.Matrix.test_explicit_test_bindings) ... ok
test_frozen_and_external_scopes (tests.test_metrics.Matrix.test_frozen_and_external_scopes) ... ok
test_history_and_actual_runner_step (tests.test_metrics.Matrix.test_history_and_actual_runner_step) ... ok
test_invalid_binding_class (tests.test_metrics.Matrix.test_invalid_binding_class) ... ok
test_non_m_update_forbidden (tests.test_metrics.Matrix.test_non_m_update_forbidden) ... ok
test_old_bindings_preserved (tests.test_metrics.Matrix.test_old_bindings_preserved) ... ok
test_624_small_tables (tests.test_metrics.Numerical.test_624_small_tables) ... ok
test_effective_order_failure (tests.test_metrics.Numerical.test_effective_order_failure) ... ok
test_exact_total (tests.test_metrics.Numerical.test_exact_total) ... ok
test_exp_failure_scoped (tests.test_metrics.Numerical.test_exp_failure_scoped) ... ok
test_immutable_results (tests.test_metrics.Numerical.test_immutable_results) ... ok
test_invalid_counts (tests.test_metrics.Numerical.test_invalid_counts) ... ok
test_log_failure_scoped (tests.test_metrics.Numerical.test_log_failure_scoped) ... ok
test_material_errors (tests.test_metrics.Numerical.test_material_errors) ... ok
test_no_deferred_estimators (tests.test_metrics.Numerical.test_no_deferred_estimators) ... ok
test_normalization_failure (tests.test_metrics.Numerical.test_normalization_failure) ... ok
test_renaming_and_order (tests.test_metrics.Numerical.test_renaming_and_order) ... ok
test_resource_limits (tests.test_metrics.Numerical.test_resource_limits) ... ok
test_signed_zero (tests.test_metrics.Numerical.test_signed_zero) ... ok
test_tiny_boundary_record (tests.test_metrics.Numerical.test_tiny_boundary_record) ... ok
test_tolerance_sum (tests.test_metrics.Numerical.test_tolerance_sum) ... ok
test_underflow_preserves_exact_support (tests.test_metrics.Numerical.test_underflow_preserves_exact_support) ... ok
test_uniform_scaling (tests.test_metrics.Numerical.test_uniform_scaling) ... ok
test_all_invalid (tests.test_metrics.Populations.test_all_invalid) ... ok
test_ambiguous_ids (tests.test_metrics.Populations.test_ambiguous_ids) ... ok
test_bad_component_types (tests.test_metrics.Populations.test_bad_component_types) ... ok
test_empty_selection (tests.test_metrics.Populations.test_empty_selection) ... ok
test_frame_failure (tests.test_metrics.Populations.test_frame_failure) ... ok
test_independence_only_withdrawal (tests.test_metrics.Populations.test_independence_only_withdrawal) ... ok
test_local_evidence_failure (tests.test_metrics.Populations.test_local_evidence_failure) ... ok
test_malformed_threshold_is_component_specific (tests.test_metrics.Populations.test_malformed_threshold_is_component_specific) ... ok
test_mf07_views_and_ratios (tests.test_metrics.Populations.test_mf07_views_and_ratios) ... ok
test_no_hero_program_or_report_created (tests.test_metrics.Populations.test_no_hero_program_or_report_created) ... ok
test_passive_arithmetic (tests.test_metrics.Populations.test_passive_arithmetic) ... ok
test_population_conservation (tests.test_metrics.Populations.test_population_conservation) ... ok
test_population_duplicate_ids (tests.test_metrics.Populations.test_population_duplicate_ids) ... ok
test_unclassified (tests.test_metrics.Populations.test_unclassified) ... ok
test_unknown_checkpoint (tests.test_metrics.Populations.test_unknown_checkpoint) ... ok
test_hero_count_projection (tests.test_metrics.Prefixes.test_hero_count_projection) ... ok
test_hero_invalid_projection (tests.test_metrics.Prefixes.test_hero_invalid_projection) ... ok
test_hero_missing_intended_slot (tests.test_metrics.Prefixes.test_hero_missing_intended_slot) ... ok
test_k_states (tests.test_metrics.Prefixes.test_k_states) ... ok
test_mf10 (tests.test_metrics.Prefixes.test_mf10) ... ok
test_missing_order (tests.test_metrics.Prefixes.test_missing_order) ... ok
test_monotone_accumulation (tests.test_metrics.Prefixes.test_monotone_accumulation) ... ok
test_partial_group (tests.test_metrics.Prefixes.test_partial_group) ... ok
test_prefix_conservation (tests.test_metrics.Prefixes.test_prefix_conservation) ... ok
test_real_order_change (tests.test_metrics.Prefixes.test_real_order_change) ... ok
test_revision_preserves_old_result (tests.test_metrics.Prefixes.test_revision_preserves_old_result) ... ok
test_storage_order_invariant (tests.test_metrics.Prefixes.test_storage_order_invariant) ... ok
test_zero_vs_missing_prefix (tests.test_metrics.Prefixes.test_zero_vs_missing_prefix) ... ok
test_beyond_float_boundary (tests.test_metrics.Thresholds.test_beyond_float_boundary) ... ok
test_empty_requested (tests.test_metrics.Thresholds.test_empty_requested) ... ok
test_invalid_empty (tests.test_metrics.Thresholds.test_invalid_empty) ... ok
test_invalid_values (tests.test_metrics.Thresholds.test_invalid_values) ... ok
test_large_integer_equality (tests.test_metrics.Thresholds.test_large_integer_equality) ... ok
test_large_negative_exponent (tests.test_metrics.Thresholds.test_large_negative_exponent) ... ok
test_lexemes_and_origins (tests.test_metrics.Thresholds.test_lexemes_and_origins) ... ok
test_no_renormalization (tests.test_metrics.Thresholds.test_no_renormalization) ... ok
test_omitted_vs_null (tests.test_metrics.Thresholds.test_omitted_vs_null) ... ok
test_one_threshold_spellings (tests.test_metrics.Thresholds.test_one_threshold_spellings) ... ok
test_other_metrics_unchanged (tests.test_metrics.Thresholds.test_other_metrics_unchanged) ... ok
test_revalidate_token_object (tests.test_metrics.Thresholds.test_revalidate_token_object) ... ok
test_source_thresholds (tests.test_metrics.Thresholds.test_source_thresholds) ... ok
test_token_limit (tests.test_metrics.Thresholds.test_token_limit) ... ok
test_zero_never_passes (tests.test_metrics.Thresholds.test_zero_never_passes) ... ok
test_duplicate_record_is_error_not_a_second_observation (tests.test_pipeline.AdversePipelineTests.test_duplicate_record_is_error_not_a_second_observation) ... ok
test_empty_selected_inventory_has_zero_support_and_undefined_entropy (tests.test_pipeline.AdversePipelineTests.test_empty_selected_inventory_has_zero_support_and_undefined_entropy) ... ok
test_four_sample_evidence_correction_exact_sequence (tests.test_pipeline.AdversePipelineTests.test_four_sample_evidence_correction_exact_sequence) ... ok
test_hash_mismatch_is_not_repaired_by_pipeline (tests.test_pipeline.AdversePipelineTests.test_hash_mismatch_is_not_repaired_by_pipeline) ... ok
test_independence_only_correction_does_not_erase_supported_counts (tests.test_pipeline.AdversePipelineTests.test_independence_only_correction_does_not_erase_supported_counts) ... ok
test_invalid_threshold_is_contract_failure_not_zero (tests.test_pipeline.AdversePipelineTests.test_invalid_threshold_is_contract_failure_not_zero) ... ok
test_malformed_analysis_object_retains_safe_error_report (tests.test_pipeline.AdversePipelineTests.test_malformed_analysis_object_retains_safe_error_report) ... ok
test_malformed_manifest_is_error_not_empty_success (tests.test_pipeline.AdversePipelineTests.test_malformed_manifest_is_error_not_empty_success) ... ok
test_missing_shared_frame_withholds_distribution_keeps_inventory (tests.test_pipeline.AdversePipelineTests.test_missing_shared_frame_withholds_distribution_keeps_inventory) ... ok
test_mock_imported_adjudication_uses_same_pipeline (tests.test_pipeline.AdversePipelineTests.test_mock_imported_adjudication_uses_same_pipeline) ... ok
test_nonempty_unclassified_inventory_is_not_empty_study (tests.test_pipeline.AdversePipelineTests.test_nonempty_unclassified_inventory_is_not_empty_study) ... ok
test_omitted_threshold_keeps_not_requested (tests.test_pipeline.AdversePipelineTests.test_omitted_threshold_keeps_not_requested) ... ok
test_unknown_model_identity_does_not_destroy_arithmetic (tests.test_pipeline.AdversePipelineTests.test_unknown_model_identity_does_not_destroy_arithmetic) ... ok
test_unknown_prefix_mode_not_guessed_into_success (tests.test_pipeline.AdversePipelineTests.test_unknown_prefix_mode_not_guessed_into_success) ... ok
test_analyze_command_publishes_three_files (tests.test_pipeline.CommandIntegrationTests.test_analyze_command_publishes_three_files) ... ok
test_analyze_refuses_existing_output (tests.test_pipeline.CommandIntegrationTests.test_analyze_refuses_existing_output) ... ok
test_contract_error_report_can_be_written_without_success_claim (tests.test_pipeline.CommandIntegrationTests.test_contract_error_report_can_be_written_without_success_claim) ... ok
test_internal_failure_returns_three_without_traceback (tests.test_pipeline.CommandIntegrationTests.test_internal_failure_returns_three_without_traceback) ... ok
test_invalid_input_has_exit_two_and_safe_diagnostics (tests.test_pipeline.CommandIntegrationTests.test_invalid_input_has_exit_two_and_safe_diagnostics) ... ok
test_missing_arguments_do_not_echo_sensitive_paths (tests.test_pipeline.CommandIntegrationTests.test_missing_arguments_do_not_echo_sensitive_paths) ... ok
test_unimplemented_commands_remain_errors (tests.test_pipeline.CommandIntegrationTests.test_unimplemented_commands_remain_errors) ... ok
test_validate_command_success_and_no_writes (tests.test_pipeline.CommandIntegrationTests.test_validate_command_success_and_no_writes) ... ok
test_explicit_run_identity_changes_metadata_not_metrics (tests.test_pipeline.HeroPipelineTests.test_explicit_run_identity_changes_metadata_not_metrics) ... ok
test_hf00_materialization_matches_pinned_original (tests.test_pipeline.HeroPipelineTests.test_hf00_materialization_matches_pinned_original) ... ok
test_hf00_original_twenty_record_workflow (tests.test_pipeline.HeroPipelineTests.test_hf00_original_twenty_record_workflow) ... ok
test_hf01_invalid_but_classifiable (tests.test_pipeline.HeroPipelineTests.test_hf01_invalid_but_classifiable) ... ok
test_hf02_unresolved_class_keeps_validity (tests.test_pipeline.HeroPipelineTests.test_hf02_unresolved_class_keeps_validity) ... ok
test_hf03_provisional_label_has_distinct_reason (tests.test_pipeline.HeroPipelineTests.test_hf03_provisional_label_has_distinct_reason) ... ok
test_hf04_missing_evidence_is_local_limit (tests.test_pipeline.HeroPipelineTests.test_hf04_missing_evidence_is_local_limit) ... ok
test_hf05_missing_position_is_not_backfilled (tests.test_pipeline.HeroPipelineTests.test_hf05_missing_position_is_not_backfilled) ... ok
test_hf06_new_assignment_preserves_old_identity (tests.test_pipeline.HeroPipelineTests.test_hf06_new_assignment_preserves_old_identity) ... ok
test_input_changes_get_new_fingerprint_without_overwriting_old_report (tests.test_pipeline.HeroPipelineTests.test_input_changes_get_new_fingerprint_without_overwriting_old_report) ... ok
test_invalid_run_identity_and_naive_time_rejected (tests.test_pipeline.HeroPipelineTests.test_invalid_run_identity_and_naive_time_rejected) ... ok
test_materializer_refuses_unregistered_variant (tests.test_pipeline.HeroPipelineTests.test_materializer_refuses_unregistered_variant) ... ok
test_pinned_base_remains_byte_identical_after_all_variants (tests.test_pipeline.HeroPipelineTests.test_pinned_base_remains_byte_identical_after_all_variants) ... ok
test_program_text_and_generation_cost_are_never_invented (tests.test_pipeline.HeroPipelineTests.test_program_text_and_generation_cost_are_never_invented) ... ok
test_replay_canonical_reports_and_manifest_time (tests.test_pipeline.HeroPipelineTests.test_replay_canonical_reports_and_manifest_time) ... ok
test_report_hashes_identify_actual_written_bytes (tests.test_pipeline.HeroPipelineTests.test_report_hashes_identify_actual_written_bytes) ... ok
test_validate_has_no_metric_calculation (tests.test_pipeline.HeroPipelineTests.test_validate_has_no_metric_calculation) ... ok
test_complete_staging_precedes_atomic_publish (tests.test_pipeline.OutputTransactionTests.test_complete_staging_precedes_atomic_publish) ... ok
test_existing_file_and_empty_directory_are_not_replaced (tests.test_pipeline.OutputTransactionTests.test_existing_file_and_empty_directory_are_not_replaced) ... ok
test_interrupted_write_cleans_staging (tests.test_pipeline.OutputTransactionTests.test_interrupted_write_cleans_staging) ... ok
test_missing_parent_does_not_create_an_implicit_tree (tests.test_pipeline.OutputTransactionTests.test_missing_parent_does_not_create_an_implicit_tree) ... ok
test_only_fixed_three_filenames_are_allowed (tests.test_pipeline.OutputTransactionTests.test_only_fixed_three_filenames_are_allowed) ... ok
test_output_inside_input_is_rejected (tests.test_pipeline.OutputTransactionTests.test_output_inside_input_is_rejected) ... ok
test_output_symlink_and_symlink_parent_are_rejected (tests.test_pipeline.OutputTransactionTests.test_output_symlink_and_symlink_parent_are_rejected) ... ok
test_private_permissions_do_not_depend_on_umask (tests.test_pipeline.OutputTransactionTests.test_private_permissions_do_not_depend_on_umask) ... ok
test_publishes_exact_complete_set (tests.test_pipeline.OutputTransactionTests.test_publishes_exact_complete_set) ... ok
test_racing_target_is_preserved_and_staging_cleaned (tests.test_pipeline.OutputTransactionTests.test_racing_target_is_preserved_and_staging_cleaned) ... ok
test_remote_expanding_and_traversing_output_paths_are_rejected (tests.test_pipeline.OutputTransactionTests.test_remote_expanding_and_traversing_output_paths_are_rejected) ... ok
test_short_writes_are_retried_without_truncation (tests.test_pipeline.OutputTransactionTests.test_short_writes_are_retried_without_truncation) ... ok
test_unsupported_atomic_operation_has_no_overwrite_fallback (tests.test_pipeline.OutputTransactionTests.test_unsupported_atomic_operation_has_no_overwrite_fallback) ... ok
test_zero_length_write_is_failure_and_cleanup (tests.test_pipeline.OutputTransactionTests.test_zero_length_write_is_failure_and_cleanup) ... ok
test_external_locator_remains_inert_and_private_in_report (tests.test_pipeline.PipelineBoundaryTests.test_external_locator_remains_inert_and_private_in_report) ... ok
test_full_pipeline_never_runs_candidate_or_fetches_remote (tests.test_pipeline.PipelineBoundaryTests.test_full_pipeline_never_runs_candidate_or_fetches_remote) ... ok
test_serialization_failure_never_creates_output (tests.test_pipeline.PipelineBoundaryTests.test_serialization_failure_never_creates_output) ... ok
test_validate_does_not_write_any_inputs (tests.test_pipeline.PipelineBoundaryTests.test_validate_does_not_write_any_inputs) ... ok
test_complete_mock_gate_is_M_only_and_not_final_approval (tests.test_pipeline.Step7GateTests.test_complete_mock_gate_is_M_only_and_not_final_approval) ... ok
test_ec_scope_cannot_be_promoted_to_empirical_evidence (tests.test_pipeline.Step7GateTests.test_ec_scope_cannot_be_promoted_to_empirical_evidence) ... ok
test_missing_ec_binding_cannot_pass_full_gate (tests.test_pipeline.Step7GateTests.test_missing_ec_binding_cannot_pass_full_gate) ... ok
test_nonpassing_ec_binding_cannot_be_overridden (tests.test_pipeline.Step7GateTests.test_nonpassing_ec_binding_cannot_be_overridden) ... ok
test_test_records_have_expected_actual_scope_and_no_E_claim (tests.test_pipeline.Step7GateTests.test_test_records_have_expected_actual_scope_and_no_E_claim) ... ok
test_all_36_report_groups_have_explicit_paths (tests.test_pipeline.Step7ReportIntegration.test_all_36_report_groups_have_explicit_paths) ... ok
test_all_deferred_prerequisites_visible_without_estimator (tests.test_pipeline.Step7ReportIntegration.test_all_deferred_prerequisites_visible_without_estimator) ... ok
test_correction_dependencies_identify_both_views_without_resampling (tests.test_pipeline.Step7ReportIntegration.test_correction_dependencies_identify_both_views_without_resampling) ... ok
test_domain_coverage_details_are_visible_and_fixture_stays_fixture (tests.test_pipeline.Step7ReportIntegration.test_domain_coverage_details_are_visible_and_fixture_stays_fixture) ... ok
test_empty_then_received_and_acted_intake_never_adds_samples (tests.test_pipeline.Step7ReportIntegration.test_empty_then_received_and_acted_intake_never_adds_samples) ... ok
test_every_m_metric_retains_denominator_status_and_source_scope (tests.test_pipeline.Step7ReportIntegration.test_every_m_metric_retains_denominator_status_and_source_scope) ... ok
test_metadata_time_never_changes_content_or_creates_observation (tests.test_pipeline.Step7ReportIntegration.test_metadata_time_never_changes_content_or_creates_observation) ... ok
test_registered_sources_and_original_fixture_hashes_still_match (tests.test_pipeline.Step7ReportIntegration.test_registered_sources_and_original_fixture_hashes_still_match) ... ok
test_relocated_input_replays_all_canonical_content (tests.test_pipeline.Step7ReportIntegration.test_relocated_input_replays_all_canonical_content) ... ok
test_shared_schema_challenge_affects_all_its_cells_not_other_frames (tests.test_pipeline.Step7ReportIntegration.test_shared_schema_challenge_affects_all_its_cells_not_other_frames) ... ok
test_typed_lineage_exposure_and_annotation_survive_redaction (tests.test_pipeline.Step7ReportIntegration.test_typed_lineage_exposure_and_annotation_survive_redaction) ... ok
test_actual_empty_input_has_no_invented_observations (tests.test_populations.AdversePopulationTests.test_actual_empty_input_has_no_invented_observations) ... ok
test_association_error_withholds_both_affected_axes_without_deleting_sample (tests.test_populations.AdversePopulationTests.test_association_error_withholds_both_affected_axes_without_deleting_sample) ... ok
test_later_unrecorded_attempt_does_not_block_first_hero_endpoint (tests.test_populations.AdversePopulationTests.test_later_unrecorded_attempt_does_not_block_first_hero_endpoint) ... ok
test_local_failed_adjudication_never_withholds_entire_population (tests.test_populations.AdversePopulationTests.test_local_failed_adjudication_never_withholds_entire_population) ... ok
test_missing_text_is_not_automatic_missing_artifact_identity (tests.test_populations.AdversePopulationTests.test_missing_text_is_not_automatic_missing_artifact_identity) ... ok
test_public_surface_stops_before_metrics_and_comparisons (tests.test_populations.AdversePopulationTests.test_public_surface_stops_before_metrics_and_comparisons) ... ok
test_reference_registry_and_incident_never_add_model_samples (tests.test_populations.AdversePopulationTests.test_reference_registry_and_incident_never_add_model_samples) ... ok
test_repeated_call_without_new_identity_never_adds_sample (tests.test_populations.AdversePopulationTests.test_repeated_call_without_new_identity_never_adds_sample) ... ok
test_empty_classified_complete_twenty_is_legitimate_zero (tests.test_populations.HeroEndpointTests.test_empty_classified_complete_twenty_is_legitimate_zero) ... ok
test_group_plan_cannot_be_inferred_from_twenty_rows (tests.test_populations.HeroEndpointTests.test_group_plan_cannot_be_inferred_from_twenty_rows) ... ok
test_hero_membership_5_10_20_matches_frozen_design (tests.test_populations.HeroEndpointTests.test_hero_membership_5_10_20_matches_frozen_design) ... ok
test_last_group_failure_does_not_erase_earlier_endpoint (tests.test_populations.HeroEndpointTests.test_last_group_failure_does_not_erase_earlier_endpoint) ... ok
test_missing_g2_p5_allows_descriptive_but_not_matched_prefix (tests.test_populations.HeroEndpointTests.test_missing_g2_p5_allows_descriptive_but_not_matched_prefix) ... ok
test_same_group_records_are_not_independent_draws (tests.test_populations.HeroEndpointTests.test_same_group_records_are_not_independent_draws) ... ok
test_supplementary_single_candidate_k_is_not_hero_endpoint (tests.test_populations.HeroEndpointTests.test_supplementary_single_candidate_k_is_not_hero_endpoint) ... ok
test_unclassified_position_is_kept_without_replacement (tests.test_populations.HeroEndpointTests.test_unclassified_position_is_kept_without_replacement) ... ok
test_wrong_primary_attempt_blocks_matching_group (tests.test_populations.HeroEndpointTests.test_wrong_primary_attempt_blocks_matching_group) ... ok
test_all_invalid_can_still_have_structural_population (tests.test_populations.PopulationTests.test_all_invalid_can_still_have_structural_population) ... ok
test_axes_overlap_and_each_reconciles_to_selected_inventory (tests.test_populations.PopulationTests.test_axes_overlap_and_each_reconciles_to_selected_inventory) ... ok
test_conflicting_pin_is_local (tests.test_populations.PopulationTests.test_conflicting_pin_is_local) ... ok
test_independence_only_correction_preserves_counts (tests.test_populations.PopulationTests.test_independence_only_correction_preserves_counts) ... ok
test_inputs_remain_unchanged_and_results_are_immutable (tests.test_populations.PopulationTests.test_inputs_remain_unchanged_and_results_are_immutable) ... ok
test_known_empty_selection_has_undefined_ratios (tests.test_populations.PopulationTests.test_known_empty_selection_has_undefined_ratios) ... ok
test_mf07_all_five_ratios_keep_unreduced_accounting (tests.test_populations.PopulationTests.test_mf07_all_five_ratios_keep_unreduced_accounting) ... ok
test_mf07_exact_memberships (tests.test_populations.PopulationTests.test_mf07_exact_memberships) ... ok
test_missing_assignment_pin_has_no_latest_fallback (tests.test_populations.PopulationTests.test_missing_assignment_pin_has_no_latest_fallback) ... ok
test_missing_essential_class_evidence_preserves_other_samples (tests.test_populations.PopulationTests.test_missing_essential_class_evidence_preserves_other_samples) ... ok
test_missing_text_does_not_become_zero_coverage (tests.test_populations.PopulationTests.test_missing_text_does_not_become_zero_coverage) ... ok
test_missing_validity_does_not_become_invalid (tests.test_populations.PopulationTests.test_missing_validity_does_not_become_invalid) ... ok
test_no_io_or_model_calls_in_population_pass (tests.test_populations.PopulationTests.test_no_io_or_model_calls_in_population_pass) ... ok
test_old_and_corrected_populations_keep_sample_identity (tests.test_populations.PopulationTests.test_old_and_corrected_populations_keep_sample_identity) ... ok
test_one_class_is_distinct_from_no_class (tests.test_populations.PopulationTests.test_one_class_is_distinct_from_no_class) ... ok
test_other_cell_survives_malformed_frame_and_no_pooling (tests.test_populations.PopulationTests.test_other_cell_survives_malformed_frame_and_no_pooling) ... ok
test_registry_zeros_remain_and_never_add_observations (tests.test_populations.PopulationTests.test_registry_zeros_remain_and_never_add_observations) ... ok
test_renaming_supported_class_ids_preserves_population_counts (tests.test_populations.PopulationTests.test_renaming_supported_class_ids_preserves_population_counts) ... ok
test_schema_correction_scopes_class_and_validity_separately (tests.test_populations.PopulationTests.test_schema_correction_scopes_class_and_validity_separately) ... ok
test_shared_schema_failure_is_unavailable_not_zero_classes (tests.test_populations.PopulationTests.test_shared_schema_failure_is_unavailable_not_zero_classes) ... ok
test_unknown_order_leaves_whole_cell_population_available (tests.test_populations.PopulationTests.test_unknown_order_leaves_whole_cell_population_available) ... ok
test_unknown_selection_is_unavailable_not_empty (tests.test_populations.PopulationTests.test_unknown_selection_is_unavailable_not_empty) ... ok
test_validity_does_not_fill_unresolved_or_provisional_class (tests.test_populations.PopulationTests.test_validity_does_not_fill_unresolved_or_provisional_class) ... ok
test_wholly_unclassified_selection_remains_known_zero (tests.test_populations.PopulationTests.test_wholly_unclassified_selection_remains_known_zero) ... ok
test_accumulation_monotonicity_on_fixed_assignments (tests.test_populations.PrefixTests.test_accumulation_monotonicity_on_fixed_assignments) ... ok
test_actual_order_change_may_change_prefix (tests.test_populations.PrefixTests.test_actual_order_change_may_change_prefix) ... ok
test_available_unclassified_prefix_has_count_zero (tests.test_populations.PrefixTests.test_available_unclassified_prefix_has_count_zero) ... ok
test_grid_preserved_and_not_sorted_after_results (tests.test_populations.PrefixTests.test_grid_preserved_and_not_sorted_after_results) ... ok
test_invalid_and_omitted_k_have_distinct_outcomes (tests.test_populations.PrefixTests.test_invalid_and_omitted_k_have_distinct_outcomes) ... ok
test_invalid_or_unresolved_positions_are_not_backfilled (tests.test_populations.PrefixTests.test_invalid_or_unresolved_positions_are_not_backfilled) ... ok
test_invalid_view_and_mode_fail_explicitly (tests.test_populations.PrefixTests.test_invalid_view_and_mode_fail_explicitly) ... ok
test_mf10_exact_prefix_oracles (tests.test_populations.PrefixTests.test_mf10_exact_prefix_oracles) ... ok
test_partial_group_flag_is_descriptive_only (tests.test_populations.PrefixTests.test_partial_group_flag_is_descriptive_only) ... ok
test_storage_order_change_cannot_change_prefix (tests.test_populations.PrefixTests.test_storage_order_change_cannot_change_prefix) ... ok
test_prior_requirement_and_source_identities_remain_intact (tests.test_populations.Step4MatrixTests.test_prior_requirement_and_source_identities_remain_intact) ... ok
test_step4_progress_and_bindings_cover_executed_methods (tests.test_populations.Step4MatrixTests.test_step4_progress_and_bindings_cover_executed_methods) ... ok
test_mismatched_row_reference_cannot_redirect_requirement (tests.test_records.CatalogueReferenceTests.test_mismatched_row_reference_cannot_redirect_requirement) ... ok
test_modified_source_is_rejected_before_catalogue_expansion (tests.test_records.CatalogueReferenceTests.test_modified_source_is_rejected_before_catalogue_expansion) ... ok
test_duplicate_id_including_bad_record_is_ambiguous (tests.test_records.IdentityTests.test_duplicate_id_including_bad_record_is_ambiguous) ... ok
test_explicit_revisions_and_conflicting_pins (tests.test_records.IdentityTests.test_explicit_revisions_and_conflicting_pins) ... ok
test_identical_content_with_distinct_ids_is_not_deduplicated (tests.test_records.IdentityTests.test_identical_content_with_distinct_ids_is_not_deduplicated) ... ok
test_missing_reference_keeps_other_records (tests.test_records.IdentityTests.test_missing_reference_keeps_other_records) ... ok
test_unallocated_sample_is_retained (tests.test_records.IdentityTests.test_unallocated_sample_is_retained) ... ok
test_wrong_protocol_version_is_diagnosed (tests.test_records.IdentityTests.test_wrong_protocol_version_is_diagnosed) ... ok
test_declaration_limit_is_explicit (tests.test_records.InputBoundaryReviewTests.test_declaration_limit_is_explicit) ... ok
test_duplicate_source_pins_and_wrong_registry_reference_fail (tests.test_records.InputBoundaryReviewTests.test_duplicate_source_pins_and_wrong_registry_reference_fail) ... ok
test_nested_ref_shaped_metadata_does_not_crash (tests.test_records.InputBoundaryReviewTests.test_nested_ref_shaped_metadata_does_not_crash) ... ok
test_unsupported_kind_cannot_leak_into_identity_diagnostics (tests.test_records.InputBoundaryReviewTests.test_unsupported_kind_cannot_leak_into_identity_diagnostics) ... ok
test_axes_cannot_be_substituted (tests.test_records.KnowledgeTests.test_axes_cannot_be_substituted) ... ok
test_bad_tagged_values_have_safe_failures (tests.test_records.KnowledgeTests.test_bad_tagged_values_have_safe_failures) ... ok
test_knowledge_freezes_caller_owned_data (tests.test_records.KnowledgeTests.test_knowledge_freezes_caller_owned_data) ... ok
test_known_zero_false_empty_and_null_are_retained (tests.test_records.KnowledgeTests.test_known_zero_false_empty_and_null_are_retained) ... ok
test_missing_value_and_contradictory_knowledge_fail (tests.test_records.KnowledgeTests.test_missing_value_and_contradictory_knowledge_fail) ... ok
test_unknown_unavailable_and_not_applicable_are_distinct (tests.test_records.KnowledgeTests.test_unknown_unavailable_and_not_applicable_are_distinct) ... ok
test_bad_manifest_and_duplicate_files_fail (tests.test_records.ManifestTests.test_bad_manifest_and_duplicate_files_fail) ... ok
test_exact_decimal_string_and_number_tokens (tests.test_records.ManifestTests.test_exact_decimal_string_and_number_tokens) ... ok
test_incompatible_frame_version_is_not_empty_data (tests.test_records.ManifestTests.test_incompatible_frame_version_is_not_empty_data) ... ok
test_invalid_thresholds_and_k_are_scoped (tests.test_records.ManifestTests.test_invalid_thresholds_and_k_are_scoped) ... ok
test_minimal_manifest_has_no_default_controls (tests.test_records.ManifestTests.test_minimal_manifest_has_no_default_controls) ... ok
test_missing_frame_does_not_erase_other_frame (tests.test_records.ManifestTests.test_missing_frame_does_not_erase_other_frame) ... ok
test_source_and_ec_addendum_pins_match (tests.test_records.ManifestTests.test_source_and_ec_addendum_pins_match) ... ok
test_assigned_without_class_is_rejected (tests.test_records.RecordShapeTests.test_assigned_without_class_is_rejected) ... ok
test_assignment_states_preserve_review_and_candidates (tests.test_records.RecordShapeTests.test_assignment_states_preserve_review_and_candidates) ... ok
test_class_on_unresolved_is_rejected (tests.test_records.RecordShapeTests.test_class_on_unresolved_is_rejected) ... ok
test_counts_reject_booleans_and_nonintegers (tests.test_records.RecordShapeTests.test_counts_reject_booleans_and_nonintegers) ... ok
test_evidence_payload_is_envelope_only (tests.test_records.RecordShapeTests.test_evidence_payload_is_envelope_only) ... ok
test_hostile_payload_is_preserved_not_interpreted (tests.test_records.RecordShapeTests.test_hostile_payload_is_preserved_not_interpreted) ... ok
test_malformed_and_alias_ids_fail_without_echoing_content (tests.test_records.RecordShapeTests.test_malformed_and_alias_ids_fail_without_echoing_content) ... ok
test_missing_optional_data_stays_absent (tests.test_records.RecordShapeTests.test_missing_optional_data_stays_absent) ... ok
test_unsupported_version_kind_and_fields_preserve_raw (tests.test_records.RecordShapeTests.test_unsupported_version_kind_and_fields_preserve_raw) ... ok
test_validity_is_separate_and_not_inferred (tests.test_records.RecordShapeTests.test_validity_is_separate_and_not_inferred) ... ok
test_named_negative_cases_are_fixture_only (tests.test_records.RegistryTests.test_named_negative_cases_are_fixture_only) ... ok
test_registry_is_definition_not_model_samples (tests.test_records.RegistryTests.test_registry_is_definition_not_model_samples) ... ok
test_registry_is_exact_transcription_with_no_validation_claim (tests.test_records.RegistryTests.test_registry_is_exact_transcription_with_no_validation_claim) ... ok
test_additive_source_history_preserves_baseline_authorization (tests.test_records.Step2MatrixTests.test_additive_source_history_preserves_baseline_authorization) ... ok
test_catalogue_binds_actual_input_tests (tests.test_records.Step2MatrixTests.test_catalogue_binds_actual_input_tests) ... ok
test_partial_input_bindings_do_not_close_vt_or_evidence (tests.test_records.Step2MatrixTests.test_partial_input_bindings_do_not_close_vt_or_evidence) ... ok
test_all_ten_ec_disclosures_and_unknown_expiry_visible (tests.test_reporting.ReportTests.test_all_ten_ec_disclosures_and_unknown_expiry_visible) ... ok
test_all_v_and_d_results_are_null_with_explicit_status (tests.test_reporting.ReportTests.test_all_v_and_d_results_are_null_with_explicit_status) ... ok
test_canonical_dictionary_order_invariance (tests.test_reporting.ReportTests.test_canonical_dictionary_order_invariance) ... ok
test_control_characters_links_html_and_pipes_are_inert (tests.test_reporting.ReportTests.test_control_characters_links_html_and_pipes_are_inert) ... ok
test_every_scalar_value_unit_status_and_reason_survives_markdown (tests.test_reporting.ReportTests.test_every_scalar_value_unit_status_and_reason_survives_markdown) ... ok
test_evidence_limitations_precede_numeric_results (tests.test_reporting.ReportTests.test_evidence_limitations_precede_numeric_results) ... ok
test_five_conjunctive_conditions_visible (tests.test_reporting.ReportTests.test_five_conjunctive_conditions_visible) ... ok
test_held_evidence_prose_and_task_metadata_not_copied (tests.test_reporting.ReportTests.test_held_evidence_prose_and_task_metadata_not_copied) ... ok
test_json_and_markdown_consume_identical_tree (tests.test_reporting.ReportTests.test_json_and_markdown_consume_identical_tree) ... ok
test_json_keeps_unrounded_float (tests.test_reporting.ReportTests.test_json_keeps_unrounded_float) ... ok
test_missing_required_section_fails_serialization (tests.test_reporting.ReportTests.test_missing_required_section_fails_serialization) ... ok
test_no_empirical_support_or_score_fabricated (tests.test_reporting.ReportTests.test_no_empirical_support_or_score_fabricated) ... ok
test_nonfinite_results_cannot_be_serialized (tests.test_reporting.ReportTests.test_nonfinite_results_cannot_be_serialized) ... ok
test_pinned_input_hashes_do_not_claim_program_hashes (tests.test_reporting.ReportTests.test_pinned_input_hashes_do_not_claim_program_hashes) ... ok
test_private_root_absent_from_all_outputs (tests.test_reporting.ReportTests.test_private_root_absent_from_all_outputs) ... ok
test_reanalysis_and_v_dependents_remain_separate (tests.test_reporting.ReportTests.test_reanalysis_and_v_dependents_remain_separate) ... ok
test_required_section_order (tests.test_reporting.ReportTests.test_required_section_order) ... ok
test_scoped_ids_retained_without_private_person_mappings (tests.test_reporting.ReportTests.test_scoped_ids_retained_without_private_person_mappings) ... ok
test_source_lineage_pins_and_transform_references_retained (tests.test_reporting.ReportTests.test_source_lineage_pins_and_transform_references_retained) ... ok
test_unknown_unavailable_and_inapplicable_retain_distinction (tests.test_reporting.ReportTests.test_unknown_unavailable_and_inapplicable_retain_distinction) ... ok
test_zero_count_registry_classes_are_visible (tests.test_reporting.ReportTests.test_zero_count_registry_classes_are_visible) ... ok
test_zero_false_and_known_null_are_not_unknown (tests.test_reporting.ReportTests.test_zero_false_and_known_null_are_not_unknown) ... ok
test_actual_output_hash_is_preserved_while_body_is_withheld (tests.test_reporting.SourceAssociationDisclosureTests.test_actual_output_hash_is_preserved_while_body_is_withheld) ... ok
test_all_54_scope_dispositions_and_37_m_families (tests.test_scaffold.BaselineTests.test_all_54_scope_dispositions_and_37_m_families) ... ok
test_all_baseline_hashes_match (tests.test_scaffold.BaselineTests.test_all_baseline_hashes_match) ... ok
test_expected_hashes_match_plan_appendix (tests.test_scaffold.BaselineTests.test_expected_hashes_match_plan_appendix) ... ok
test_matrix_preserves_report_catalogue (tests.test_scaffold.BaselineTests.test_matrix_preserves_report_catalogue) ... ok
test_matrix_preserves_trace_catalogue (tests.test_scaffold.BaselineTests.test_matrix_preserves_trace_catalogue) ... ok
test_matrix_preserves_vf_catalogue (tests.test_scaffold.BaselineTests.test_matrix_preserves_vf_catalogue) ... ok
test_matrix_validation (tests.test_scaffold.BaselineTests.test_matrix_validation) ... ok
test_readme_scope_is_explicit (tests.test_scaffold.BaselineTests.test_readme_scope_is_explicit) ... ok
test_forbidden_commands_are_rejected (tests.test_scaffold.CommandTests.test_forbidden_commands_are_rejected) ... ok
test_help (tests.test_scaffold.CommandTests.test_help) ... ok
test_no_arguments_show_help (tests.test_scaffold.CommandTests.test_no_arguments_show_help) ... ok
test_runtime_help_and_version_do_not_use_network_or_child_processes (tests.test_scaffold.CommandTests.test_runtime_help_and_version_do_not_use_network_or_child_processes) ... ok
test_trusted_helper_rejects_arbitrary_commands (tests.test_scaffold.CommandTests.test_trusted_helper_rejects_arbitrary_commands) ... ok
test_unknown_option_is_error (tests.test_scaffold.CommandTests.test_unknown_option_is_error) ... ok
test_validate_and_analyze_require_input_or_are_unavailable (tests.test_scaffold.CommandTests.test_validate_and_analyze_require_input_or_are_unavailable) ... ok
test_version (tests.test_scaffold.CommandTests.test_version) ... ok
test_broken_binding_fails (tests.test_scaffold.HarnessTests.test_broken_binding_fails) ... ok
test_class_fixture_error_is_recorded (tests.test_scaffold.HarnessTests.test_class_fixture_error_is_recorded) ... ok
test_corrupt_journal_is_not_overwritten (tests.test_scaffold.HarnessTests.test_corrupt_journal_is_not_overwritten) ... ok
test_duplicate_discovery_fails (tests.test_scaffold.HarnessTests.test_duplicate_discovery_fails) ... ok
test_empty_discovery_fails_both_gates (tests.test_scaffold.HarnessTests.test_empty_discovery_fails_both_gates) ... ok
test_expected_failure_is_not_accepted (tests.test_scaffold.HarnessTests.test_expected_failure_is_not_accepted) ... ok
test_failure_and_error_are_recorded (tests.test_scaffold.HarnessTests.test_failure_and_error_are_recorded) ... ok
test_future_evidence_is_not_executed (tests.test_scaffold.HarnessTests.test_future_evidence_is_not_executed) ... ok
test_journal_retains_prior_runs (tests.test_scaffold.HarnessTests.test_journal_retains_prior_runs) ... ok
test_missing_m_bindings_fail_final_gate (tests.test_scaffold.HarnessTests.test_missing_m_bindings_fail_final_gate) ... ok
test_missing_scaffold_binding_fails (tests.test_scaffold.HarnessTests.test_missing_scaffold_binding_fails) ... ok
test_missing_trace_binding_fails_final_gate (tests.test_scaffold.HarnessTests.test_missing_trace_binding_fails_final_gate) ... ok
test_required_m_skip_blocks_final_gate (tests.test_scaffold.HarnessTests.test_required_m_skip_blocks_final_gate) ... ok
test_runner_help_does_not_run_tests (tests.test_scaffold.HarnessTests.test_runner_help_does_not_run_tests) ... ok
test_skipped_test_is_not_accepted (tests.test_scaffold.HarnessTests.test_skipped_test_is_not_accepted) ... ok
test_subtest_failure_is_recorded (tests.test_scaffold.HarnessTests.test_subtest_failure_is_recorded) ... ok
test_unexpected_success_is_not_accepted (tests.test_scaffold.HarnessTests.test_unexpected_success_is_not_accepted) ... ok
test_distribution_excludes_tests_docs_and_pdfs (tests.test_scaffold.PackageTests.test_distribution_excludes_tests_docs_and_pdfs) ... ok
test_import_under_standard_library_only (tests.test_scaffold.PackageTests.test_import_under_standard_library_only) ... ok
test_metadata_has_no_runtime_dependencies (tests.test_scaffold.PackageTests.test_metadata_has_no_runtime_dependencies) ... ok
test_no_public_analysis_api (tests.test_scaffold.PackageTests.test_no_public_analysis_api) ... ok
test_version_matches_metadata (tests.test_scaffold.PackageTests.test_version_matches_metadata) ... ok
test_hostile_text_never_executes_or_calls_network (tests.test_security.PassiveInputTests.test_hostile_text_never_executes_or_calls_network) ... ok
test_no_model_metric_or_candidate_runner_surface (tests.test_security.PassiveInputTests.test_no_model_metric_or_candidate_runner_surface) ... ok
test_private_artifact_does_not_attempt_local_read (tests.test_security.PassiveInputTests.test_private_artifact_does_not_attempt_local_read) ... ok
test_unsafe_local_urls_never_reach_network (tests.test_security.PassiveInputTests.test_unsafe_local_urls_never_reach_network) ... ok
test_cli_errors_do_not_echo_credentials_or_paths (tests.test_security.Step7SafetyTests.test_cli_errors_do_not_echo_credentials_or_paths) ... ok
test_entire_import_analysis_is_inert_under_hostile_evidence (tests.test_security.Step7SafetyTests.test_entire_import_analysis_is_inert_under_hostile_evidence) ... ok
test_failure_after_atomic_publication_keeps_published_bytes (tests.test_security.Step7SafetyTests.test_failure_after_atomic_publication_keeps_published_bytes) ... ok
test_no_runtime_imports_of_test_harness (tests.test_security.Step7SafetyTests.test_no_runtime_imports_of_test_harness) ... ok
test_published_report_directory_cannot_be_overwritten (tests.test_security.Step7SafetyTests.test_published_report_directory_cannot_be_overwritten) ... ok

----------------------------------------------------------------------
Ran 503 tests in 27.789s

OK

Requested gate: phase1
Requested gate passed: True
Phase 1 M complete: True
Unresolved M families (0): 
Gate reasons: none
Runner exit code: 0

=== 8fa408ec-9f87-407a-b295-0202367b858e ===
test_conflicting_assertion_is_not_vote (tests.test_evidence.AdmissionTests.test_conflicting_assertion_is_not_vote) ... ok
test_cycle_of_evidence_support_is_not_grounding (tests.test_evidence.AdmissionTests.test_cycle_of_evidence_support_is_not_grounding) ... ok
test_duplicate_invalid_record_still_ambiguous (tests.test_evidence.AdmissionTests.test_duplicate_invalid_record_still_ambiguous) ... ok
test_duplicate_pin_even_identical_is_conflict (tests.test_evidence.AdmissionTests.test_duplicate_pin_even_identical_is_conflict) ... ok
test_execution_record_required_for_coding_validity (tests.test_evidence.AdmissionTests.test_execution_record_required_for_coding_validity) ... ok
test_explicit_evidence_contradiction_is_preserved (tests.test_evidence.AdmissionTests.test_explicit_evidence_contradiction_is_preserved) ... ok
test_fixture_cannot_validate_import (tests.test_evidence.AdmissionTests.test_fixture_cannot_validate_import) ... ok
test_fixture_missing_declaration_is_local (tests.test_evidence.AdmissionTests.test_fixture_missing_declaration_is_local) ... ok
test_fixture_policy_cannot_present_empirical_context (tests.test_evidence.AdmissionTests.test_fixture_policy_cannot_present_empirical_context) ... ok
test_fixture_positive_is_only_stipulated (tests.test_evidence.AdmissionTests.test_fixture_positive_is_only_stipulated) ... ok
test_import_positive_carries_restricted_scientific_scope (tests.test_evidence.AdmissionTests.test_import_positive_carries_restricted_scientific_scope) ... ok
test_import_requires_adjudication_record (tests.test_evidence.AdmissionTests.test_import_requires_adjudication_record) ... ok
test_imported_outcome_conflict_is_not_ignored (tests.test_evidence.AdmissionTests.test_imported_outcome_conflict_is_not_ignored) ... ok
test_inaccessible_essential_report_withholds_label (tests.test_evidence.AdmissionTests.test_inaccessible_essential_report_withholds_label) ... ok
test_invalid_validity_does_not_erase_class (tests.test_evidence.AdmissionTests.test_invalid_validity_does_not_erase_class) ... ok
test_known_malformed_method_is_controlled (tests.test_evidence.AdmissionTests.test_known_malformed_method_is_controlled) ... ok
test_missing_independence_does_not_remove_mechanism (tests.test_evidence.AdmissionTests.test_missing_independence_does_not_remove_mechanism) ... ok
test_missing_reviewer_is_not_adjudication (tests.test_evidence.AdmissionTests.test_missing_reviewer_is_not_adjudication) ... ok
test_missing_text_is_not_automatic_membership_failure (tests.test_evidence.AdmissionTests.test_missing_text_is_not_automatic_membership_failure) ... ok
test_model_label_and_embedding_methods_do_not_admit (tests.test_evidence.AdmissionTests.test_model_label_and_embedding_methods_do_not_admit) ... ok
test_no_pin_never_selects_latest (tests.test_evidence.AdmissionTests.test_no_pin_never_selects_latest) ... ok
test_not_assessed_does_not_create_invalidity (tests.test_evidence.AdmissionTests.test_not_assessed_does_not_create_invalidity) ... ok
test_payload_shape_does_not_certify_evidence (tests.test_evidence.AdmissionTests.test_payload_shape_does_not_certify_evidence) ... ok
test_provisional_is_not_admitted (tests.test_evidence.AdmissionTests.test_provisional_is_not_admitted) ... ok
test_repaired_artifact_cannot_validate_original (tests.test_evidence.AdmissionTests.test_repaired_artifact_cannot_validate_original) ... ok
test_revision_pin_mismatch_is_not_repaired (tests.test_evidence.AdmissionTests.test_revision_pin_mismatch_is_not_repaired) ... ok
test_sorted_outputs_do_not_identify_algorithm (tests.test_evidence.AdmissionTests.test_sorted_outputs_do_not_identify_algorithm) ... ok
test_timeout_cannot_validate_or_invalidate_program (tests.test_evidence.AdmissionTests.test_timeout_cannot_validate_or_invalidate_program) ... ok
test_unclassified_stays_unclassified (tests.test_evidence.AdmissionTests.test_unclassified_stays_unclassified) ... ok
test_undetermined_and_absent_validity_are_distinct (tests.test_evidence.AdmissionTests.test_undetermined_and_absent_validity_are_distinct) ... ok
test_unresolved_adjudicated_retains_epistemic_state (tests.test_evidence.AdmissionTests.test_unresolved_adjudicated_retains_epistemic_state) ... ok
test_wrong_execution_subject_is_detected (tests.test_evidence.AdmissionTests.test_wrong_execution_subject_is_detected) ... ok
test_wrong_frame_withholds_only_affected_sample (tests.test_evidence.AdmissionTests.test_wrong_frame_withholds_only_affected_sample) ... ok
test_wrong_rubric_withholds_validity_only (tests.test_evidence.AdmissionTests.test_wrong_rubric_withholds_validity_only) ... ok
test_cross_sample_predecessor_does_not_merge_samples (tests.test_evidence.CorrectionTests.test_cross_sample_predecessor_does_not_merge_samples) ... ok
test_cyclic_revision_link_is_detected (tests.test_evidence.CorrectionTests.test_cyclic_revision_link_is_detected) ... ok
test_impact_records_link_without_recalculating_metrics (tests.test_evidence.CorrectionTests.test_impact_records_link_without_recalculating_metrics) ... ok
test_independence_only_withdrawal_keeps_label (tests.test_evidence.CorrectionTests.test_independence_only_withdrawal_keeps_label) ... ok
test_passive_review_never_invokes_network_or_executes (tests.test_evidence.CorrectionTests.test_passive_review_never_invokes_network_or_executes) ... ok
test_pending_challenge_is_explicit (tests.test_evidence.CorrectionTests.test_pending_challenge_is_explicit) ... ok
test_raw_bundle_is_unchanged_by_review (tests.test_evidence.CorrectionTests.test_raw_bundle_is_unchanged_by_review) ... ok
test_rejected_challenge_cannot_withdraw (tests.test_evidence.CorrectionTests.test_rejected_challenge_cannot_withdraw) ... ok
test_revision_with_new_evidence_requires_new_pin (tests.test_evidence.CorrectionTests.test_revision_with_new_evidence_requires_new_pin) ... ok
test_shared_schema_challenge_affects_all_dependent_labels (tests.test_evidence.CorrectionTests.test_shared_schema_challenge_affects_all_dependent_labels) ... ok
test_withdrawal_preserves_other_assignment_and_validity (tests.test_evidence.CorrectionTests.test_withdrawal_preserves_other_assignment_and_validity) ... ok
test_absent_target_does_not_validate_by_two_votes (tests.test_integrity_records.IntegrityTests.test_absent_target_does_not_validate_by_two_votes) ... ok
test_all_nineteen_support_types_have_explicit_payload_validation (tests.test_integrity_records.IntegrityTests.test_all_nineteen_support_types_have_explicit_payload_validation) ... ok
test_audit_extra_review_does_not_replace_missing_planned_position (tests.test_integrity_records.IntegrityTests.test_audit_extra_review_does_not_replace_missing_planned_position) ... ok
test_audit_needs_annotations_for_each_reviewed_target (tests.test_integrity_records.IntegrityTests.test_audit_needs_annotations_for_each_reviewed_target) ... ok
test_checked_in_integrity_cases_are_actual_mock_payloads (tests.test_integrity_records.IntegrityTests.test_checked_in_integrity_cases_are_actual_mock_payloads) ... ok
test_complete_mock_form_never_certifies_operational_openness (tests.test_integrity_records.IntegrityTests.test_complete_mock_form_never_certifies_operational_openness) ... ok
test_complete_review_keeps_sources_and_classifications_passive (tests.test_integrity_records.IntegrityTests.test_complete_review_keeps_sources_and_classifications_passive) ... ok
test_design_32_core_and_28_pairs_remains_a_plan (tests.test_integrity_records.IntegrityTests.test_design_32_core_and_28_pairs_remains_a_plan) ... ok
test_design_8995_tests_does_not_count_as_performed_validation (tests.test_integrity_records.IntegrityTests.test_design_8995_tests_does_not_count_as_performed_validation) ... ok
test_disagreement_preserves_both_initial_outcomes (tests.test_integrity_records.IntegrityTests.test_disagreement_preserves_both_initial_outcomes) ... ok
test_domain_property_mismatch_is_not_execution_evidence (tests.test_integrity_records.IntegrityTests.test_domain_property_mismatch_is_not_execution_evidence) ... ok
test_empty_intake_is_distinct_from_received_evidence (tests.test_integrity_records.IntegrityTests.test_empty_intake_is_distinct_from_received_evidence) ... ok
test_four_conditions_cannot_claim_five_condition_openness (tests.test_integrity_records.IntegrityTests.test_four_conditions_cannot_claim_five_condition_openness) ... ok
test_initial_judgment_materials_must_match (tests.test_integrity_records.IntegrityTests.test_initial_judgment_materials_must_match) ... ok
test_initial_label_exposure_is_not_independent_first_pass (tests.test_integrity_records.IntegrityTests.test_initial_label_exposure_is_not_independent_first_pass) ... ok
test_known_prior_exposure_overrides_false_annotation_flag (tests.test_integrity_records.IntegrityTests.test_known_prior_exposure_overrides_false_annotation_flag) ... ok
test_later_discussion_does_not_rewrite_first_pass (tests.test_integrity_records.IntegrityTests.test_later_discussion_does_not_rewrite_first_pass) ... ok
test_lineage_cycles_do_not_trigger_universal_dag_rejection (tests.test_integrity_records.IntegrityTests.test_lineage_cycles_do_not_trigger_universal_dag_rejection) ... ok
test_malformed_public_annotation_reference_is_controlled (tests.test_integrity_records.IntegrityTests.test_malformed_public_annotation_reference_is_controlled) ... ok
test_matching_mock_audit_stays_record_only (tests.test_integrity_records.IntegrityTests.test_matching_mock_audit_stays_record_only) ... ok
test_missing_claim_evidence_is_unresolved_not_satisfied (tests.test_integrity_records.IntegrityTests.test_missing_claim_evidence_is_unresolved_not_satisfied) ... ok
test_missing_mock_marker_is_not_defaulted (tests.test_integrity_records.IntegrityTests.test_missing_mock_marker_is_not_defaulted) ... ok
test_mistyped_annotation_actor_is_controlled (tests.test_integrity_records.IntegrityTests.test_mistyped_annotation_actor_is_controlled) ... ok
test_mistyped_domain_suite_reference_is_controlled (tests.test_integrity_records.IntegrityTests.test_mistyped_domain_suite_reference_is_controlled) ... ok
test_nonapplicable_cannot_evade_mandatory_condition (tests.test_integrity_records.IntegrityTests.test_nonapplicable_cannot_evade_mandatory_condition) ... ok
test_one_unresolved_condition_cannot_be_averaged_away (tests.test_integrity_records.IntegrityTests.test_one_unresolved_condition_cannot_be_averaged_away) ... ok
test_source_unknowns_cannot_become_inferred_ancestry (tests.test_integrity_records.IntegrityTests.test_source_unknowns_cannot_become_inferred_ancestry) ... ok
test_step3_matrix_binds_all_actual_step3_checks (tests.test_integrity_records.IntegrityTests.test_step3_matrix_binds_all_actual_step3_checks) ... ok
test_structural_schema_challenge_keeps_separate_validity (tests.test_integrity_records.IntegrityTests.test_structural_schema_challenge_keeps_separate_validity) ... ok
test_support_value_type_mutations_do_not_crash (tests.test_integrity_records.IntegrityTests.test_support_value_type_mutations_do_not_crash) ... ok
test_two_mock_humans_are_only_record_consistent (tests.test_integrity_records.IntegrityTests.test_two_mock_humans_are_only_record_consistent) ... ok
test_two_sessions_by_one_person_fail_two_person_requirement (tests.test_integrity_records.IntegrityTests.test_two_sessions_by_one_person_fail_two_person_requirement) ... ok
test_unknown_expiry_does_not_invent_validity_period (tests.test_integrity_records.IntegrityTests.test_unknown_expiry_does_not_invent_validity_period) ... ok
test_unknown_exposure_does_not_become_false (tests.test_integrity_records.IntegrityTests.test_unknown_exposure_does_not_become_false) ... ok
test_unknown_parent_remains_unknown (tests.test_integrity_records.IntegrityTests.test_unknown_parent_remains_unknown) ... ok
test_unknown_payload_fields_are_not_executable_extensions (tests.test_integrity_records.IntegrityTests.test_unknown_payload_fields_are_not_executable_extensions) ... ok
test_unreviewed_intake_preserves_original_anomaly (tests.test_integrity_records.IntegrityTests.test_unreviewed_intake_preserves_original_anomaly) ... ok
test_withdrawn_suite_cannot_support_execution_record (tests.test_integrity_records.IntegrityTests.test_withdrawn_suite_cannot_support_execution_record) ... ok
test_complete_core_coverage_is_record_consistent_but_still_mock (tests.test_integrity_records.Step7CompleteReferenceFixtures.test_complete_core_coverage_is_record_consistent_but_still_mock) ... ok
test_complete_systematic_audit_plan_resolves_exact_72_positions (tests.test_integrity_records.Step7CompleteReferenceFixtures.test_complete_systematic_audit_plan_resolves_exact_72_positions) ... ok
test_absent_oracle_is_not_independent_validation (tests.test_integrity_records.Step7FunctionalRecords.test_absent_oracle_is_not_independent_validation) ... ok
test_complete_8995_order_construction_and_hash (tests.test_integrity_records.Step7FunctionalRecords.test_complete_8995_order_construction_and_hash) ... ok
test_complete_mock_import_is_record_consistent_only (tests.test_integrity_records.Step7FunctionalRecords.test_complete_mock_import_is_record_consistent_only) ... ok
test_containment_or_missing_reference_family_blocks_claim (tests.test_integrity_records.Step7FunctionalRecords.test_containment_or_missing_reference_family_blocks_claim) ... ok
test_decisive_counterexample_can_precede_full_coverage (tests.test_integrity_records.Step7FunctionalRecords.test_decisive_counterexample_can_precede_full_coverage) ... ok
test_each_property_is_required_without_boolean_coercion (tests.test_integrity_records.Step7FunctionalRecords.test_each_property_is_required_without_boolean_coercion) ... ok
test_each_segment_construction_is_checked (tests.test_integrity_records.Step7FunctionalRecords.test_each_segment_construction_is_checked) ... ok
test_equal_inputs_keep_distinct_ids_and_purposes (tests.test_integrity_records.Step7FunctionalRecords.test_equal_inputs_keep_distinct_ids_and_purposes) ... ok
test_exception_needs_explicit_task_counterexample (tests.test_integrity_records.Step7FunctionalRecords.test_exception_needs_explicit_task_counterexample) ... ok
test_forged_manifest_hash_is_rejected (tests.test_integrity_records.Step7FunctionalRecords.test_forged_manifest_hash_is_rejected) ... ok
test_missing_test_cannot_pass_by_declared_count (tests.test_integrity_records.Step7FunctionalRecords.test_missing_test_cannot_pass_by_declared_count) ... ok
test_mock_child_cannot_validate_nonmock_parent (tests.test_integrity_records.Step7FunctionalRecords.test_mock_child_cannot_validate_nonmock_parent) ... ok
test_nested_malformed_runtime_metadata_is_controlled (tests.test_integrity_records.Step7FunctionalRecords.test_nested_malformed_runtime_metadata_is_controlled) ... ok
test_partial_pass_does_not_claim_full_validity (tests.test_integrity_records.Step7FunctionalRecords.test_partial_pass_does_not_claim_full_validity) ... ok
test_plain_pass_string_cannot_establish_validity (tests.test_integrity_records.Step7FunctionalRecords.test_plain_pass_string_cannot_establish_validity) ... ok
test_reordering_is_detected_even_with_new_hash (tests.test_integrity_records.Step7FunctionalRecords.test_reordering_is_detected_even_with_new_hash) ... ok
test_repair_cannot_relabel_original_subject (tests.test_integrity_records.Step7FunctionalRecords.test_repair_cannot_relabel_original_subject) ... ok
test_timeout_memory_harness_or_oracle_failure_is_not_invalidity (tests.test_integrity_records.Step7FunctionalRecords.test_timeout_memory_harness_or_oracle_failure_is_not_invalidity) ... ok
test_unreadable_upstream_evidence_cannot_be_laundered (tests.test_integrity_records.Step7FunctionalRecords.test_unreadable_upstream_evidence_cannot_be_laundered) ... ok
test_28_pairs_and_four_witnesses_checked_without_fabricating_core (tests.test_integrity_records.Step7ReferenceAuditRecords.test_28_pairs_and_four_witnesses_checked_without_fabricating_core) ... ok
test_32_names_without_artifacts_or_annotations_do_not_pass (tests.test_integrity_records.Step7ReferenceAuditRecords.test_32_names_without_artifacts_or_annotations_do_not_pass) ... ok
test_72_planned_positions_are_not_72_reviews (tests.test_integrity_records.Step7ReferenceAuditRecords.test_72_planned_positions_are_not_72_reviews) ... ok
test_changed_systematic_position_fails (tests.test_integrity_records.Step7ReferenceAuditRecords.test_changed_systematic_position_fails) ... ok
test_generic_audit_must_match_actual_frozen_plan (tests.test_integrity_records.Step7ReferenceAuditRecords.test_generic_audit_must_match_actual_frozen_plan) ... ok
test_opposite_membership_claims_do_not_transitively_cluster (tests.test_integrity_records.Step7ReferenceAuditRecords.test_opposite_membership_claims_do_not_transitively_cluster) ... ok
test_overlap_is_preserved_not_forced_into_partition (tests.test_integrity_records.Step7ReferenceAuditRecords.test_overlap_is_preserved_not_forced_into_partition) ... ok
test_pair_duplication_cannot_fill_missing_review (tests.test_integrity_records.Step7ReferenceAuditRecords.test_pair_duplication_cannot_fill_missing_review) ... ok
test_registry_candidate_can_remain_valid_without_new_class (tests.test_integrity_records.Step7ReferenceAuditRecords.test_registry_candidate_can_remain_valid_without_new_class) ... ok
test_repeated_position_does_not_replace_lost_opportunity (tests.test_integrity_records.Step7ReferenceAuditRecords.test_repeated_position_does_not_replace_lost_opportunity) ... ok
test_witness_shape_not_just_four_names (tests.test_integrity_records.Step7ReferenceAuditRecords.test_witness_shape_not_just_four_names) ... ok
test_absent_future_attempt_preserves_earlier_group_plan (tests.test_inventory.AdditionalInventoryTests.test_absent_future_attempt_preserves_earlier_group_plan) ... ok
test_declared_output_offsets_cannot_add_a_new_realization_twice (tests.test_inventory.AdditionalInventoryTests.test_declared_output_offsets_cannot_add_a_new_realization_twice) ... ok
test_duplicate_group_position_with_unknown_attempt_is_unresolved (tests.test_inventory.AdditionalInventoryTests.test_duplicate_group_position_with_unknown_attempt_is_unresolved) ... ok
test_extra_later_failure_does_not_contaminate_known_selected_ids (tests.test_inventory.AdditionalInventoryTests.test_extra_later_failure_does_not_contaminate_known_selected_ids) ... ok
test_malformed_manifest_stays_unavailable_not_successful_empty_study (tests.test_inventory.AdditionalInventoryTests.test_malformed_manifest_stays_unavailable_not_successful_empty_study) ... ok
test_shared_group_across_cells_is_retained_without_pooling (tests.test_inventory.AdditionalInventoryTests.test_shared_group_across_cells_is_retained_without_pooling) ... ok
test_character_offsets_cannot_replace_byte_offsets (tests.test_inventory.ArtifactAssociationTests.test_character_offsets_cannot_replace_byte_offsets) ... ok
test_empty_emitted_region_is_real_bytes_not_missing_slot (tests.test_inventory.ArtifactAssociationTests.test_empty_emitted_region_is_real_bytes_not_missing_slot) ... ok
test_exact_byte_region_keeps_unicode_and_crlf (tests.test_inventory.ArtifactAssociationTests.test_exact_byte_region_keeps_unicode_and_crlf) ... ok
test_missing_raw_is_unavailable_not_an_extraction_guess (tests.test_inventory.ArtifactAssociationTests.test_missing_raw_is_unavailable_not_an_extraction_guess) ... ok
test_negative_bool_and_oversized_spans_are_controlled (tests.test_inventory.ArtifactAssociationTests.test_negative_bool_and_oversized_spans_are_controlled) ... ok
test_raw_response_mismatch_cannot_be_repaired_by_neighbor (tests.test_inventory.ArtifactAssociationTests.test_raw_response_mismatch_cannot_be_repaired_by_neighbor) ... ok
test_truncated_known_text_can_be_associated_without_completion (tests.test_inventory.ArtifactAssociationTests.test_truncated_known_text_can_be_associated_without_completion) ... ok
test_attempt_cell_mismatch_is_preserved (tests.test_inventory.InventoryTests.test_attempt_cell_mismatch_is_preserved) ... ok
test_attempts_and_realizations_are_separate (tests.test_inventory.InventoryTests.test_attempts_and_realizations_are_separate) ... ok
test_conflicting_order_sources_are_not_resolved_by_preference (tests.test_inventory.InventoryTests.test_conflicting_order_sources_are_not_resolved_by_preference) ... ok
test_duplicate_id_is_ambiguous_never_deduplicated_silently (tests.test_inventory.InventoryTests.test_duplicate_id_is_ambiguous_never_deduplicated_silently) ... ok
test_duplicate_malformed_id_remains_ambiguous (tests.test_inventory.InventoryTests.test_duplicate_malformed_id_remains_ambiguous) ... ok
test_duplicate_planned_position_is_unavailable (tests.test_inventory.InventoryTests.test_duplicate_planned_position_is_unavailable) ... ok
test_extra_output_is_preserved_unselected (tests.test_inventory.InventoryTests.test_extra_output_is_preserved_unselected) ... ok
test_failed_five_candidate_call_does_not_create_samples (tests.test_inventory.InventoryTests.test_failed_five_candidate_call_does_not_create_samples) ... ok
test_frame_failure_is_scoped_and_distinct_from_empty (tests.test_inventory.InventoryTests.test_frame_failure_is_scoped_and_distinct_from_empty) ... ok
test_known_empty_and_truncated_emissions_remain_samples (tests.test_inventory.InventoryTests.test_known_empty_and_truncated_emissions_remain_samples) ... ok
test_known_empty_selection_is_zero_with_exclusions (tests.test_inventory.InventoryTests.test_known_empty_selection_is_zero_with_exclusions) ... ok
test_large_attempt_count_does_not_expand_unbounded_positions (tests.test_inventory.InventoryTests.test_large_attempt_count_does_not_expand_unbounded_positions) ... ok
test_malformed_observation_retains_row_and_complete_count_uncertainty (tests.test_inventory.InventoryTests.test_malformed_observation_retains_row_and_complete_count_uncertainty) ... ok
test_missing_requested_sample_cannot_create_observation (tests.test_inventory.InventoryTests.test_missing_requested_sample_cannot_create_observation) ... ok
test_no_io_after_loading (tests.test_inventory.InventoryTests.test_no_io_after_loading) ... ok
test_original_storage_order_is_not_experimental_sequence (tests.test_inventory.InventoryTests.test_original_storage_order_is_not_experimental_sequence) ... ok
test_partial_explicit_order_is_unavailable (tests.test_inventory.InventoryTests.test_partial_explicit_order_is_unavailable) ... ok
test_plan_without_attempt_records_does_not_invent_attempts (tests.test_inventory.InventoryTests.test_plan_without_attempt_records_does_not_invent_attempts) ... ok
test_position_plan_mutations_have_controlled_diagnostics (tests.test_inventory.InventoryTests.test_position_plan_mutations_have_controlled_diagnostics) ... ok
test_primary_attempt_metadata_can_supply_plan (tests.test_inventory.InventoryTests.test_primary_attempt_metadata_can_supply_plan) ... ok
test_private_and_missing_text_do_not_zero_inventory (tests.test_inventory.InventoryTests.test_private_and_missing_text_do_not_zero_inventory) ... ok
test_protocol_mismatch_is_frame_error (tests.test_inventory.InventoryTests.test_protocol_mismatch_is_frame_error) ... ok
test_recorded_ordinals_can_supply_order (tests.test_inventory.InventoryTests.test_recorded_ordinals_can_supply_order) ... ok
test_repeated_bytes_with_distinct_positions_remain_observations (tests.test_inventory.InventoryTests.test_repeated_bytes_with_distinct_positions_remain_observations) ... ok
test_retry_is_preserved_without_adding_planned_slots (tests.test_inventory.InventoryTests.test_retry_is_preserved_without_adding_planned_slots) ... ok
test_same_attempt_position_cannot_count_twice_under_two_ids (tests.test_inventory.InventoryTests.test_same_attempt_position_cannot_count_twice_under_two_ids) ... ok
test_selecting_extra_output_cannot_extend_planned_budget (tests.test_inventory.InventoryTests.test_selecting_extra_output_cannot_extend_planned_budget) ... ok
test_unattempted_slot_is_not_an_invocation (tests.test_inventory.InventoryTests.test_unattempted_slot_is_not_an_invocation) ... ok
test_unknown_attempt_history_is_not_one_call_per_sample (tests.test_inventory.InventoryTests.test_unknown_attempt_history_is_not_one_call_per_sample) ... ok
test_unknown_cell_remains_unallocated (tests.test_inventory.InventoryTests.test_unknown_cell_remains_unallocated) ... ok
test_unknown_order_does_not_erase_selection (tests.test_inventory.InventoryTests.test_unknown_order_does_not_erase_selection) ... ok
test_unknown_selection_is_not_automatically_all (tests.test_inventory.InventoryTests.test_unknown_selection_is_not_automatically_all) ... ok
test_wrong_record_file_hash_cannot_supply_selected_identity (tests.test_inventory.InventoryTests.test_wrong_record_file_hash_cannot_supply_selected_identity) ... ok
test_bad_required_version_never_becomes_empty_success (tests.test_local_io.BundleTests.test_bad_required_version_never_becomes_empty_success) ... ok
test_empty_and_malformed_records_remain_distinct (tests.test_local_io.BundleTests.test_empty_and_malformed_records_remain_distinct) ... ok
test_external_and_unavailable_artifacts_are_inert (tests.test_local_io.BundleTests.test_external_and_unavailable_artifacts_are_inert) ... ok
test_hash_mismatch_is_scoped_and_keeps_expected_hash (tests.test_local_io.BundleTests.test_hash_mismatch_is_scoped_and_keeps_expected_hash) ... ok
test_line_limit_does_not_turn_suffix_into_next_row (tests.test_local_io.BundleTests.test_line_limit_does_not_turn_suffix_into_next_row) ... ok
test_malformed_line_does_not_erase_next_record (tests.test_local_io.BundleTests.test_malformed_line_does_not_erase_next_record) ... ok
test_only_declared_files_are_read (tests.test_local_io.BundleTests.test_only_declared_files_are_read) ... ok
test_read_order_does_not_become_scientific_order (tests.test_local_io.BundleTests.test_read_order_does_not_become_scientific_order) ... ok
test_record_file_hash_mismatch_preserves_inventory (tests.test_local_io.BundleTests.test_record_file_hash_mismatch_preserves_inventory) ... ok
test_record_limit_is_not_silent_sampling (tests.test_local_io.BundleTests.test_record_limit_is_not_silent_sampling) ... ok
test_sample_hash_uses_analyzed_bytes (tests.test_local_io.BundleTests.test_sample_hash_uses_analyzed_bytes) ... ok
test_source_pin_mismatch_does_not_trigger_retrieval (tests.test_local_io.BundleTests.test_source_pin_mismatch_does_not_trigger_retrieval) ... ok
test_wrong_file_role_preserves_raw_record (tests.test_local_io.BundleTests.test_wrong_file_role_preserves_raw_record) ... ok
test_change_during_read_is_detected (tests.test_local_io.SnapshotTests.test_change_during_read_is_detected) ... ok
test_directory_and_fifo_are_rejected_without_blocking (tests.test_local_io.SnapshotTests.test_directory_and_fifo_are_rejected_without_blocking) ... ok
test_file_and_total_byte_limits (tests.test_local_io.SnapshotTests.test_file_and_total_byte_limits) ... ok
test_internal_external_and_root_symlinks_are_rejected (tests.test_local_io.SnapshotTests.test_internal_external_and_root_symlinks_are_rejected) ... ok
test_path_grammar_rejects_remote_and_expansion (tests.test_local_io.SnapshotTests.test_path_grammar_rejects_remote_and_expansion) ... ok
test_snapshot_and_repeated_path_read (tests.test_local_io.SnapshotTests.test_snapshot_and_repeated_path_read) ... ok
test_snapshot_stays_stable_after_path_replacement (tests.test_local_io.SnapshotTests.test_snapshot_stays_stable_after_path_replacement) ... ok
test_unsupported_platform_has_no_unsafe_fallback (tests.test_local_io.SnapshotTests.test_unsupported_platform_has_no_unsafe_fallback) ... ok
test_bad_manifest_field_types_have_controlled_errors (tests.test_local_io.StrictJSONTests.test_bad_manifest_field_types_have_controlled_errors) ... ok
test_depth_bound_respects_strings (tests.test_local_io.StrictJSONTests.test_depth_bound_respects_strings) ... ok
test_duplicate_keys_and_escaped_aliases_fail (tests.test_local_io.StrictJSONTests.test_duplicate_keys_and_escaped_aliases_fail) ... ok
test_invalid_overrides_never_weaken_limits (tests.test_local_io.StrictJSONTests.test_invalid_overrides_never_weaken_limits) ... ok
test_large_finite_exponent_is_not_float_infinity (tests.test_local_io.StrictJSONTests.test_large_finite_exponent_is_not_float_infinity) ... ok
test_nonfinite_constants_fail (tests.test_local_io.StrictJSONTests.test_nonfinite_constants_fail) ... ok
test_number_length_and_file_limits (tests.test_local_io.StrictJSONTests.test_number_length_and_file_limits) ... ok
test_utf8_bom_surrogates_and_bad_syntax_fail (tests.test_local_io.StrictJSONTests.test_utf8_bom_surrogates_and_bad_syntax_fail) ... ok
test_effective_counts_differ (tests.test_metrics.Arithmetic.test_effective_counts_differ) ... ok
test_higher_precision_independent_check (tests.test_metrics.Arithmetic.test_higher_precision_independent_check) ... ok
test_one_class (tests.test_metrics.Arithmetic.test_one_class) ... ok
test_oracle_identity_and_role (tests.test_metrics.Arithmetic.test_oracle_identity_and_role) ... ok
test_sci_with_replacement (tests.test_metrics.Arithmetic.test_sci_with_replacement) ... ok
test_source_oracles (tests.test_metrics.Arithmetic.test_source_oracles) ... ok
test_units_and_scope (tests.test_metrics.Arithmetic.test_units_and_scope) ... ok
test_unrounded_derivation (tests.test_metrics.Arithmetic.test_unrounded_derivation) ... ok
test_zero_registry_entries (tests.test_metrics.Arithmetic.test_zero_registry_entries) ... ok
test_complete_arithmetic_not_complete_report (tests.test_metrics.Matrix.test_complete_arithmetic_not_complete_report) ... ok
test_explicit_test_bindings (tests.test_metrics.Matrix.test_explicit_test_bindings) ... ok
test_frozen_and_external_scopes (tests.test_metrics.Matrix.test_frozen_and_external_scopes) ... ok
test_history_and_actual_runner_step (tests.test_metrics.Matrix.test_history_and_actual_runner_step) ... ok
test_invalid_binding_class (tests.test_metrics.Matrix.test_invalid_binding_class) ... ok
test_non_m_update_forbidden (tests.test_metrics.Matrix.test_non_m_update_forbidden) ... ok
test_old_bindings_preserved (tests.test_metrics.Matrix.test_old_bindings_preserved) ... ok
test_624_small_tables (tests.test_metrics.Numerical.test_624_small_tables) ... ok
test_effective_order_failure (tests.test_metrics.Numerical.test_effective_order_failure) ... ok
test_exact_total (tests.test_metrics.Numerical.test_exact_total) ... ok
test_exp_failure_scoped (tests.test_metrics.Numerical.test_exp_failure_scoped) ... ok
test_immutable_results (tests.test_metrics.Numerical.test_immutable_results) ... ok
test_invalid_counts (tests.test_metrics.Numerical.test_invalid_counts) ... ok
test_log_failure_scoped (tests.test_metrics.Numerical.test_log_failure_scoped) ... ok
test_material_errors (tests.test_metrics.Numerical.test_material_errors) ... ok
test_no_deferred_estimators (tests.test_metrics.Numerical.test_no_deferred_estimators) ... ok
test_normalization_failure (tests.test_metrics.Numerical.test_normalization_failure) ... ok
test_renaming_and_order (tests.test_metrics.Numerical.test_renaming_and_order) ... ok
test_resource_limits (tests.test_metrics.Numerical.test_resource_limits) ... ok
test_signed_zero (tests.test_metrics.Numerical.test_signed_zero) ... ok
test_tiny_boundary_record (tests.test_metrics.Numerical.test_tiny_boundary_record) ... ok
test_tolerance_sum (tests.test_metrics.Numerical.test_tolerance_sum) ... ok
test_underflow_preserves_exact_support (tests.test_metrics.Numerical.test_underflow_preserves_exact_support) ... ok
test_uniform_scaling (tests.test_metrics.Numerical.test_uniform_scaling) ... ok
test_all_invalid (tests.test_metrics.Populations.test_all_invalid) ... ok
test_ambiguous_ids (tests.test_metrics.Populations.test_ambiguous_ids) ... ok
test_bad_component_types (tests.test_metrics.Populations.test_bad_component_types) ... ok
test_empty_selection (tests.test_metrics.Populations.test_empty_selection) ... ok
test_frame_failure (tests.test_metrics.Populations.test_frame_failure) ... ok
test_independence_only_withdrawal (tests.test_metrics.Populations.test_independence_only_withdrawal) ... ok
test_local_evidence_failure (tests.test_metrics.Populations.test_local_evidence_failure) ... ok
test_malformed_threshold_is_component_specific (tests.test_metrics.Populations.test_malformed_threshold_is_component_specific) ... ok
test_mf07_views_and_ratios (tests.test_metrics.Populations.test_mf07_views_and_ratios) ... ok
test_no_hero_program_or_report_created (tests.test_metrics.Populations.test_no_hero_program_or_report_created) ... ok
test_passive_arithmetic (tests.test_metrics.Populations.test_passive_arithmetic) ... ok
test_population_conservation (tests.test_metrics.Populations.test_population_conservation) ... ok
test_population_duplicate_ids (tests.test_metrics.Populations.test_population_duplicate_ids) ... ok
test_unclassified (tests.test_metrics.Populations.test_unclassified) ... ok
test_unknown_checkpoint (tests.test_metrics.Populations.test_unknown_checkpoint) ... ok
test_hero_count_projection (tests.test_metrics.Prefixes.test_hero_count_projection) ... ok
test_hero_invalid_projection (tests.test_metrics.Prefixes.test_hero_invalid_projection) ... ok
test_hero_missing_intended_slot (tests.test_metrics.Prefixes.test_hero_missing_intended_slot) ... ok
test_k_states (tests.test_metrics.Prefixes.test_k_states) ... ok
test_mf10 (tests.test_metrics.Prefixes.test_mf10) ... ok
test_missing_order (tests.test_metrics.Prefixes.test_missing_order) ... ok
test_monotone_accumulation (tests.test_metrics.Prefixes.test_monotone_accumulation) ... ok
test_partial_group (tests.test_metrics.Prefixes.test_partial_group) ... ok
test_prefix_conservation (tests.test_metrics.Prefixes.test_prefix_conservation) ... ok
test_real_order_change (tests.test_metrics.Prefixes.test_real_order_change) ... ok
test_revision_preserves_old_result (tests.test_metrics.Prefixes.test_revision_preserves_old_result) ... ok
test_storage_order_invariant (tests.test_metrics.Prefixes.test_storage_order_invariant) ... ok
test_zero_vs_missing_prefix (tests.test_metrics.Prefixes.test_zero_vs_missing_prefix) ... ok
test_beyond_float_boundary (tests.test_metrics.Thresholds.test_beyond_float_boundary) ... ok
test_empty_requested (tests.test_metrics.Thresholds.test_empty_requested) ... ok
test_invalid_empty (tests.test_metrics.Thresholds.test_invalid_empty) ... ok
test_invalid_values (tests.test_metrics.Thresholds.test_invalid_values) ... ok
test_large_integer_equality (tests.test_metrics.Thresholds.test_large_integer_equality) ... ok
test_large_negative_exponent (tests.test_metrics.Thresholds.test_large_negative_exponent) ... ok
test_lexemes_and_origins (tests.test_metrics.Thresholds.test_lexemes_and_origins) ... ok
test_no_renormalization (tests.test_metrics.Thresholds.test_no_renormalization) ... ok
test_omitted_vs_null (tests.test_metrics.Thresholds.test_omitted_vs_null) ... ok
test_one_threshold_spellings (tests.test_metrics.Thresholds.test_one_threshold_spellings) ... ok
test_other_metrics_unchanged (tests.test_metrics.Thresholds.test_other_metrics_unchanged) ... ok
test_revalidate_token_object (tests.test_metrics.Thresholds.test_revalidate_token_object) ... ok
test_source_thresholds (tests.test_metrics.Thresholds.test_source_thresholds) ... ok
test_token_limit (tests.test_metrics.Thresholds.test_token_limit) ... ok
test_zero_never_passes (tests.test_metrics.Thresholds.test_zero_never_passes) ... ok
test_duplicate_record_is_error_not_a_second_observation (tests.test_pipeline.AdversePipelineTests.test_duplicate_record_is_error_not_a_second_observation) ... ok
test_empty_selected_inventory_has_zero_support_and_undefined_entropy (tests.test_pipeline.AdversePipelineTests.test_empty_selected_inventory_has_zero_support_and_undefined_entropy) ... ok
test_four_sample_evidence_correction_exact_sequence (tests.test_pipeline.AdversePipelineTests.test_four_sample_evidence_correction_exact_sequence) ... ok
test_hash_mismatch_is_not_repaired_by_pipeline (tests.test_pipeline.AdversePipelineTests.test_hash_mismatch_is_not_repaired_by_pipeline) ... ok
test_independence_only_correction_does_not_erase_supported_counts (tests.test_pipeline.AdversePipelineTests.test_independence_only_correction_does_not_erase_supported_counts) ... ok
test_invalid_threshold_is_contract_failure_not_zero (tests.test_pipeline.AdversePipelineTests.test_invalid_threshold_is_contract_failure_not_zero) ... ok
test_malformed_analysis_object_retains_safe_error_report (tests.test_pipeline.AdversePipelineTests.test_malformed_analysis_object_retains_safe_error_report) ... ok
test_malformed_manifest_is_error_not_empty_success (tests.test_pipeline.AdversePipelineTests.test_malformed_manifest_is_error_not_empty_success) ... ok
test_missing_shared_frame_withholds_distribution_keeps_inventory (tests.test_pipeline.AdversePipelineTests.test_missing_shared_frame_withholds_distribution_keeps_inventory) ... ok
test_mock_imported_adjudication_uses_same_pipeline (tests.test_pipeline.AdversePipelineTests.test_mock_imported_adjudication_uses_same_pipeline) ... ok
test_nonempty_unclassified_inventory_is_not_empty_study (tests.test_pipeline.AdversePipelineTests.test_nonempty_unclassified_inventory_is_not_empty_study) ... ok
test_omitted_threshold_keeps_not_requested (tests.test_pipeline.AdversePipelineTests.test_omitted_threshold_keeps_not_requested) ... ok
test_unknown_model_identity_does_not_destroy_arithmetic (tests.test_pipeline.AdversePipelineTests.test_unknown_model_identity_does_not_destroy_arithmetic) ... ok
test_unknown_prefix_mode_not_guessed_into_success (tests.test_pipeline.AdversePipelineTests.test_unknown_prefix_mode_not_guessed_into_success) ... ok
test_analyze_command_publishes_three_files (tests.test_pipeline.CommandIntegrationTests.test_analyze_command_publishes_three_files) ... ok
test_analyze_refuses_existing_output (tests.test_pipeline.CommandIntegrationTests.test_analyze_refuses_existing_output) ... ok
test_contract_error_report_can_be_written_without_success_claim (tests.test_pipeline.CommandIntegrationTests.test_contract_error_report_can_be_written_without_success_claim) ... ok
test_internal_failure_returns_three_without_traceback (tests.test_pipeline.CommandIntegrationTests.test_internal_failure_returns_three_without_traceback) ... ok
test_invalid_input_has_exit_two_and_safe_diagnostics (tests.test_pipeline.CommandIntegrationTests.test_invalid_input_has_exit_two_and_safe_diagnostics) ... ok
test_missing_arguments_do_not_echo_sensitive_paths (tests.test_pipeline.CommandIntegrationTests.test_missing_arguments_do_not_echo_sensitive_paths) ... ok
test_unimplemented_commands_remain_errors (tests.test_pipeline.CommandIntegrationTests.test_unimplemented_commands_remain_errors) ... ok
test_validate_command_success_and_no_writes (tests.test_pipeline.CommandIntegrationTests.test_validate_command_success_and_no_writes) ... ok
test_explicit_run_identity_changes_metadata_not_metrics (tests.test_pipeline.HeroPipelineTests.test_explicit_run_identity_changes_metadata_not_metrics) ... ok
test_hf00_materialization_matches_pinned_original (tests.test_pipeline.HeroPipelineTests.test_hf00_materialization_matches_pinned_original) ... ok
test_hf00_original_twenty_record_workflow (tests.test_pipeline.HeroPipelineTests.test_hf00_original_twenty_record_workflow) ... ok
test_hf01_invalid_but_classifiable (tests.test_pipeline.HeroPipelineTests.test_hf01_invalid_but_classifiable) ... ok
test_hf02_unresolved_class_keeps_validity (tests.test_pipeline.HeroPipelineTests.test_hf02_unresolved_class_keeps_validity) ... ok
test_hf03_provisional_label_has_distinct_reason (tests.test_pipeline.HeroPipelineTests.test_hf03_provisional_label_has_distinct_reason) ... ok
test_hf04_missing_evidence_is_local_limit (tests.test_pipeline.HeroPipelineTests.test_hf04_missing_evidence_is_local_limit) ... ok
test_hf05_missing_position_is_not_backfilled (tests.test_pipeline.HeroPipelineTests.test_hf05_missing_position_is_not_backfilled) ... ok
test_hf06_new_assignment_preserves_old_identity (tests.test_pipeline.HeroPipelineTests.test_hf06_new_assignment_preserves_old_identity) ... ok
test_input_changes_get_new_fingerprint_without_overwriting_old_report (tests.test_pipeline.HeroPipelineTests.test_input_changes_get_new_fingerprint_without_overwriting_old_report) ... ok
test_invalid_run_identity_and_naive_time_rejected (tests.test_pipeline.HeroPipelineTests.test_invalid_run_identity_and_naive_time_rejected) ... ok
test_materializer_refuses_unregistered_variant (tests.test_pipeline.HeroPipelineTests.test_materializer_refuses_unregistered_variant) ... ok
test_pinned_base_remains_byte_identical_after_all_variants (tests.test_pipeline.HeroPipelineTests.test_pinned_base_remains_byte_identical_after_all_variants) ... ok
test_program_text_and_generation_cost_are_never_invented (tests.test_pipeline.HeroPipelineTests.test_program_text_and_generation_cost_are_never_invented) ... ok
test_replay_canonical_reports_and_manifest_time (tests.test_pipeline.HeroPipelineTests.test_replay_canonical_reports_and_manifest_time) ... ok
test_report_hashes_identify_actual_written_bytes (tests.test_pipeline.HeroPipelineTests.test_report_hashes_identify_actual_written_bytes) ... ok
test_validate_has_no_metric_calculation (tests.test_pipeline.HeroPipelineTests.test_validate_has_no_metric_calculation) ... ok
test_complete_staging_precedes_atomic_publish (tests.test_pipeline.OutputTransactionTests.test_complete_staging_precedes_atomic_publish) ... ok
test_existing_file_and_empty_directory_are_not_replaced (tests.test_pipeline.OutputTransactionTests.test_existing_file_and_empty_directory_are_not_replaced) ... ok
test_interrupted_write_cleans_staging (tests.test_pipeline.OutputTransactionTests.test_interrupted_write_cleans_staging) ... ok
test_missing_parent_does_not_create_an_implicit_tree (tests.test_pipeline.OutputTransactionTests.test_missing_parent_does_not_create_an_implicit_tree) ... ok
test_only_fixed_three_filenames_are_allowed (tests.test_pipeline.OutputTransactionTests.test_only_fixed_three_filenames_are_allowed) ... ok
test_output_inside_input_is_rejected (tests.test_pipeline.OutputTransactionTests.test_output_inside_input_is_rejected) ... ok
test_output_symlink_and_symlink_parent_are_rejected (tests.test_pipeline.OutputTransactionTests.test_output_symlink_and_symlink_parent_are_rejected) ... ok
test_private_permissions_do_not_depend_on_umask (tests.test_pipeline.OutputTransactionTests.test_private_permissions_do_not_depend_on_umask) ... ok
test_publishes_exact_complete_set (tests.test_pipeline.OutputTransactionTests.test_publishes_exact_complete_set) ... ok
test_racing_target_is_preserved_and_staging_cleaned (tests.test_pipeline.OutputTransactionTests.test_racing_target_is_preserved_and_staging_cleaned) ... ok
test_remote_expanding_and_traversing_output_paths_are_rejected (tests.test_pipeline.OutputTransactionTests.test_remote_expanding_and_traversing_output_paths_are_rejected) ... ok
test_short_writes_are_retried_without_truncation (tests.test_pipeline.OutputTransactionTests.test_short_writes_are_retried_without_truncation) ... ok
test_unsupported_atomic_operation_has_no_overwrite_fallback (tests.test_pipeline.OutputTransactionTests.test_unsupported_atomic_operation_has_no_overwrite_fallback) ... ok
test_zero_length_write_is_failure_and_cleanup (tests.test_pipeline.OutputTransactionTests.test_zero_length_write_is_failure_and_cleanup) ... ok
test_external_locator_remains_inert_and_private_in_report (tests.test_pipeline.PipelineBoundaryTests.test_external_locator_remains_inert_and_private_in_report) ... ok
test_full_pipeline_never_runs_candidate_or_fetches_remote (tests.test_pipeline.PipelineBoundaryTests.test_full_pipeline_never_runs_candidate_or_fetches_remote) ... ok
test_serialization_failure_never_creates_output (tests.test_pipeline.PipelineBoundaryTests.test_serialization_failure_never_creates_output) ... ok
test_validate_does_not_write_any_inputs (tests.test_pipeline.PipelineBoundaryTests.test_validate_does_not_write_any_inputs) ... ok
test_complete_mock_gate_is_M_only_and_not_final_approval (tests.test_pipeline.Step7GateTests.test_complete_mock_gate_is_M_only_and_not_final_approval) ... ok
test_ec_scope_cannot_be_promoted_to_empirical_evidence (tests.test_pipeline.Step7GateTests.test_ec_scope_cannot_be_promoted_to_empirical_evidence) ... ok
test_missing_ec_binding_cannot_pass_full_gate (tests.test_pipeline.Step7GateTests.test_missing_ec_binding_cannot_pass_full_gate) ... ok
test_nonpassing_ec_binding_cannot_be_overridden (tests.test_pipeline.Step7GateTests.test_nonpassing_ec_binding_cannot_be_overridden) ... ok
test_test_records_have_expected_actual_scope_and_no_E_claim (tests.test_pipeline.Step7GateTests.test_test_records_have_expected_actual_scope_and_no_E_claim) ... ok
test_all_36_report_groups_have_explicit_paths (tests.test_pipeline.Step7ReportIntegration.test_all_36_report_groups_have_explicit_paths) ... ok
test_all_deferred_prerequisites_visible_without_estimator (tests.test_pipeline.Step7ReportIntegration.test_all_deferred_prerequisites_visible_without_estimator) ... ok
test_correction_dependencies_identify_both_views_without_resampling (tests.test_pipeline.Step7ReportIntegration.test_correction_dependencies_identify_both_views_without_resampling) ... ok
test_domain_coverage_details_are_visible_and_fixture_stays_fixture (tests.test_pipeline.Step7ReportIntegration.test_domain_coverage_details_are_visible_and_fixture_stays_fixture) ... ok
test_empty_then_received_and_acted_intake_never_adds_samples (tests.test_pipeline.Step7ReportIntegration.test_empty_then_received_and_acted_intake_never_adds_samples) ... ok
test_every_m_metric_retains_denominator_status_and_source_scope (tests.test_pipeline.Step7ReportIntegration.test_every_m_metric_retains_denominator_status_and_source_scope) ... ok
test_metadata_time_never_changes_content_or_creates_observation (tests.test_pipeline.Step7ReportIntegration.test_metadata_time_never_changes_content_or_creates_observation) ... ok
test_registered_sources_and_original_fixture_hashes_still_match (tests.test_pipeline.Step7ReportIntegration.test_registered_sources_and_original_fixture_hashes_still_match) ... ok
test_relocated_input_replays_all_canonical_content (tests.test_pipeline.Step7ReportIntegration.test_relocated_input_replays_all_canonical_content) ... ok
test_shared_schema_challenge_affects_all_its_cells_not_other_frames (tests.test_pipeline.Step7ReportIntegration.test_shared_schema_challenge_affects_all_its_cells_not_other_frames) ... ok
test_typed_lineage_exposure_and_annotation_survive_redaction (tests.test_pipeline.Step7ReportIntegration.test_typed_lineage_exposure_and_annotation_survive_redaction) ... ok
test_actual_empty_input_has_no_invented_observations (tests.test_populations.AdversePopulationTests.test_actual_empty_input_has_no_invented_observations) ... ok
test_association_error_withholds_both_affected_axes_without_deleting_sample (tests.test_populations.AdversePopulationTests.test_association_error_withholds_both_affected_axes_without_deleting_sample) ... ok
test_later_unrecorded_attempt_does_not_block_first_hero_endpoint (tests.test_populations.AdversePopulationTests.test_later_unrecorded_attempt_does_not_block_first_hero_endpoint) ... ok
test_local_failed_adjudication_never_withholds_entire_population (tests.test_populations.AdversePopulationTests.test_local_failed_adjudication_never_withholds_entire_population) ... ok
test_missing_text_is_not_automatic_missing_artifact_identity (tests.test_populations.AdversePopulationTests.test_missing_text_is_not_automatic_missing_artifact_identity) ... ok
test_public_surface_stops_before_metrics_and_comparisons (tests.test_populations.AdversePopulationTests.test_public_surface_stops_before_metrics_and_comparisons) ... ok
test_reference_registry_and_incident_never_add_model_samples (tests.test_populations.AdversePopulationTests.test_reference_registry_and_incident_never_add_model_samples) ... ok
test_repeated_call_without_new_identity_never_adds_sample (tests.test_populations.AdversePopulationTests.test_repeated_call_without_new_identity_never_adds_sample) ... ok
test_empty_classified_complete_twenty_is_legitimate_zero (tests.test_populations.HeroEndpointTests.test_empty_classified_complete_twenty_is_legitimate_zero) ... ok
test_group_plan_cannot_be_inferred_from_twenty_rows (tests.test_populations.HeroEndpointTests.test_group_plan_cannot_be_inferred_from_twenty_rows) ... ok
test_hero_membership_5_10_20_matches_frozen_design (tests.test_populations.HeroEndpointTests.test_hero_membership_5_10_20_matches_frozen_design) ... ok
test_last_group_failure_does_not_erase_earlier_endpoint (tests.test_populations.HeroEndpointTests.test_last_group_failure_does_not_erase_earlier_endpoint) ... ok
test_missing_g2_p5_allows_descriptive_but_not_matched_prefix (tests.test_populations.HeroEndpointTests.test_missing_g2_p5_allows_descriptive_but_not_matched_prefix) ... ok
test_same_group_records_are_not_independent_draws (tests.test_populations.HeroEndpointTests.test_same_group_records_are_not_independent_draws) ... ok
test_supplementary_single_candidate_k_is_not_hero_endpoint (tests.test_populations.HeroEndpointTests.test_supplementary_single_candidate_k_is_not_hero_endpoint) ... ok
test_unclassified_position_is_kept_without_replacement (tests.test_populations.HeroEndpointTests.test_unclassified_position_is_kept_without_replacement) ... ok
test_wrong_primary_attempt_blocks_matching_group (tests.test_populations.HeroEndpointTests.test_wrong_primary_attempt_blocks_matching_group) ... ok
test_all_invalid_can_still_have_structural_population (tests.test_populations.PopulationTests.test_all_invalid_can_still_have_structural_population) ... ok
test_axes_overlap_and_each_reconciles_to_selected_inventory (tests.test_populations.PopulationTests.test_axes_overlap_and_each_reconciles_to_selected_inventory) ... ok
test_conflicting_pin_is_local (tests.test_populations.PopulationTests.test_conflicting_pin_is_local) ... ok
test_independence_only_correction_preserves_counts (tests.test_populations.PopulationTests.test_independence_only_correction_preserves_counts) ... ok
test_inputs_remain_unchanged_and_results_are_immutable (tests.test_populations.PopulationTests.test_inputs_remain_unchanged_and_results_are_immutable) ... ok
test_known_empty_selection_has_undefined_ratios (tests.test_populations.PopulationTests.test_known_empty_selection_has_undefined_ratios) ... ok
test_mf07_all_five_ratios_keep_unreduced_accounting (tests.test_populations.PopulationTests.test_mf07_all_five_ratios_keep_unreduced_accounting) ... ok
test_mf07_exact_memberships (tests.test_populations.PopulationTests.test_mf07_exact_memberships) ... ok
test_missing_assignment_pin_has_no_latest_fallback (tests.test_populations.PopulationTests.test_missing_assignment_pin_has_no_latest_fallback) ... ok
test_missing_essential_class_evidence_preserves_other_samples (tests.test_populations.PopulationTests.test_missing_essential_class_evidence_preserves_other_samples) ... ok
test_missing_text_does_not_become_zero_coverage (tests.test_populations.PopulationTests.test_missing_text_does_not_become_zero_coverage) ... ok
test_missing_validity_does_not_become_invalid (tests.test_populations.PopulationTests.test_missing_validity_does_not_become_invalid) ... ok
test_no_io_or_model_calls_in_population_pass (tests.test_populations.PopulationTests.test_no_io_or_model_calls_in_population_pass) ... ok
test_old_and_corrected_populations_keep_sample_identity (tests.test_populations.PopulationTests.test_old_and_corrected_populations_keep_sample_identity) ... ok
test_one_class_is_distinct_from_no_class (tests.test_populations.PopulationTests.test_one_class_is_distinct_from_no_class) ... ok
test_other_cell_survives_malformed_frame_and_no_pooling (tests.test_populations.PopulationTests.test_other_cell_survives_malformed_frame_and_no_pooling) ... ok
test_registry_zeros_remain_and_never_add_observations (tests.test_populations.PopulationTests.test_registry_zeros_remain_and_never_add_observations) ... ok
test_renaming_supported_class_ids_preserves_population_counts (tests.test_populations.PopulationTests.test_renaming_supported_class_ids_preserves_population_counts) ... ok
test_schema_correction_scopes_class_and_validity_separately (tests.test_populations.PopulationTests.test_schema_correction_scopes_class_and_validity_separately) ... ok
test_shared_schema_failure_is_unavailable_not_zero_classes (tests.test_populations.PopulationTests.test_shared_schema_failure_is_unavailable_not_zero_classes) ... ok
test_unknown_order_leaves_whole_cell_population_available (tests.test_populations.PopulationTests.test_unknown_order_leaves_whole_cell_population_available) ... ok
test_unknown_selection_is_unavailable_not_empty (tests.test_populations.PopulationTests.test_unknown_selection_is_unavailable_not_empty) ... ok
test_validity_does_not_fill_unresolved_or_provisional_class (tests.test_populations.PopulationTests.test_validity_does_not_fill_unresolved_or_provisional_class) ... ok
test_wholly_unclassified_selection_remains_known_zero (tests.test_populations.PopulationTests.test_wholly_unclassified_selection_remains_known_zero) ... ok
test_accumulation_monotonicity_on_fixed_assignments (tests.test_populations.PrefixTests.test_accumulation_monotonicity_on_fixed_assignments) ... ok
test_actual_order_change_may_change_prefix (tests.test_populations.PrefixTests.test_actual_order_change_may_change_prefix) ... ok
test_available_unclassified_prefix_has_count_zero (tests.test_populations.PrefixTests.test_available_unclassified_prefix_has_count_zero) ... ok
test_grid_preserved_and_not_sorted_after_results (tests.test_populations.PrefixTests.test_grid_preserved_and_not_sorted_after_results) ... ok
test_invalid_and_omitted_k_have_distinct_outcomes (tests.test_populations.PrefixTests.test_invalid_and_omitted_k_have_distinct_outcomes) ... ok
test_invalid_or_unresolved_positions_are_not_backfilled (tests.test_populations.PrefixTests.test_invalid_or_unresolved_positions_are_not_backfilled) ... ok
test_invalid_view_and_mode_fail_explicitly (tests.test_populations.PrefixTests.test_invalid_view_and_mode_fail_explicitly) ... ok
test_mf10_exact_prefix_oracles (tests.test_populations.PrefixTests.test_mf10_exact_prefix_oracles) ... ok
test_partial_group_flag_is_descriptive_only (tests.test_populations.PrefixTests.test_partial_group_flag_is_descriptive_only) ... ok
test_storage_order_change_cannot_change_prefix (tests.test_populations.PrefixTests.test_storage_order_change_cannot_change_prefix) ... ok
test_prior_requirement_and_source_identities_remain_intact (tests.test_populations.Step4MatrixTests.test_prior_requirement_and_source_identities_remain_intact) ... ok
test_step4_progress_and_bindings_cover_executed_methods (tests.test_populations.Step4MatrixTests.test_step4_progress_and_bindings_cover_executed_methods) ... ok
test_mismatched_row_reference_cannot_redirect_requirement (tests.test_records.CatalogueReferenceTests.test_mismatched_row_reference_cannot_redirect_requirement) ... ok
test_modified_source_is_rejected_before_catalogue_expansion (tests.test_records.CatalogueReferenceTests.test_modified_source_is_rejected_before_catalogue_expansion) ... ok
test_duplicate_id_including_bad_record_is_ambiguous (tests.test_records.IdentityTests.test_duplicate_id_including_bad_record_is_ambiguous) ... ok
test_explicit_revisions_and_conflicting_pins (tests.test_records.IdentityTests.test_explicit_revisions_and_conflicting_pins) ... ok
test_identical_content_with_distinct_ids_is_not_deduplicated (tests.test_records.IdentityTests.test_identical_content_with_distinct_ids_is_not_deduplicated) ... ok
test_missing_reference_keeps_other_records (tests.test_records.IdentityTests.test_missing_reference_keeps_other_records) ... ok
test_unallocated_sample_is_retained (tests.test_records.IdentityTests.test_unallocated_sample_is_retained) ... ok
test_wrong_protocol_version_is_diagnosed (tests.test_records.IdentityTests.test_wrong_protocol_version_is_diagnosed) ... ok
test_declaration_limit_is_explicit (tests.test_records.InputBoundaryReviewTests.test_declaration_limit_is_explicit) ... ok
test_duplicate_source_pins_and_wrong_registry_reference_fail (tests.test_records.InputBoundaryReviewTests.test_duplicate_source_pins_and_wrong_registry_reference_fail) ... ok
test_nested_ref_shaped_metadata_does_not_crash (tests.test_records.InputBoundaryReviewTests.test_nested_ref_shaped_metadata_does_not_crash) ... ok
test_unsupported_kind_cannot_leak_into_identity_diagnostics (tests.test_records.InputBoundaryReviewTests.test_unsupported_kind_cannot_leak_into_identity_diagnostics) ... ok
test_axes_cannot_be_substituted (tests.test_records.KnowledgeTests.test_axes_cannot_be_substituted) ... ok
test_bad_tagged_values_have_safe_failures (tests.test_records.KnowledgeTests.test_bad_tagged_values_have_safe_failures) ... ok
test_knowledge_freezes_caller_owned_data (tests.test_records.KnowledgeTests.test_knowledge_freezes_caller_owned_data) ... ok
test_known_zero_false_empty_and_null_are_retained (tests.test_records.KnowledgeTests.test_known_zero_false_empty_and_null_are_retained) ... ok
test_missing_value_and_contradictory_knowledge_fail (tests.test_records.KnowledgeTests.test_missing_value_and_contradictory_knowledge_fail) ... ok
test_unknown_unavailable_and_not_applicable_are_distinct (tests.test_records.KnowledgeTests.test_unknown_unavailable_and_not_applicable_are_distinct) ... ok
test_bad_manifest_and_duplicate_files_fail (tests.test_records.ManifestTests.test_bad_manifest_and_duplicate_files_fail) ... ok
test_exact_decimal_string_and_number_tokens (tests.test_records.ManifestTests.test_exact_decimal_string_and_number_tokens) ... ok
test_incompatible_frame_version_is_not_empty_data (tests.test_records.ManifestTests.test_incompatible_frame_version_is_not_empty_data) ... ok
test_invalid_thresholds_and_k_are_scoped (tests.test_records.ManifestTests.test_invalid_thresholds_and_k_are_scoped) ... ok
test_minimal_manifest_has_no_default_controls (tests.test_records.ManifestTests.test_minimal_manifest_has_no_default_controls) ... ok
test_missing_frame_does_not_erase_other_frame (tests.test_records.ManifestTests.test_missing_frame_does_not_erase_other_frame) ... ok
test_source_and_ec_addendum_pins_match (tests.test_records.ManifestTests.test_source_and_ec_addendum_pins_match) ... ok
test_assigned_without_class_is_rejected (tests.test_records.RecordShapeTests.test_assigned_without_class_is_rejected) ... ok
test_assignment_states_preserve_review_and_candidates (tests.test_records.RecordShapeTests.test_assignment_states_preserve_review_and_candidates) ... ok
test_class_on_unresolved_is_rejected (tests.test_records.RecordShapeTests.test_class_on_unresolved_is_rejected) ... ok
test_counts_reject_booleans_and_nonintegers (tests.test_records.RecordShapeTests.test_counts_reject_booleans_and_nonintegers) ... ok
test_evidence_payload_is_envelope_only (tests.test_records.RecordShapeTests.test_evidence_payload_is_envelope_only) ... ok
test_hostile_payload_is_preserved_not_interpreted (tests.test_records.RecordShapeTests.test_hostile_payload_is_preserved_not_interpreted) ... ok
test_malformed_and_alias_ids_fail_without_echoing_content (tests.test_records.RecordShapeTests.test_malformed_and_alias_ids_fail_without_echoing_content) ... ok
test_missing_optional_data_stays_absent (tests.test_records.RecordShapeTests.test_missing_optional_data_stays_absent) ... ok
test_unsupported_version_kind_and_fields_preserve_raw (tests.test_records.RecordShapeTests.test_unsupported_version_kind_and_fields_preserve_raw) ... ok
test_validity_is_separate_and_not_inferred (tests.test_records.RecordShapeTests.test_validity_is_separate_and_not_inferred) ... ok
test_named_negative_cases_are_fixture_only (tests.test_records.RegistryTests.test_named_negative_cases_are_fixture_only) ... ok
test_registry_is_definition_not_model_samples (tests.test_records.RegistryTests.test_registry_is_definition_not_model_samples) ... ok
test_registry_is_exact_transcription_with_no_validation_claim (tests.test_records.RegistryTests.test_registry_is_exact_transcription_with_no_validation_claim) ... ok
test_additive_source_history_preserves_baseline_authorization (tests.test_records.Step2MatrixTests.test_additive_source_history_preserves_baseline_authorization) ... ok
test_catalogue_binds_actual_input_tests (tests.test_records.Step2MatrixTests.test_catalogue_binds_actual_input_tests) ... ok
test_partial_input_bindings_do_not_close_vt_or_evidence (tests.test_records.Step2MatrixTests.test_partial_input_bindings_do_not_close_vt_or_evidence) ... ok
test_all_ten_ec_disclosures_and_unknown_expiry_visible (tests.test_reporting.ReportTests.test_all_ten_ec_disclosures_and_unknown_expiry_visible) ... ok
test_all_v_and_d_results_are_null_with_explicit_status (tests.test_reporting.ReportTests.test_all_v_and_d_results_are_null_with_explicit_status) ... ok
test_canonical_dictionary_order_invariance (tests.test_reporting.ReportTests.test_canonical_dictionary_order_invariance) ... ok
test_control_characters_links_html_and_pipes_are_inert (tests.test_reporting.ReportTests.test_control_characters_links_html_and_pipes_are_inert) ... ok
test_every_scalar_value_unit_status_and_reason_survives_markdown (tests.test_reporting.ReportTests.test_every_scalar_value_unit_status_and_reason_survives_markdown) ... ok
test_evidence_limitations_precede_numeric_results (tests.test_reporting.ReportTests.test_evidence_limitations_precede_numeric_results) ... ok
test_five_conjunctive_conditions_visible (tests.test_reporting.ReportTests.test_five_conjunctive_conditions_visible) ... ok
test_held_evidence_prose_and_task_metadata_not_copied (tests.test_reporting.ReportTests.test_held_evidence_prose_and_task_metadata_not_copied) ... ok
test_json_and_markdown_consume_identical_tree (tests.test_reporting.ReportTests.test_json_and_markdown_consume_identical_tree) ... ok
test_json_keeps_unrounded_float (tests.test_reporting.ReportTests.test_json_keeps_unrounded_float) ... ok
test_missing_required_section_fails_serialization (tests.test_reporting.ReportTests.test_missing_required_section_fails_serialization) ... ok
test_no_empirical_support_or_score_fabricated (tests.test_reporting.ReportTests.test_no_empirical_support_or_score_fabricated) ... ok
test_nonfinite_results_cannot_be_serialized (tests.test_reporting.ReportTests.test_nonfinite_results_cannot_be_serialized) ... ok
test_pinned_input_hashes_do_not_claim_program_hashes (tests.test_reporting.ReportTests.test_pinned_input_hashes_do_not_claim_program_hashes) ... ok
test_private_root_absent_from_all_outputs (tests.test_reporting.ReportTests.test_private_root_absent_from_all_outputs) ... ok
test_reanalysis_and_v_dependents_remain_separate (tests.test_reporting.ReportTests.test_reanalysis_and_v_dependents_remain_separate) ... ok
test_required_section_order (tests.test_reporting.ReportTests.test_required_section_order) ... ok
test_scoped_ids_retained_without_private_person_mappings (tests.test_reporting.ReportTests.test_scoped_ids_retained_without_private_person_mappings) ... ok
test_source_lineage_pins_and_transform_references_retained (tests.test_reporting.ReportTests.test_source_lineage_pins_and_transform_references_retained) ... ok
test_unknown_unavailable_and_inapplicable_retain_distinction (tests.test_reporting.ReportTests.test_unknown_unavailable_and_inapplicable_retain_distinction) ... ok
test_zero_count_registry_classes_are_visible (tests.test_reporting.ReportTests.test_zero_count_registry_classes_are_visible) ... ok
test_zero_false_and_known_null_are_not_unknown (tests.test_reporting.ReportTests.test_zero_false_and_known_null_are_not_unknown) ... ok
test_actual_output_hash_is_preserved_while_body_is_withheld (tests.test_reporting.SourceAssociationDisclosureTests.test_actual_output_hash_is_preserved_while_body_is_withheld) ... ok
test_all_54_scope_dispositions_and_37_m_families (tests.test_scaffold.BaselineTests.test_all_54_scope_dispositions_and_37_m_families) ... ok
test_all_baseline_hashes_match (tests.test_scaffold.BaselineTests.test_all_baseline_hashes_match) ... ok
test_expected_hashes_match_plan_appendix (tests.test_scaffold.BaselineTests.test_expected_hashes_match_plan_appendix) ... ok
test_matrix_preserves_report_catalogue (tests.test_scaffold.BaselineTests.test_matrix_preserves_report_catalogue) ... ok
test_matrix_preserves_trace_catalogue (tests.test_scaffold.BaselineTests.test_matrix_preserves_trace_catalogue) ... ok
test_matrix_preserves_vf_catalogue (tests.test_scaffold.BaselineTests.test_matrix_preserves_vf_catalogue) ... ok
test_matrix_validation (tests.test_scaffold.BaselineTests.test_matrix_validation) ... ok
test_readme_scope_is_explicit (tests.test_scaffold.BaselineTests.test_readme_scope_is_explicit) ... ok
test_forbidden_commands_are_rejected (tests.test_scaffold.CommandTests.test_forbidden_commands_are_rejected) ... ok
test_help (tests.test_scaffold.CommandTests.test_help) ... ok
test_no_arguments_show_help (tests.test_scaffold.CommandTests.test_no_arguments_show_help) ... ok
test_runtime_help_and_version_do_not_use_network_or_child_processes (tests.test_scaffold.CommandTests.test_runtime_help_and_version_do_not_use_network_or_child_processes) ... ok
test_trusted_helper_rejects_arbitrary_commands (tests.test_scaffold.CommandTests.test_trusted_helper_rejects_arbitrary_commands) ... ok
test_unknown_option_is_error (tests.test_scaffold.CommandTests.test_unknown_option_is_error) ... ok
test_validate_and_analyze_require_input_or_are_unavailable (tests.test_scaffold.CommandTests.test_validate_and_analyze_require_input_or_are_unavailable) ... ok
test_version (tests.test_scaffold.CommandTests.test_version) ... ok
test_broken_binding_fails (tests.test_scaffold.HarnessTests.test_broken_binding_fails) ... ok
test_class_fixture_error_is_recorded (tests.test_scaffold.HarnessTests.test_class_fixture_error_is_recorded) ... ok
test_corrupt_journal_is_not_overwritten (tests.test_scaffold.HarnessTests.test_corrupt_journal_is_not_overwritten) ... ok
test_duplicate_discovery_fails (tests.test_scaffold.HarnessTests.test_duplicate_discovery_fails) ... ok
test_empty_discovery_fails_both_gates (tests.test_scaffold.HarnessTests.test_empty_discovery_fails_both_gates) ... ok
test_expected_failure_is_not_accepted (tests.test_scaffold.HarnessTests.test_expected_failure_is_not_accepted) ... ok
test_failure_and_error_are_recorded (tests.test_scaffold.HarnessTests.test_failure_and_error_are_recorded) ... ok
test_future_evidence_is_not_executed (tests.test_scaffold.HarnessTests.test_future_evidence_is_not_executed) ... ok
test_journal_retains_prior_runs (tests.test_scaffold.HarnessTests.test_journal_retains_prior_runs) ... ok
test_missing_m_bindings_fail_final_gate (tests.test_scaffold.HarnessTests.test_missing_m_bindings_fail_final_gate) ... ok
test_missing_scaffold_binding_fails (tests.test_scaffold.HarnessTests.test_missing_scaffold_binding_fails) ... ok
test_missing_trace_binding_fails_final_gate (tests.test_scaffold.HarnessTests.test_missing_trace_binding_fails_final_gate) ... ok
test_required_m_skip_blocks_final_gate (tests.test_scaffold.HarnessTests.test_required_m_skip_blocks_final_gate) ... ok
test_runner_help_does_not_run_tests (tests.test_scaffold.HarnessTests.test_runner_help_does_not_run_tests) ... ok
test_skipped_test_is_not_accepted (tests.test_scaffold.HarnessTests.test_skipped_test_is_not_accepted) ... ok
test_subtest_failure_is_recorded (tests.test_scaffold.HarnessTests.test_subtest_failure_is_recorded) ... ok
test_unexpected_success_is_not_accepted (tests.test_scaffold.HarnessTests.test_unexpected_success_is_not_accepted) ... ok
test_distribution_excludes_tests_docs_and_pdfs (tests.test_scaffold.PackageTests.test_distribution_excludes_tests_docs_and_pdfs) ... ok
test_import_under_standard_library_only (tests.test_scaffold.PackageTests.test_import_under_standard_library_only) ... ok
test_metadata_has_no_runtime_dependencies (tests.test_scaffold.PackageTests.test_metadata_has_no_runtime_dependencies) ... ok
test_no_public_analysis_api (tests.test_scaffold.PackageTests.test_no_public_analysis_api) ... ok
test_version_matches_metadata (tests.test_scaffold.PackageTests.test_version_matches_metadata) ... ok
test_hostile_text_never_executes_or_calls_network (tests.test_security.PassiveInputTests.test_hostile_text_never_executes_or_calls_network) ... ok
test_no_model_metric_or_candidate_runner_surface (tests.test_security.PassiveInputTests.test_no_model_metric_or_candidate_runner_surface) ... ok
test_private_artifact_does_not_attempt_local_read (tests.test_security.PassiveInputTests.test_private_artifact_does_not_attempt_local_read) ... ok
test_unsafe_local_urls_never_reach_network (tests.test_security.PassiveInputTests.test_unsafe_local_urls_never_reach_network) ... ok
test_cli_errors_do_not_echo_credentials_or_paths (tests.test_security.Step7SafetyTests.test_cli_errors_do_not_echo_credentials_or_paths) ... ok
test_entire_import_analysis_is_inert_under_hostile_evidence (tests.test_security.Step7SafetyTests.test_entire_import_analysis_is_inert_under_hostile_evidence) ... ok
test_failure_after_atomic_publication_keeps_published_bytes (tests.test_security.Step7SafetyTests.test_failure_after_atomic_publication_keeps_published_bytes) ... ok
test_no_runtime_imports_of_test_harness (tests.test_security.Step7SafetyTests.test_no_runtime_imports_of_test_harness) ... ok
test_published_report_directory_cannot_be_overwritten (tests.test_security.Step7SafetyTests.test_published_report_directory_cannot_be_overwritten) ... ok

----------------------------------------------------------------------
Ran 503 tests in 20.171s

OK

Requested gate: scaffold
Requested gate passed: True
Phase 1 M complete: True
Unresolved M families (0): 
Gate reasons: none
Runner exit code: 0

=== 0fe6d6eb-cf06-4364-b9f4-6502749b3cbc ===
test_conflicting_assertion_is_not_vote (tests.test_evidence.AdmissionTests.test_conflicting_assertion_is_not_vote) ... ok
test_cycle_of_evidence_support_is_not_grounding (tests.test_evidence.AdmissionTests.test_cycle_of_evidence_support_is_not_grounding) ... ok
test_duplicate_invalid_record_still_ambiguous (tests.test_evidence.AdmissionTests.test_duplicate_invalid_record_still_ambiguous) ... ok
test_duplicate_pin_even_identical_is_conflict (tests.test_evidence.AdmissionTests.test_duplicate_pin_even_identical_is_conflict) ... ok
test_execution_record_required_for_coding_validity (tests.test_evidence.AdmissionTests.test_execution_record_required_for_coding_validity) ... ok
test_explicit_evidence_contradiction_is_preserved (tests.test_evidence.AdmissionTests.test_explicit_evidence_contradiction_is_preserved) ... ok
test_fixture_cannot_validate_import (tests.test_evidence.AdmissionTests.test_fixture_cannot_validate_import) ... ok
test_fixture_missing_declaration_is_local (tests.test_evidence.AdmissionTests.test_fixture_missing_declaration_is_local) ... ok
test_fixture_policy_cannot_present_empirical_context (tests.test_evidence.AdmissionTests.test_fixture_policy_cannot_present_empirical_context) ... ok
test_fixture_positive_is_only_stipulated (tests.test_evidence.AdmissionTests.test_fixture_positive_is_only_stipulated) ... ok
test_import_positive_carries_restricted_scientific_scope (tests.test_evidence.AdmissionTests.test_import_positive_carries_restricted_scientific_scope) ... ok
test_import_requires_adjudication_record (tests.test_evidence.AdmissionTests.test_import_requires_adjudication_record) ... ok
test_imported_outcome_conflict_is_not_ignored (tests.test_evidence.AdmissionTests.test_imported_outcome_conflict_is_not_ignored) ... ok
test_inaccessible_essential_report_withholds_label (tests.test_evidence.AdmissionTests.test_inaccessible_essential_report_withholds_label) ... ok
test_invalid_validity_does_not_erase_class (tests.test_evidence.AdmissionTests.test_invalid_validity_does_not_erase_class) ... ok
test_known_malformed_method_is_controlled (tests.test_evidence.AdmissionTests.test_known_malformed_method_is_controlled) ... ok
test_missing_independence_does_not_remove_mechanism (tests.test_evidence.AdmissionTests.test_missing_independence_does_not_remove_mechanism) ... ok
test_missing_reviewer_is_not_adjudication (tests.test_evidence.AdmissionTests.test_missing_reviewer_is_not_adjudication) ... ok
test_missing_text_is_not_automatic_membership_failure (tests.test_evidence.AdmissionTests.test_missing_text_is_not_automatic_membership_failure) ... ok
test_model_label_and_embedding_methods_do_not_admit (tests.test_evidence.AdmissionTests.test_model_label_and_embedding_methods_do_not_admit) ... ok
test_no_pin_never_selects_latest (tests.test_evidence.AdmissionTests.test_no_pin_never_selects_latest) ... ok
test_not_assessed_does_not_create_invalidity (tests.test_evidence.AdmissionTests.test_not_assessed_does_not_create_invalidity) ... ok
test_payload_shape_does_not_certify_evidence (tests.test_evidence.AdmissionTests.test_payload_shape_does_not_certify_evidence) ... ok
test_provisional_is_not_admitted (tests.test_evidence.AdmissionTests.test_provisional_is_not_admitted) ... ok
test_repaired_artifact_cannot_validate_original (tests.test_evidence.AdmissionTests.test_repaired_artifact_cannot_validate_original) ... ok
test_revision_pin_mismatch_is_not_repaired (tests.test_evidence.AdmissionTests.test_revision_pin_mismatch_is_not_repaired) ... ok
test_sorted_outputs_do_not_identify_algorithm (tests.test_evidence.AdmissionTests.test_sorted_outputs_do_not_identify_algorithm) ... ok
test_timeout_cannot_validate_or_invalidate_program (tests.test_evidence.AdmissionTests.test_timeout_cannot_validate_or_invalidate_program) ... ok
test_unclassified_stays_unclassified (tests.test_evidence.AdmissionTests.test_unclassified_stays_unclassified) ... ok
test_undetermined_and_absent_validity_are_distinct (tests.test_evidence.AdmissionTests.test_undetermined_and_absent_validity_are_distinct) ... ok
test_unresolved_adjudicated_retains_epistemic_state (tests.test_evidence.AdmissionTests.test_unresolved_adjudicated_retains_epistemic_state) ... ok
test_wrong_execution_subject_is_detected (tests.test_evidence.AdmissionTests.test_wrong_execution_subject_is_detected) ... ok
test_wrong_frame_withholds_only_affected_sample (tests.test_evidence.AdmissionTests.test_wrong_frame_withholds_only_affected_sample) ... ok
test_wrong_rubric_withholds_validity_only (tests.test_evidence.AdmissionTests.test_wrong_rubric_withholds_validity_only) ... ok
test_cross_sample_predecessor_does_not_merge_samples (tests.test_evidence.CorrectionTests.test_cross_sample_predecessor_does_not_merge_samples) ... ok
test_cyclic_revision_link_is_detected (tests.test_evidence.CorrectionTests.test_cyclic_revision_link_is_detected) ... ok
test_impact_records_link_without_recalculating_metrics (tests.test_evidence.CorrectionTests.test_impact_records_link_without_recalculating_metrics) ... ok
test_independence_only_withdrawal_keeps_label (tests.test_evidence.CorrectionTests.test_independence_only_withdrawal_keeps_label) ... ok
test_passive_review_never_invokes_network_or_executes (tests.test_evidence.CorrectionTests.test_passive_review_never_invokes_network_or_executes) ... ok
test_pending_challenge_is_explicit (tests.test_evidence.CorrectionTests.test_pending_challenge_is_explicit) ... ok
test_raw_bundle_is_unchanged_by_review (tests.test_evidence.CorrectionTests.test_raw_bundle_is_unchanged_by_review) ... ok
test_rejected_challenge_cannot_withdraw (tests.test_evidence.CorrectionTests.test_rejected_challenge_cannot_withdraw) ... ok
test_revision_with_new_evidence_requires_new_pin (tests.test_evidence.CorrectionTests.test_revision_with_new_evidence_requires_new_pin) ... ok
test_shared_schema_challenge_affects_all_dependent_labels (tests.test_evidence.CorrectionTests.test_shared_schema_challenge_affects_all_dependent_labels) ... ok
test_withdrawal_preserves_other_assignment_and_validity (tests.test_evidence.CorrectionTests.test_withdrawal_preserves_other_assignment_and_validity) ... ok
test_absent_target_does_not_validate_by_two_votes (tests.test_integrity_records.IntegrityTests.test_absent_target_does_not_validate_by_two_votes) ... ok
test_all_nineteen_support_types_have_explicit_payload_validation (tests.test_integrity_records.IntegrityTests.test_all_nineteen_support_types_have_explicit_payload_validation) ... ok
test_audit_extra_review_does_not_replace_missing_planned_position (tests.test_integrity_records.IntegrityTests.test_audit_extra_review_does_not_replace_missing_planned_position) ... ok
test_audit_needs_annotations_for_each_reviewed_target (tests.test_integrity_records.IntegrityTests.test_audit_needs_annotations_for_each_reviewed_target) ... ok
test_checked_in_integrity_cases_are_actual_mock_payloads (tests.test_integrity_records.IntegrityTests.test_checked_in_integrity_cases_are_actual_mock_payloads) ... ok
test_complete_mock_form_never_certifies_operational_openness (tests.test_integrity_records.IntegrityTests.test_complete_mock_form_never_certifies_operational_openness) ... ok
test_complete_review_keeps_sources_and_classifications_passive (tests.test_integrity_records.IntegrityTests.test_complete_review_keeps_sources_and_classifications_passive) ... ok
test_design_32_core_and_28_pairs_remains_a_plan (tests.test_integrity_records.IntegrityTests.test_design_32_core_and_28_pairs_remains_a_plan) ... ok
test_design_8995_tests_does_not_count_as_performed_validation (tests.test_integrity_records.IntegrityTests.test_design_8995_tests_does_not_count_as_performed_validation) ... ok
test_disagreement_preserves_both_initial_outcomes (tests.test_integrity_records.IntegrityTests.test_disagreement_preserves_both_initial_outcomes) ... ok
test_domain_property_mismatch_is_not_execution_evidence (tests.test_integrity_records.IntegrityTests.test_domain_property_mismatch_is_not_execution_evidence) ... ok
test_empty_intake_is_distinct_from_received_evidence (tests.test_integrity_records.IntegrityTests.test_empty_intake_is_distinct_from_received_evidence) ... ok
test_four_conditions_cannot_claim_five_condition_openness (tests.test_integrity_records.IntegrityTests.test_four_conditions_cannot_claim_five_condition_openness) ... ok
test_initial_judgment_materials_must_match (tests.test_integrity_records.IntegrityTests.test_initial_judgment_materials_must_match) ... ok
test_initial_label_exposure_is_not_independent_first_pass (tests.test_integrity_records.IntegrityTests.test_initial_label_exposure_is_not_independent_first_pass) ... ok
test_known_prior_exposure_overrides_false_annotation_flag (tests.test_integrity_records.IntegrityTests.test_known_prior_exposure_overrides_false_annotation_flag) ... ok
test_later_discussion_does_not_rewrite_first_pass (tests.test_integrity_records.IntegrityTests.test_later_discussion_does_not_rewrite_first_pass) ... ok
test_lineage_cycles_do_not_trigger_universal_dag_rejection (tests.test_integrity_records.IntegrityTests.test_lineage_cycles_do_not_trigger_universal_dag_rejection) ... ok
test_malformed_public_annotation_reference_is_controlled (tests.test_integrity_records.IntegrityTests.test_malformed_public_annotation_reference_is_controlled) ... ok
test_matching_mock_audit_stays_record_only (tests.test_integrity_records.IntegrityTests.test_matching_mock_audit_stays_record_only) ... ok
test_missing_claim_evidence_is_unresolved_not_satisfied (tests.test_integrity_records.IntegrityTests.test_missing_claim_evidence_is_unresolved_not_satisfied) ... ok
test_missing_mock_marker_is_not_defaulted (tests.test_integrity_records.IntegrityTests.test_missing_mock_marker_is_not_defaulted) ... ok
test_mistyped_annotation_actor_is_controlled (tests.test_integrity_records.IntegrityTests.test_mistyped_annotation_actor_is_controlled) ... ok
test_mistyped_domain_suite_reference_is_controlled (tests.test_integrity_records.IntegrityTests.test_mistyped_domain_suite_reference_is_controlled) ... ok
test_nonapplicable_cannot_evade_mandatory_condition (tests.test_integrity_records.IntegrityTests.test_nonapplicable_cannot_evade_mandatory_condition) ... ok
test_one_unresolved_condition_cannot_be_averaged_away (tests.test_integrity_records.IntegrityTests.test_one_unresolved_condition_cannot_be_averaged_away) ... ok
test_source_unknowns_cannot_become_inferred_ancestry (tests.test_integrity_records.IntegrityTests.test_source_unknowns_cannot_become_inferred_ancestry) ... ok
test_step3_matrix_binds_all_actual_step3_checks (tests.test_integrity_records.IntegrityTests.test_step3_matrix_binds_all_actual_step3_checks) ... ok
test_structural_schema_challenge_keeps_separate_validity (tests.test_integrity_records.IntegrityTests.test_structural_schema_challenge_keeps_separate_validity) ... ok
test_support_value_type_mutations_do_not_crash (tests.test_integrity_records.IntegrityTests.test_support_value_type_mutations_do_not_crash) ... ok
test_two_mock_humans_are_only_record_consistent (tests.test_integrity_records.IntegrityTests.test_two_mock_humans_are_only_record_consistent) ... ok
test_two_sessions_by_one_person_fail_two_person_requirement (tests.test_integrity_records.IntegrityTests.test_two_sessions_by_one_person_fail_two_person_requirement) ... ok
test_unknown_expiry_does_not_invent_validity_period (tests.test_integrity_records.IntegrityTests.test_unknown_expiry_does_not_invent_validity_period) ... ok
test_unknown_exposure_does_not_become_false (tests.test_integrity_records.IntegrityTests.test_unknown_exposure_does_not_become_false) ... ok
test_unknown_parent_remains_unknown (tests.test_integrity_records.IntegrityTests.test_unknown_parent_remains_unknown) ... ok
test_unknown_payload_fields_are_not_executable_extensions (tests.test_integrity_records.IntegrityTests.test_unknown_payload_fields_are_not_executable_extensions) ... ok
test_unreviewed_intake_preserves_original_anomaly (tests.test_integrity_records.IntegrityTests.test_unreviewed_intake_preserves_original_anomaly) ... ok
test_withdrawn_suite_cannot_support_execution_record (tests.test_integrity_records.IntegrityTests.test_withdrawn_suite_cannot_support_execution_record) ... ok
test_complete_core_coverage_is_record_consistent_but_still_mock (tests.test_integrity_records.Step7CompleteReferenceFixtures.test_complete_core_coverage_is_record_consistent_but_still_mock) ... ok
test_complete_systematic_audit_plan_resolves_exact_72_positions (tests.test_integrity_records.Step7CompleteReferenceFixtures.test_complete_systematic_audit_plan_resolves_exact_72_positions) ... ok
test_absent_oracle_is_not_independent_validation (tests.test_integrity_records.Step7FunctionalRecords.test_absent_oracle_is_not_independent_validation) ... ok
test_complete_8995_order_construction_and_hash (tests.test_integrity_records.Step7FunctionalRecords.test_complete_8995_order_construction_and_hash) ... ok
test_complete_mock_import_is_record_consistent_only (tests.test_integrity_records.Step7FunctionalRecords.test_complete_mock_import_is_record_consistent_only) ... ok
test_containment_or_missing_reference_family_blocks_claim (tests.test_integrity_records.Step7FunctionalRecords.test_containment_or_missing_reference_family_blocks_claim) ... ok
test_decisive_counterexample_can_precede_full_coverage (tests.test_integrity_records.Step7FunctionalRecords.test_decisive_counterexample_can_precede_full_coverage) ... ok
test_each_property_is_required_without_boolean_coercion (tests.test_integrity_records.Step7FunctionalRecords.test_each_property_is_required_without_boolean_coercion) ... ok
test_each_segment_construction_is_checked (tests.test_integrity_records.Step7FunctionalRecords.test_each_segment_construction_is_checked) ... ok
test_equal_inputs_keep_distinct_ids_and_purposes (tests.test_integrity_records.Step7FunctionalRecords.test_equal_inputs_keep_distinct_ids_and_purposes) ... ok
test_exception_needs_explicit_task_counterexample (tests.test_integrity_records.Step7FunctionalRecords.test_exception_needs_explicit_task_counterexample) ... ok
test_forged_manifest_hash_is_rejected (tests.test_integrity_records.Step7FunctionalRecords.test_forged_manifest_hash_is_rejected) ... ok
test_missing_test_cannot_pass_by_declared_count (tests.test_integrity_records.Step7FunctionalRecords.test_missing_test_cannot_pass_by_declared_count) ... ok
test_mock_child_cannot_validate_nonmock_parent (tests.test_integrity_records.Step7FunctionalRecords.test_mock_child_cannot_validate_nonmock_parent) ... ok
test_nested_malformed_runtime_metadata_is_controlled (tests.test_integrity_records.Step7FunctionalRecords.test_nested_malformed_runtime_metadata_is_controlled) ... ok
test_partial_pass_does_not_claim_full_validity (tests.test_integrity_records.Step7FunctionalRecords.test_partial_pass_does_not_claim_full_validity) ... ok
test_plain_pass_string_cannot_establish_validity (tests.test_integrity_records.Step7FunctionalRecords.test_plain_pass_string_cannot_establish_validity) ... ok
test_reordering_is_detected_even_with_new_hash (tests.test_integrity_records.Step7FunctionalRecords.test_reordering_is_detected_even_with_new_hash) ... ok
test_repair_cannot_relabel_original_subject (tests.test_integrity_records.Step7FunctionalRecords.test_repair_cannot_relabel_original_subject) ... ok
test_timeout_memory_harness_or_oracle_failure_is_not_invalidity (tests.test_integrity_records.Step7FunctionalRecords.test_timeout_memory_harness_or_oracle_failure_is_not_invalidity) ... ok
test_unreadable_upstream_evidence_cannot_be_laundered (tests.test_integrity_records.Step7FunctionalRecords.test_unreadable_upstream_evidence_cannot_be_laundered) ... ok
test_28_pairs_and_four_witnesses_checked_without_fabricating_core (tests.test_integrity_records.Step7ReferenceAuditRecords.test_28_pairs_and_four_witnesses_checked_without_fabricating_core) ... ok
test_32_names_without_artifacts_or_annotations_do_not_pass (tests.test_integrity_records.Step7ReferenceAuditRecords.test_32_names_without_artifacts_or_annotations_do_not_pass) ... ok
test_72_planned_positions_are_not_72_reviews (tests.test_integrity_records.Step7ReferenceAuditRecords.test_72_planned_positions_are_not_72_reviews) ... ok
test_changed_systematic_position_fails (tests.test_integrity_records.Step7ReferenceAuditRecords.test_changed_systematic_position_fails) ... ok
test_generic_audit_must_match_actual_frozen_plan (tests.test_integrity_records.Step7ReferenceAuditRecords.test_generic_audit_must_match_actual_frozen_plan) ... ok
test_opposite_membership_claims_do_not_transitively_cluster (tests.test_integrity_records.Step7ReferenceAuditRecords.test_opposite_membership_claims_do_not_transitively_cluster) ... ok
test_overlap_is_preserved_not_forced_into_partition (tests.test_integrity_records.Step7ReferenceAuditRecords.test_overlap_is_preserved_not_forced_into_partition) ... ok
test_pair_duplication_cannot_fill_missing_review (tests.test_integrity_records.Step7ReferenceAuditRecords.test_pair_duplication_cannot_fill_missing_review) ... ok
test_registry_candidate_can_remain_valid_without_new_class (tests.test_integrity_records.Step7ReferenceAuditRecords.test_registry_candidate_can_remain_valid_without_new_class) ... ok
test_repeated_position_does_not_replace_lost_opportunity (tests.test_integrity_records.Step7ReferenceAuditRecords.test_repeated_position_does_not_replace_lost_opportunity) ... ok
test_witness_shape_not_just_four_names (tests.test_integrity_records.Step7ReferenceAuditRecords.test_witness_shape_not_just_four_names) ... ok
test_absent_future_attempt_preserves_earlier_group_plan (tests.test_inventory.AdditionalInventoryTests.test_absent_future_attempt_preserves_earlier_group_plan) ... ok
test_declared_output_offsets_cannot_add_a_new_realization_twice (tests.test_inventory.AdditionalInventoryTests.test_declared_output_offsets_cannot_add_a_new_realization_twice) ... ok
test_duplicate_group_position_with_unknown_attempt_is_unresolved (tests.test_inventory.AdditionalInventoryTests.test_duplicate_group_position_with_unknown_attempt_is_unresolved) ... ok
test_extra_later_failure_does_not_contaminate_known_selected_ids (tests.test_inventory.AdditionalInventoryTests.test_extra_later_failure_does_not_contaminate_known_selected_ids) ... ok
test_malformed_manifest_stays_unavailable_not_successful_empty_study (tests.test_inventory.AdditionalInventoryTests.test_malformed_manifest_stays_unavailable_not_successful_empty_study) ... ok
test_shared_group_across_cells_is_retained_without_pooling (tests.test_inventory.AdditionalInventoryTests.test_shared_group_across_cells_is_retained_without_pooling) ... ok
test_character_offsets_cannot_replace_byte_offsets (tests.test_inventory.ArtifactAssociationTests.test_character_offsets_cannot_replace_byte_offsets) ... ok
test_empty_emitted_region_is_real_bytes_not_missing_slot (tests.test_inventory.ArtifactAssociationTests.test_empty_emitted_region_is_real_bytes_not_missing_slot) ... ok
test_exact_byte_region_keeps_unicode_and_crlf (tests.test_inventory.ArtifactAssociationTests.test_exact_byte_region_keeps_unicode_and_crlf) ... ok
test_missing_raw_is_unavailable_not_an_extraction_guess (tests.test_inventory.ArtifactAssociationTests.test_missing_raw_is_unavailable_not_an_extraction_guess) ... ok
test_negative_bool_and_oversized_spans_are_controlled (tests.test_inventory.ArtifactAssociationTests.test_negative_bool_and_oversized_spans_are_controlled) ... ok
test_raw_response_mismatch_cannot_be_repaired_by_neighbor (tests.test_inventory.ArtifactAssociationTests.test_raw_response_mismatch_cannot_be_repaired_by_neighbor) ... ok
test_truncated_known_text_can_be_associated_without_completion (tests.test_inventory.ArtifactAssociationTests.test_truncated_known_text_can_be_associated_without_completion) ... ok
test_attempt_cell_mismatch_is_preserved (tests.test_inventory.InventoryTests.test_attempt_cell_mismatch_is_preserved) ... ok
test_attempts_and_realizations_are_separate (tests.test_inventory.InventoryTests.test_attempts_and_realizations_are_separate) ... ok
test_conflicting_order_sources_are_not_resolved_by_preference (tests.test_inventory.InventoryTests.test_conflicting_order_sources_are_not_resolved_by_preference) ... ok
test_duplicate_id_is_ambiguous_never_deduplicated_silently (tests.test_inventory.InventoryTests.test_duplicate_id_is_ambiguous_never_deduplicated_silently) ... ok
test_duplicate_malformed_id_remains_ambiguous (tests.test_inventory.InventoryTests.test_duplicate_malformed_id_remains_ambiguous) ... ok
test_duplicate_planned_position_is_unavailable (tests.test_inventory.InventoryTests.test_duplicate_planned_position_is_unavailable) ... ok
test_extra_output_is_preserved_unselected (tests.test_inventory.InventoryTests.test_extra_output_is_preserved_unselected) ... ok
test_failed_five_candidate_call_does_not_create_samples (tests.test_inventory.InventoryTests.test_failed_five_candidate_call_does_not_create_samples) ... ok
test_frame_failure_is_scoped_and_distinct_from_empty (tests.test_inventory.InventoryTests.test_frame_failure_is_scoped_and_distinct_from_empty) ... ok
test_known_empty_and_truncated_emissions_remain_samples (tests.test_inventory.InventoryTests.test_known_empty_and_truncated_emissions_remain_samples) ... ok
test_known_empty_selection_is_zero_with_exclusions (tests.test_inventory.InventoryTests.test_known_empty_selection_is_zero_with_exclusions) ... ok
test_large_attempt_count_does_not_expand_unbounded_positions (tests.test_inventory.InventoryTests.test_large_attempt_count_does_not_expand_unbounded_positions) ... ok
test_malformed_observation_retains_row_and_complete_count_uncertainty (tests.test_inventory.InventoryTests.test_malformed_observation_retains_row_and_complete_count_uncertainty) ... ok
test_missing_requested_sample_cannot_create_observation (tests.test_inventory.InventoryTests.test_missing_requested_sample_cannot_create_observation) ... ok
test_no_io_after_loading (tests.test_inventory.InventoryTests.test_no_io_after_loading) ... ok
test_original_storage_order_is_not_experimental_sequence (tests.test_inventory.InventoryTests.test_original_storage_order_is_not_experimental_sequence) ... ok
test_partial_explicit_order_is_unavailable (tests.test_inventory.InventoryTests.test_partial_explicit_order_is_unavailable) ... ok
test_plan_without_attempt_records_does_not_invent_attempts (tests.test_inventory.InventoryTests.test_plan_without_attempt_records_does_not_invent_attempts) ... ok
test_position_plan_mutations_have_controlled_diagnostics (tests.test_inventory.InventoryTests.test_position_plan_mutations_have_controlled_diagnostics) ... ok
test_primary_attempt_metadata_can_supply_plan (tests.test_inventory.InventoryTests.test_primary_attempt_metadata_can_supply_plan) ... ok
test_private_and_missing_text_do_not_zero_inventory (tests.test_inventory.InventoryTests.test_private_and_missing_text_do_not_zero_inventory) ... ok
test_protocol_mismatch_is_frame_error (tests.test_inventory.InventoryTests.test_protocol_mismatch_is_frame_error) ... ok
test_recorded_ordinals_can_supply_order (tests.test_inventory.InventoryTests.test_recorded_ordinals_can_supply_order) ... ok
test_repeated_bytes_with_distinct_positions_remain_observations (tests.test_inventory.InventoryTests.test_repeated_bytes_with_distinct_positions_remain_observations) ... ok
test_retry_is_preserved_without_adding_planned_slots (tests.test_inventory.InventoryTests.test_retry_is_preserved_without_adding_planned_slots) ... ok
test_same_attempt_position_cannot_count_twice_under_two_ids (tests.test_inventory.InventoryTests.test_same_attempt_position_cannot_count_twice_under_two_ids) ... ok
test_selecting_extra_output_cannot_extend_planned_budget (tests.test_inventory.InventoryTests.test_selecting_extra_output_cannot_extend_planned_budget) ... ok
test_unattempted_slot_is_not_an_invocation (tests.test_inventory.InventoryTests.test_unattempted_slot_is_not_an_invocation) ... ok
test_unknown_attempt_history_is_not_one_call_per_sample (tests.test_inventory.InventoryTests.test_unknown_attempt_history_is_not_one_call_per_sample) ... ok
test_unknown_cell_remains_unallocated (tests.test_inventory.InventoryTests.test_unknown_cell_remains_unallocated) ... ok
test_unknown_order_does_not_erase_selection (tests.test_inventory.InventoryTests.test_unknown_order_does_not_erase_selection) ... ok
test_unknown_selection_is_not_automatically_all (tests.test_inventory.InventoryTests.test_unknown_selection_is_not_automatically_all) ... ok
test_wrong_record_file_hash_cannot_supply_selected_identity (tests.test_inventory.InventoryTests.test_wrong_record_file_hash_cannot_supply_selected_identity) ... ok
test_bad_required_version_never_becomes_empty_success (tests.test_local_io.BundleTests.test_bad_required_version_never_becomes_empty_success) ... ok
test_empty_and_malformed_records_remain_distinct (tests.test_local_io.BundleTests.test_empty_and_malformed_records_remain_distinct) ... ok
test_external_and_unavailable_artifacts_are_inert (tests.test_local_io.BundleTests.test_external_and_unavailable_artifacts_are_inert) ... ok
test_hash_mismatch_is_scoped_and_keeps_expected_hash (tests.test_local_io.BundleTests.test_hash_mismatch_is_scoped_and_keeps_expected_hash) ... ok
test_line_limit_does_not_turn_suffix_into_next_row (tests.test_local_io.BundleTests.test_line_limit_does_not_turn_suffix_into_next_row) ... ok
test_malformed_line_does_not_erase_next_record (tests.test_local_io.BundleTests.test_malformed_line_does_not_erase_next_record) ... ok
test_only_declared_files_are_read (tests.test_local_io.BundleTests.test_only_declared_files_are_read) ... ok
test_read_order_does_not_become_scientific_order (tests.test_local_io.BundleTests.test_read_order_does_not_become_scientific_order) ... ok
test_record_file_hash_mismatch_preserves_inventory (tests.test_local_io.BundleTests.test_record_file_hash_mismatch_preserves_inventory) ... ok
test_record_limit_is_not_silent_sampling (tests.test_local_io.BundleTests.test_record_limit_is_not_silent_sampling) ... ok
test_sample_hash_uses_analyzed_bytes (tests.test_local_io.BundleTests.test_sample_hash_uses_analyzed_bytes) ... ok
test_source_pin_mismatch_does_not_trigger_retrieval (tests.test_local_io.BundleTests.test_source_pin_mismatch_does_not_trigger_retrieval) ... ok
test_wrong_file_role_preserves_raw_record (tests.test_local_io.BundleTests.test_wrong_file_role_preserves_raw_record) ... ok
test_change_during_read_is_detected (tests.test_local_io.SnapshotTests.test_change_during_read_is_detected) ... ok
test_directory_and_fifo_are_rejected_without_blocking (tests.test_local_io.SnapshotTests.test_directory_and_fifo_are_rejected_without_blocking) ... ok
test_file_and_total_byte_limits (tests.test_local_io.SnapshotTests.test_file_and_total_byte_limits) ... ok
test_internal_external_and_root_symlinks_are_rejected (tests.test_local_io.SnapshotTests.test_internal_external_and_root_symlinks_are_rejected) ... ok
test_path_grammar_rejects_remote_and_expansion (tests.test_local_io.SnapshotTests.test_path_grammar_rejects_remote_and_expansion) ... ok
test_snapshot_and_repeated_path_read (tests.test_local_io.SnapshotTests.test_snapshot_and_repeated_path_read) ... ok
test_snapshot_stays_stable_after_path_replacement (tests.test_local_io.SnapshotTests.test_snapshot_stays_stable_after_path_replacement) ... ok
test_unsupported_platform_has_no_unsafe_fallback (tests.test_local_io.SnapshotTests.test_unsupported_platform_has_no_unsafe_fallback) ... ok
test_bad_manifest_field_types_have_controlled_errors (tests.test_local_io.StrictJSONTests.test_bad_manifest_field_types_have_controlled_errors) ... ok
test_depth_bound_respects_strings (tests.test_local_io.StrictJSONTests.test_depth_bound_respects_strings) ... ok
test_duplicate_keys_and_escaped_aliases_fail (tests.test_local_io.StrictJSONTests.test_duplicate_keys_and_escaped_aliases_fail) ... ok
test_invalid_overrides_never_weaken_limits (tests.test_local_io.StrictJSONTests.test_invalid_overrides_never_weaken_limits) ... ok
test_large_finite_exponent_is_not_float_infinity (tests.test_local_io.StrictJSONTests.test_large_finite_exponent_is_not_float_infinity) ... ok
test_nonfinite_constants_fail (tests.test_local_io.StrictJSONTests.test_nonfinite_constants_fail) ... ok
test_number_length_and_file_limits (tests.test_local_io.StrictJSONTests.test_number_length_and_file_limits) ... ok
test_utf8_bom_surrogates_and_bad_syntax_fail (tests.test_local_io.StrictJSONTests.test_utf8_bom_surrogates_and_bad_syntax_fail) ... ok
test_effective_counts_differ (tests.test_metrics.Arithmetic.test_effective_counts_differ) ... ok
test_higher_precision_independent_check (tests.test_metrics.Arithmetic.test_higher_precision_independent_check) ... ok
test_one_class (tests.test_metrics.Arithmetic.test_one_class) ... ok
test_oracle_identity_and_role (tests.test_metrics.Arithmetic.test_oracle_identity_and_role) ... ok
test_sci_with_replacement (tests.test_metrics.Arithmetic.test_sci_with_replacement) ... ok
test_source_oracles (tests.test_metrics.Arithmetic.test_source_oracles) ... ok
test_units_and_scope (tests.test_metrics.Arithmetic.test_units_and_scope) ... ok
test_unrounded_derivation (tests.test_metrics.Arithmetic.test_unrounded_derivation) ... ok
test_zero_registry_entries (tests.test_metrics.Arithmetic.test_zero_registry_entries) ... ok
test_complete_arithmetic_not_complete_report (tests.test_metrics.Matrix.test_complete_arithmetic_not_complete_report) ... ok
test_explicit_test_bindings (tests.test_metrics.Matrix.test_explicit_test_bindings) ... ok
test_frozen_and_external_scopes (tests.test_metrics.Matrix.test_frozen_and_external_scopes) ... ok
test_history_and_actual_runner_step (tests.test_metrics.Matrix.test_history_and_actual_runner_step) ... ok
test_invalid_binding_class (tests.test_metrics.Matrix.test_invalid_binding_class) ... ok
test_non_m_update_forbidden (tests.test_metrics.Matrix.test_non_m_update_forbidden) ... ok
test_old_bindings_preserved (tests.test_metrics.Matrix.test_old_bindings_preserved) ... ok
test_624_small_tables (tests.test_metrics.Numerical.test_624_small_tables) ... ok
test_effective_order_failure (tests.test_metrics.Numerical.test_effective_order_failure) ... ok
test_exact_total (tests.test_metrics.Numerical.test_exact_total) ... ok
test_exp_failure_scoped (tests.test_metrics.Numerical.test_exp_failure_scoped) ... ok
test_immutable_results (tests.test_metrics.Numerical.test_immutable_results) ... ok
test_invalid_counts (tests.test_metrics.Numerical.test_invalid_counts) ... ok
test_log_failure_scoped (tests.test_metrics.Numerical.test_log_failure_scoped) ... ok
test_material_errors (tests.test_metrics.Numerical.test_material_errors) ... ok
test_no_deferred_estimators (tests.test_metrics.Numerical.test_no_deferred_estimators) ... ok
test_normalization_failure (tests.test_metrics.Numerical.test_normalization_failure) ... ok
test_renaming_and_order (tests.test_metrics.Numerical.test_renaming_and_order) ... ok
test_resource_limits (tests.test_metrics.Numerical.test_resource_limits) ... ok
test_signed_zero (tests.test_metrics.Numerical.test_signed_zero) ... ok
test_tiny_boundary_record (tests.test_metrics.Numerical.test_tiny_boundary_record) ... ok
test_tolerance_sum (tests.test_metrics.Numerical.test_tolerance_sum) ... ok
test_underflow_preserves_exact_support (tests.test_metrics.Numerical.test_underflow_preserves_exact_support) ... ok
test_uniform_scaling (tests.test_metrics.Numerical.test_uniform_scaling) ... ok
test_all_invalid (tests.test_metrics.Populations.test_all_invalid) ... ok
test_ambiguous_ids (tests.test_metrics.Populations.test_ambiguous_ids) ... ok
test_bad_component_types (tests.test_metrics.Populations.test_bad_component_types) ... ok
test_empty_selection (tests.test_metrics.Populations.test_empty_selection) ... ok
test_frame_failure (tests.test_metrics.Populations.test_frame_failure) ... ok
test_independence_only_withdrawal (tests.test_metrics.Populations.test_independence_only_withdrawal) ... ok
test_local_evidence_failure (tests.test_metrics.Populations.test_local_evidence_failure) ... ok
test_malformed_threshold_is_component_specific (tests.test_metrics.Populations.test_malformed_threshold_is_component_specific) ... ok
test_mf07_views_and_ratios (tests.test_metrics.Populations.test_mf07_views_and_ratios) ... ok
test_no_hero_program_or_report_created (tests.test_metrics.Populations.test_no_hero_program_or_report_created) ... ok
test_passive_arithmetic (tests.test_metrics.Populations.test_passive_arithmetic) ... ok
test_population_conservation (tests.test_metrics.Populations.test_population_conservation) ... ok
test_population_duplicate_ids (tests.test_metrics.Populations.test_population_duplicate_ids) ... ok
test_unclassified (tests.test_metrics.Populations.test_unclassified) ... ok
test_unknown_checkpoint (tests.test_metrics.Populations.test_unknown_checkpoint) ... ok
test_hero_count_projection (tests.test_metrics.Prefixes.test_hero_count_projection) ... ok
test_hero_invalid_projection (tests.test_metrics.Prefixes.test_hero_invalid_projection) ... ok
test_hero_missing_intended_slot (tests.test_metrics.Prefixes.test_hero_missing_intended_slot) ... ok
test_k_states (tests.test_metrics.Prefixes.test_k_states) ... ok
test_mf10 (tests.test_metrics.Prefixes.test_mf10) ... ok
test_missing_order (tests.test_metrics.Prefixes.test_missing_order) ... ok
test_monotone_accumulation (tests.test_metrics.Prefixes.test_monotone_accumulation) ... ok
test_partial_group (tests.test_metrics.Prefixes.test_partial_group) ... ok
test_prefix_conservation (tests.test_metrics.Prefixes.test_prefix_conservation) ... ok
test_real_order_change (tests.test_metrics.Prefixes.test_real_order_change) ... ok
test_revision_preserves_old_result (tests.test_metrics.Prefixes.test_revision_preserves_old_result) ... ok
test_storage_order_invariant (tests.test_metrics.Prefixes.test_storage_order_invariant) ... ok
test_zero_vs_missing_prefix (tests.test_metrics.Prefixes.test_zero_vs_missing_prefix) ... ok
test_beyond_float_boundary (tests.test_metrics.Thresholds.test_beyond_float_boundary) ... ok
test_empty_requested (tests.test_metrics.Thresholds.test_empty_requested) ... ok
test_invalid_empty (tests.test_metrics.Thresholds.test_invalid_empty) ... ok
test_invalid_values (tests.test_metrics.Thresholds.test_invalid_values) ... ok
test_large_integer_equality (tests.test_metrics.Thresholds.test_large_integer_equality) ... ok
test_large_negative_exponent (tests.test_metrics.Thresholds.test_large_negative_exponent) ... ok
test_lexemes_and_origins (tests.test_metrics.Thresholds.test_lexemes_and_origins) ... ok
test_no_renormalization (tests.test_metrics.Thresholds.test_no_renormalization) ... ok
test_omitted_vs_null (tests.test_metrics.Thresholds.test_omitted_vs_null) ... ok
test_one_threshold_spellings (tests.test_metrics.Thresholds.test_one_threshold_spellings) ... ok
test_other_metrics_unchanged (tests.test_metrics.Thresholds.test_other_metrics_unchanged) ... ok
test_revalidate_token_object (tests.test_metrics.Thresholds.test_revalidate_token_object) ... ok
test_source_thresholds (tests.test_metrics.Thresholds.test_source_thresholds) ... ok
test_token_limit (tests.test_metrics.Thresholds.test_token_limit) ... ok
test_zero_never_passes (tests.test_metrics.Thresholds.test_zero_never_passes) ... ok
test_duplicate_record_is_error_not_a_second_observation (tests.test_pipeline.AdversePipelineTests.test_duplicate_record_is_error_not_a_second_observation) ... ok
test_empty_selected_inventory_has_zero_support_and_undefined_entropy (tests.test_pipeline.AdversePipelineTests.test_empty_selected_inventory_has_zero_support_and_undefined_entropy) ... ok
test_four_sample_evidence_correction_exact_sequence (tests.test_pipeline.AdversePipelineTests.test_four_sample_evidence_correction_exact_sequence) ... ok
test_hash_mismatch_is_not_repaired_by_pipeline (tests.test_pipeline.AdversePipelineTests.test_hash_mismatch_is_not_repaired_by_pipeline) ... ok
test_independence_only_correction_does_not_erase_supported_counts (tests.test_pipeline.AdversePipelineTests.test_independence_only_correction_does_not_erase_supported_counts) ... ok
test_invalid_threshold_is_contract_failure_not_zero (tests.test_pipeline.AdversePipelineTests.test_invalid_threshold_is_contract_failure_not_zero) ... ok
test_malformed_analysis_object_retains_safe_error_report (tests.test_pipeline.AdversePipelineTests.test_malformed_analysis_object_retains_safe_error_report) ... ok
test_malformed_manifest_is_error_not_empty_success (tests.test_pipeline.AdversePipelineTests.test_malformed_manifest_is_error_not_empty_success) ... ok
test_missing_shared_frame_withholds_distribution_keeps_inventory (tests.test_pipeline.AdversePipelineTests.test_missing_shared_frame_withholds_distribution_keeps_inventory) ... ok
test_mock_imported_adjudication_uses_same_pipeline (tests.test_pipeline.AdversePipelineTests.test_mock_imported_adjudication_uses_same_pipeline) ... ok
test_nonempty_unclassified_inventory_is_not_empty_study (tests.test_pipeline.AdversePipelineTests.test_nonempty_unclassified_inventory_is_not_empty_study) ... ok
test_omitted_threshold_keeps_not_requested (tests.test_pipeline.AdversePipelineTests.test_omitted_threshold_keeps_not_requested) ... ok
test_unknown_model_identity_does_not_destroy_arithmetic (tests.test_pipeline.AdversePipelineTests.test_unknown_model_identity_does_not_destroy_arithmetic) ... ok
test_unknown_prefix_mode_not_guessed_into_success (tests.test_pipeline.AdversePipelineTests.test_unknown_prefix_mode_not_guessed_into_success) ... ok
test_analyze_command_publishes_three_files (tests.test_pipeline.CommandIntegrationTests.test_analyze_command_publishes_three_files) ... ok
test_analyze_refuses_existing_output (tests.test_pipeline.CommandIntegrationTests.test_analyze_refuses_existing_output) ... ok
test_contract_error_report_can_be_written_without_success_claim (tests.test_pipeline.CommandIntegrationTests.test_contract_error_report_can_be_written_without_success_claim) ... ok
test_internal_failure_returns_three_without_traceback (tests.test_pipeline.CommandIntegrationTests.test_internal_failure_returns_three_without_traceback) ... ok
test_invalid_input_has_exit_two_and_safe_diagnostics (tests.test_pipeline.CommandIntegrationTests.test_invalid_input_has_exit_two_and_safe_diagnostics) ... ok
test_missing_arguments_do_not_echo_sensitive_paths (tests.test_pipeline.CommandIntegrationTests.test_missing_arguments_do_not_echo_sensitive_paths) ... ok
test_unimplemented_commands_remain_errors (tests.test_pipeline.CommandIntegrationTests.test_unimplemented_commands_remain_errors) ... ok
test_validate_command_success_and_no_writes (tests.test_pipeline.CommandIntegrationTests.test_validate_command_success_and_no_writes) ... ok
test_explicit_run_identity_changes_metadata_not_metrics (tests.test_pipeline.HeroPipelineTests.test_explicit_run_identity_changes_metadata_not_metrics) ... ok
test_hf00_materialization_matches_pinned_original (tests.test_pipeline.HeroPipelineTests.test_hf00_materialization_matches_pinned_original) ... ok
test_hf00_original_twenty_record_workflow (tests.test_pipeline.HeroPipelineTests.test_hf00_original_twenty_record_workflow) ... ok
test_hf01_invalid_but_classifiable (tests.test_pipeline.HeroPipelineTests.test_hf01_invalid_but_classifiable) ... ok
test_hf02_unresolved_class_keeps_validity (tests.test_pipeline.HeroPipelineTests.test_hf02_unresolved_class_keeps_validity) ... ok
test_hf03_provisional_label_has_distinct_reason (tests.test_pipeline.HeroPipelineTests.test_hf03_provisional_label_has_distinct_reason) ... ok
test_hf04_missing_evidence_is_local_limit (tests.test_pipeline.HeroPipelineTests.test_hf04_missing_evidence_is_local_limit) ... ok
test_hf05_missing_position_is_not_backfilled (tests.test_pipeline.HeroPipelineTests.test_hf05_missing_position_is_not_backfilled) ... ok
test_hf06_new_assignment_preserves_old_identity (tests.test_pipeline.HeroPipelineTests.test_hf06_new_assignment_preserves_old_identity) ... ok
test_input_changes_get_new_fingerprint_without_overwriting_old_report (tests.test_pipeline.HeroPipelineTests.test_input_changes_get_new_fingerprint_without_overwriting_old_report) ... ok
test_invalid_run_identity_and_naive_time_rejected (tests.test_pipeline.HeroPipelineTests.test_invalid_run_identity_and_naive_time_rejected) ... ok
test_materializer_refuses_unregistered_variant (tests.test_pipeline.HeroPipelineTests.test_materializer_refuses_unregistered_variant) ... ok
test_pinned_base_remains_byte_identical_after_all_variants (tests.test_pipeline.HeroPipelineTests.test_pinned_base_remains_byte_identical_after_all_variants) ... ok
test_program_text_and_generation_cost_are_never_invented (tests.test_pipeline.HeroPipelineTests.test_program_text_and_generation_cost_are_never_invented) ... ok
test_replay_canonical_reports_and_manifest_time (tests.test_pipeline.HeroPipelineTests.test_replay_canonical_reports_and_manifest_time) ... ok
test_report_hashes_identify_actual_written_bytes (tests.test_pipeline.HeroPipelineTests.test_report_hashes_identify_actual_written_bytes) ... ok
test_validate_has_no_metric_calculation (tests.test_pipeline.HeroPipelineTests.test_validate_has_no_metric_calculation) ... ok
test_complete_staging_precedes_atomic_publish (tests.test_pipeline.OutputTransactionTests.test_complete_staging_precedes_atomic_publish) ... ok
test_existing_file_and_empty_directory_are_not_replaced (tests.test_pipeline.OutputTransactionTests.test_existing_file_and_empty_directory_are_not_replaced) ... ok
test_interrupted_write_cleans_staging (tests.test_pipeline.OutputTransactionTests.test_interrupted_write_cleans_staging) ... ok
test_missing_parent_does_not_create_an_implicit_tree (tests.test_pipeline.OutputTransactionTests.test_missing_parent_does_not_create_an_implicit_tree) ... ok
test_only_fixed_three_filenames_are_allowed (tests.test_pipeline.OutputTransactionTests.test_only_fixed_three_filenames_are_allowed) ... ok
test_output_inside_input_is_rejected (tests.test_pipeline.OutputTransactionTests.test_output_inside_input_is_rejected) ... ok
test_output_symlink_and_symlink_parent_are_rejected (tests.test_pipeline.OutputTransactionTests.test_output_symlink_and_symlink_parent_are_rejected) ... ok
test_private_permissions_do_not_depend_on_umask (tests.test_pipeline.OutputTransactionTests.test_private_permissions_do_not_depend_on_umask) ... ok
test_publishes_exact_complete_set (tests.test_pipeline.OutputTransactionTests.test_publishes_exact_complete_set) ... ok
test_racing_target_is_preserved_and_staging_cleaned (tests.test_pipeline.OutputTransactionTests.test_racing_target_is_preserved_and_staging_cleaned) ... ok
test_remote_expanding_and_traversing_output_paths_are_rejected (tests.test_pipeline.OutputTransactionTests.test_remote_expanding_and_traversing_output_paths_are_rejected) ... ok
test_short_writes_are_retried_without_truncation (tests.test_pipeline.OutputTransactionTests.test_short_writes_are_retried_without_truncation) ... ok
test_unsupported_atomic_operation_has_no_overwrite_fallback (tests.test_pipeline.OutputTransactionTests.test_unsupported_atomic_operation_has_no_overwrite_fallback) ... ok
test_zero_length_write_is_failure_and_cleanup (tests.test_pipeline.OutputTransactionTests.test_zero_length_write_is_failure_and_cleanup) ... ok
test_external_locator_remains_inert_and_private_in_report (tests.test_pipeline.PipelineBoundaryTests.test_external_locator_remains_inert_and_private_in_report) ... ok
test_full_pipeline_never_runs_candidate_or_fetches_remote (tests.test_pipeline.PipelineBoundaryTests.test_full_pipeline_never_runs_candidate_or_fetches_remote) ... ok
test_serialization_failure_never_creates_output (tests.test_pipeline.PipelineBoundaryTests.test_serialization_failure_never_creates_output) ... ok
test_validate_does_not_write_any_inputs (tests.test_pipeline.PipelineBoundaryTests.test_validate_does_not_write_any_inputs) ... ok
test_complete_mock_gate_is_M_only_and_not_final_approval (tests.test_pipeline.Step7GateTests.test_complete_mock_gate_is_M_only_and_not_final_approval) ... ok
test_ec_scope_cannot_be_promoted_to_empirical_evidence (tests.test_pipeline.Step7GateTests.test_ec_scope_cannot_be_promoted_to_empirical_evidence) ... ok
test_missing_ec_binding_cannot_pass_full_gate (tests.test_pipeline.Step7GateTests.test_missing_ec_binding_cannot_pass_full_gate) ... ok
test_nonpassing_ec_binding_cannot_be_overridden (tests.test_pipeline.Step7GateTests.test_nonpassing_ec_binding_cannot_be_overridden) ... ok
test_test_records_have_expected_actual_scope_and_no_E_claim (tests.test_pipeline.Step7GateTests.test_test_records_have_expected_actual_scope_and_no_E_claim) ... ok
test_all_36_report_groups_have_explicit_paths (tests.test_pipeline.Step7ReportIntegration.test_all_36_report_groups_have_explicit_paths) ... ok
test_all_deferred_prerequisites_visible_without_estimator (tests.test_pipeline.Step7ReportIntegration.test_all_deferred_prerequisites_visible_without_estimator) ... ok
test_correction_dependencies_identify_both_views_without_resampling (tests.test_pipeline.Step7ReportIntegration.test_correction_dependencies_identify_both_views_without_resampling) ... ok
test_domain_coverage_details_are_visible_and_fixture_stays_fixture (tests.test_pipeline.Step7ReportIntegration.test_domain_coverage_details_are_visible_and_fixture_stays_fixture) ... ok
test_empty_then_received_and_acted_intake_never_adds_samples (tests.test_pipeline.Step7ReportIntegration.test_empty_then_received_and_acted_intake_never_adds_samples) ... ok
test_every_m_metric_retains_denominator_status_and_source_scope (tests.test_pipeline.Step7ReportIntegration.test_every_m_metric_retains_denominator_status_and_source_scope) ... ok
test_metadata_time_never_changes_content_or_creates_observation (tests.test_pipeline.Step7ReportIntegration.test_metadata_time_never_changes_content_or_creates_observation) ... ok
test_registered_sources_and_original_fixture_hashes_still_match (tests.test_pipeline.Step7ReportIntegration.test_registered_sources_and_original_fixture_hashes_still_match) ... ok
test_relocated_input_replays_all_canonical_content (tests.test_pipeline.Step7ReportIntegration.test_relocated_input_replays_all_canonical_content) ... ok
test_shared_schema_challenge_affects_all_its_cells_not_other_frames (tests.test_pipeline.Step7ReportIntegration.test_shared_schema_challenge_affects_all_its_cells_not_other_frames) ... ok
test_typed_lineage_exposure_and_annotation_survive_redaction (tests.test_pipeline.Step7ReportIntegration.test_typed_lineage_exposure_and_annotation_survive_redaction) ... ok
test_actual_empty_input_has_no_invented_observations (tests.test_populations.AdversePopulationTests.test_actual_empty_input_has_no_invented_observations) ... ok
test_association_error_withholds_both_affected_axes_without_deleting_sample (tests.test_populations.AdversePopulationTests.test_association_error_withholds_both_affected_axes_without_deleting_sample) ... ok
test_later_unrecorded_attempt_does_not_block_first_hero_endpoint (tests.test_populations.AdversePopulationTests.test_later_unrecorded_attempt_does_not_block_first_hero_endpoint) ... ok
test_local_failed_adjudication_never_withholds_entire_population (tests.test_populations.AdversePopulationTests.test_local_failed_adjudication_never_withholds_entire_population) ... ok
test_missing_text_is_not_automatic_missing_artifact_identity (tests.test_populations.AdversePopulationTests.test_missing_text_is_not_automatic_missing_artifact_identity) ... ok
test_public_surface_stops_before_metrics_and_comparisons (tests.test_populations.AdversePopulationTests.test_public_surface_stops_before_metrics_and_comparisons) ... ok
test_reference_registry_and_incident_never_add_model_samples (tests.test_populations.AdversePopulationTests.test_reference_registry_and_incident_never_add_model_samples) ... ok
test_repeated_call_without_new_identity_never_adds_sample (tests.test_populations.AdversePopulationTests.test_repeated_call_without_new_identity_never_adds_sample) ... ok
test_empty_classified_complete_twenty_is_legitimate_zero (tests.test_populations.HeroEndpointTests.test_empty_classified_complete_twenty_is_legitimate_zero) ... ok
test_group_plan_cannot_be_inferred_from_twenty_rows (tests.test_populations.HeroEndpointTests.test_group_plan_cannot_be_inferred_from_twenty_rows) ... ok
test_hero_membership_5_10_20_matches_frozen_design (tests.test_populations.HeroEndpointTests.test_hero_membership_5_10_20_matches_frozen_design) ... ok
test_last_group_failure_does_not_erase_earlier_endpoint (tests.test_populations.HeroEndpointTests.test_last_group_failure_does_not_erase_earlier_endpoint) ... ok
test_missing_g2_p5_allows_descriptive_but_not_matched_prefix (tests.test_populations.HeroEndpointTests.test_missing_g2_p5_allows_descriptive_but_not_matched_prefix) ... ok
test_same_group_records_are_not_independent_draws (tests.test_populations.HeroEndpointTests.test_same_group_records_are_not_independent_draws) ... ok
test_supplementary_single_candidate_k_is_not_hero_endpoint (tests.test_populations.HeroEndpointTests.test_supplementary_single_candidate_k_is_not_hero_endpoint) ... ok
test_unclassified_position_is_kept_without_replacement (tests.test_populations.HeroEndpointTests.test_unclassified_position_is_kept_without_replacement) ... ok
test_wrong_primary_attempt_blocks_matching_group (tests.test_populations.HeroEndpointTests.test_wrong_primary_attempt_blocks_matching_group) ... ok
test_all_invalid_can_still_have_structural_population (tests.test_populations.PopulationTests.test_all_invalid_can_still_have_structural_population) ... ok
test_axes_overlap_and_each_reconciles_to_selected_inventory (tests.test_populations.PopulationTests.test_axes_overlap_and_each_reconciles_to_selected_inventory) ... ok
test_conflicting_pin_is_local (tests.test_populations.PopulationTests.test_conflicting_pin_is_local) ... ok
test_independence_only_correction_preserves_counts (tests.test_populations.PopulationTests.test_independence_only_correction_preserves_counts) ... ok
test_inputs_remain_unchanged_and_results_are_immutable (tests.test_populations.PopulationTests.test_inputs_remain_unchanged_and_results_are_immutable) ... ok
test_known_empty_selection_has_undefined_ratios (tests.test_populations.PopulationTests.test_known_empty_selection_has_undefined_ratios) ... ok
test_mf07_all_five_ratios_keep_unreduced_accounting (tests.test_populations.PopulationTests.test_mf07_all_five_ratios_keep_unreduced_accounting) ... ok
test_mf07_exact_memberships (tests.test_populations.PopulationTests.test_mf07_exact_memberships) ... ok
test_missing_assignment_pin_has_no_latest_fallback (tests.test_populations.PopulationTests.test_missing_assignment_pin_has_no_latest_fallback) ... ok
test_missing_essential_class_evidence_preserves_other_samples (tests.test_populations.PopulationTests.test_missing_essential_class_evidence_preserves_other_samples) ... ok
test_missing_text_does_not_become_zero_coverage (tests.test_populations.PopulationTests.test_missing_text_does_not_become_zero_coverage) ... ok
test_missing_validity_does_not_become_invalid (tests.test_populations.PopulationTests.test_missing_validity_does_not_become_invalid) ... ok
test_no_io_or_model_calls_in_population_pass (tests.test_populations.PopulationTests.test_no_io_or_model_calls_in_population_pass) ... ok
test_old_and_corrected_populations_keep_sample_identity (tests.test_populations.PopulationTests.test_old_and_corrected_populations_keep_sample_identity) ... ok
test_one_class_is_distinct_from_no_class (tests.test_populations.PopulationTests.test_one_class_is_distinct_from_no_class) ... ok
test_other_cell_survives_malformed_frame_and_no_pooling (tests.test_populations.PopulationTests.test_other_cell_survives_malformed_frame_and_no_pooling) ... ok
test_registry_zeros_remain_and_never_add_observations (tests.test_populations.PopulationTests.test_registry_zeros_remain_and_never_add_observations) ... ok
test_renaming_supported_class_ids_preserves_population_counts (tests.test_populations.PopulationTests.test_renaming_supported_class_ids_preserves_population_counts) ... ok
test_schema_correction_scopes_class_and_validity_separately (tests.test_populations.PopulationTests.test_schema_correction_scopes_class_and_validity_separately) ... ok
test_shared_schema_failure_is_unavailable_not_zero_classes (tests.test_populations.PopulationTests.test_shared_schema_failure_is_unavailable_not_zero_classes) ... ok
test_unknown_order_leaves_whole_cell_population_available (tests.test_populations.PopulationTests.test_unknown_order_leaves_whole_cell_population_available) ... ok
test_unknown_selection_is_unavailable_not_empty (tests.test_populations.PopulationTests.test_unknown_selection_is_unavailable_not_empty) ... ok
test_validity_does_not_fill_unresolved_or_provisional_class (tests.test_populations.PopulationTests.test_validity_does_not_fill_unresolved_or_provisional_class) ... ok
test_wholly_unclassified_selection_remains_known_zero (tests.test_populations.PopulationTests.test_wholly_unclassified_selection_remains_known_zero) ... ok
test_accumulation_monotonicity_on_fixed_assignments (tests.test_populations.PrefixTests.test_accumulation_monotonicity_on_fixed_assignments) ... ok
test_actual_order_change_may_change_prefix (tests.test_populations.PrefixTests.test_actual_order_change_may_change_prefix) ... ok
test_available_unclassified_prefix_has_count_zero (tests.test_populations.PrefixTests.test_available_unclassified_prefix_has_count_zero) ... ok
test_grid_preserved_and_not_sorted_after_results (tests.test_populations.PrefixTests.test_grid_preserved_and_not_sorted_after_results) ... ok
test_invalid_and_omitted_k_have_distinct_outcomes (tests.test_populations.PrefixTests.test_invalid_and_omitted_k_have_distinct_outcomes) ... ok
test_invalid_or_unresolved_positions_are_not_backfilled (tests.test_populations.PrefixTests.test_invalid_or_unresolved_positions_are_not_backfilled) ... ok
test_invalid_view_and_mode_fail_explicitly (tests.test_populations.PrefixTests.test_invalid_view_and_mode_fail_explicitly) ... ok
test_mf10_exact_prefix_oracles (tests.test_populations.PrefixTests.test_mf10_exact_prefix_oracles) ... ok
test_partial_group_flag_is_descriptive_only (tests.test_populations.PrefixTests.test_partial_group_flag_is_descriptive_only) ... ok
test_storage_order_change_cannot_change_prefix (tests.test_populations.PrefixTests.test_storage_order_change_cannot_change_prefix) ... ok
test_prior_requirement_and_source_identities_remain_intact (tests.test_populations.Step4MatrixTests.test_prior_requirement_and_source_identities_remain_intact) ... ok
test_step4_progress_and_bindings_cover_executed_methods (tests.test_populations.Step4MatrixTests.test_step4_progress_and_bindings_cover_executed_methods) ... ok
test_mismatched_row_reference_cannot_redirect_requirement (tests.test_records.CatalogueReferenceTests.test_mismatched_row_reference_cannot_redirect_requirement) ... ok
test_modified_source_is_rejected_before_catalogue_expansion (tests.test_records.CatalogueReferenceTests.test_modified_source_is_rejected_before_catalogue_expansion) ... ok
test_duplicate_id_including_bad_record_is_ambiguous (tests.test_records.IdentityTests.test_duplicate_id_including_bad_record_is_ambiguous) ... ok
test_explicit_revisions_and_conflicting_pins (tests.test_records.IdentityTests.test_explicit_revisions_and_conflicting_pins) ... ok
test_identical_content_with_distinct_ids_is_not_deduplicated (tests.test_records.IdentityTests.test_identical_content_with_distinct_ids_is_not_deduplicated) ... ok
test_missing_reference_keeps_other_records (tests.test_records.IdentityTests.test_missing_reference_keeps_other_records) ... ok
test_unallocated_sample_is_retained (tests.test_records.IdentityTests.test_unallocated_sample_is_retained) ... ok
test_wrong_protocol_version_is_diagnosed (tests.test_records.IdentityTests.test_wrong_protocol_version_is_diagnosed) ... ok
test_declaration_limit_is_explicit (tests.test_records.InputBoundaryReviewTests.test_declaration_limit_is_explicit) ... ok
test_duplicate_source_pins_and_wrong_registry_reference_fail (tests.test_records.InputBoundaryReviewTests.test_duplicate_source_pins_and_wrong_registry_reference_fail) ... ok
test_nested_ref_shaped_metadata_does_not_crash (tests.test_records.InputBoundaryReviewTests.test_nested_ref_shaped_metadata_does_not_crash) ... ok
test_unsupported_kind_cannot_leak_into_identity_diagnostics (tests.test_records.InputBoundaryReviewTests.test_unsupported_kind_cannot_leak_into_identity_diagnostics) ... ok
test_axes_cannot_be_substituted (tests.test_records.KnowledgeTests.test_axes_cannot_be_substituted) ... ok
test_bad_tagged_values_have_safe_failures (tests.test_records.KnowledgeTests.test_bad_tagged_values_have_safe_failures) ... ok
test_knowledge_freezes_caller_owned_data (tests.test_records.KnowledgeTests.test_knowledge_freezes_caller_owned_data) ... ok
test_known_zero_false_empty_and_null_are_retained (tests.test_records.KnowledgeTests.test_known_zero_false_empty_and_null_are_retained) ... ok
test_missing_value_and_contradictory_knowledge_fail (tests.test_records.KnowledgeTests.test_missing_value_and_contradictory_knowledge_fail) ... ok
test_unknown_unavailable_and_not_applicable_are_distinct (tests.test_records.KnowledgeTests.test_unknown_unavailable_and_not_applicable_are_distinct) ... ok
test_bad_manifest_and_duplicate_files_fail (tests.test_records.ManifestTests.test_bad_manifest_and_duplicate_files_fail) ... ok
test_exact_decimal_string_and_number_tokens (tests.test_records.ManifestTests.test_exact_decimal_string_and_number_tokens) ... ok
test_incompatible_frame_version_is_not_empty_data (tests.test_records.ManifestTests.test_incompatible_frame_version_is_not_empty_data) ... ok
test_invalid_thresholds_and_k_are_scoped (tests.test_records.ManifestTests.test_invalid_thresholds_and_k_are_scoped) ... ok
test_minimal_manifest_has_no_default_controls (tests.test_records.ManifestTests.test_minimal_manifest_has_no_default_controls) ... ok
test_missing_frame_does_not_erase_other_frame (tests.test_records.ManifestTests.test_missing_frame_does_not_erase_other_frame) ... ok
test_source_and_ec_addendum_pins_match (tests.test_records.ManifestTests.test_source_and_ec_addendum_pins_match) ... ok
test_assigned_without_class_is_rejected (tests.test_records.RecordShapeTests.test_assigned_without_class_is_rejected) ... ok
test_assignment_states_preserve_review_and_candidates (tests.test_records.RecordShapeTests.test_assignment_states_preserve_review_and_candidates) ... ok
test_class_on_unresolved_is_rejected (tests.test_records.RecordShapeTests.test_class_on_unresolved_is_rejected) ... ok
test_counts_reject_booleans_and_nonintegers (tests.test_records.RecordShapeTests.test_counts_reject_booleans_and_nonintegers) ... ok
test_evidence_payload_is_envelope_only (tests.test_records.RecordShapeTests.test_evidence_payload_is_envelope_only) ... ok
test_hostile_payload_is_preserved_not_interpreted (tests.test_records.RecordShapeTests.test_hostile_payload_is_preserved_not_interpreted) ... ok
test_malformed_and_alias_ids_fail_without_echoing_content (tests.test_records.RecordShapeTests.test_malformed_and_alias_ids_fail_without_echoing_content) ... ok
test_missing_optional_data_stays_absent (tests.test_records.RecordShapeTests.test_missing_optional_data_stays_absent) ... ok
test_unsupported_version_kind_and_fields_preserve_raw (tests.test_records.RecordShapeTests.test_unsupported_version_kind_and_fields_preserve_raw) ... ok
test_validity_is_separate_and_not_inferred (tests.test_records.RecordShapeTests.test_validity_is_separate_and_not_inferred) ... ok
test_named_negative_cases_are_fixture_only (tests.test_records.RegistryTests.test_named_negative_cases_are_fixture_only) ... ok
test_registry_is_definition_not_model_samples (tests.test_records.RegistryTests.test_registry_is_definition_not_model_samples) ... ok
test_registry_is_exact_transcription_with_no_validation_claim (tests.test_records.RegistryTests.test_registry_is_exact_transcription_with_no_validation_claim) ... ok
test_additive_source_history_preserves_baseline_authorization (tests.test_records.Step2MatrixTests.test_additive_source_history_preserves_baseline_authorization) ... ok
test_catalogue_binds_actual_input_tests (tests.test_records.Step2MatrixTests.test_catalogue_binds_actual_input_tests) ... ok
test_partial_input_bindings_do_not_close_vt_or_evidence (tests.test_records.Step2MatrixTests.test_partial_input_bindings_do_not_close_vt_or_evidence) ... ok
test_all_ten_ec_disclosures_and_unknown_expiry_visible (tests.test_reporting.ReportTests.test_all_ten_ec_disclosures_and_unknown_expiry_visible) ... ok
test_all_v_and_d_results_are_null_with_explicit_status (tests.test_reporting.ReportTests.test_all_v_and_d_results_are_null_with_explicit_status) ... ok
test_canonical_dictionary_order_invariance (tests.test_reporting.ReportTests.test_canonical_dictionary_order_invariance) ... ok
test_control_characters_links_html_and_pipes_are_inert (tests.test_reporting.ReportTests.test_control_characters_links_html_and_pipes_are_inert) ... ok
test_every_scalar_value_unit_status_and_reason_survives_markdown (tests.test_reporting.ReportTests.test_every_scalar_value_unit_status_and_reason_survives_markdown) ... ok
test_evidence_limitations_precede_numeric_results (tests.test_reporting.ReportTests.test_evidence_limitations_precede_numeric_results) ... ok
test_five_conjunctive_conditions_visible (tests.test_reporting.ReportTests.test_five_conjunctive_conditions_visible) ... ok
test_held_evidence_prose_and_task_metadata_not_copied (tests.test_reporting.ReportTests.test_held_evidence_prose_and_task_metadata_not_copied) ... ok
test_json_and_markdown_consume_identical_tree (tests.test_reporting.ReportTests.test_json_and_markdown_consume_identical_tree) ... ok
test_json_keeps_unrounded_float (tests.test_reporting.ReportTests.test_json_keeps_unrounded_float) ... ok
test_missing_required_section_fails_serialization (tests.test_reporting.ReportTests.test_missing_required_section_fails_serialization) ... ok
test_no_empirical_support_or_score_fabricated (tests.test_reporting.ReportTests.test_no_empirical_support_or_score_fabricated) ... ok
test_nonfinite_results_cannot_be_serialized (tests.test_reporting.ReportTests.test_nonfinite_results_cannot_be_serialized) ... ok
test_pinned_input_hashes_do_not_claim_program_hashes (tests.test_reporting.ReportTests.test_pinned_input_hashes_do_not_claim_program_hashes) ... ok
test_private_root_absent_from_all_outputs (tests.test_reporting.ReportTests.test_private_root_absent_from_all_outputs) ... ok
test_reanalysis_and_v_dependents_remain_separate (tests.test_reporting.ReportTests.test_reanalysis_and_v_dependents_remain_separate) ... ok
test_required_section_order (tests.test_reporting.ReportTests.test_required_section_order) ... ok
test_scoped_ids_retained_without_private_person_mappings (tests.test_reporting.ReportTests.test_scoped_ids_retained_without_private_person_mappings) ... ok
test_source_lineage_pins_and_transform_references_retained (tests.test_reporting.ReportTests.test_source_lineage_pins_and_transform_references_retained) ... ok
test_unknown_unavailable_and_inapplicable_retain_distinction (tests.test_reporting.ReportTests.test_unknown_unavailable_and_inapplicable_retain_distinction) ... ok
test_zero_count_registry_classes_are_visible (tests.test_reporting.ReportTests.test_zero_count_registry_classes_are_visible) ... ok
test_zero_false_and_known_null_are_not_unknown (tests.test_reporting.ReportTests.test_zero_false_and_known_null_are_not_unknown) ... ok
test_actual_output_hash_is_preserved_while_body_is_withheld (tests.test_reporting.SourceAssociationDisclosureTests.test_actual_output_hash_is_preserved_while_body_is_withheld) ... ok
test_all_54_scope_dispositions_and_37_m_families (tests.test_scaffold.BaselineTests.test_all_54_scope_dispositions_and_37_m_families) ... ok
test_all_baseline_hashes_match (tests.test_scaffold.BaselineTests.test_all_baseline_hashes_match) ... ok
test_expected_hashes_match_plan_appendix (tests.test_scaffold.BaselineTests.test_expected_hashes_match_plan_appendix) ... ok
test_matrix_preserves_report_catalogue (tests.test_scaffold.BaselineTests.test_matrix_preserves_report_catalogue) ... ok
test_matrix_preserves_trace_catalogue (tests.test_scaffold.BaselineTests.test_matrix_preserves_trace_catalogue) ... ok
test_matrix_preserves_vf_catalogue (tests.test_scaffold.BaselineTests.test_matrix_preserves_vf_catalogue) ... ok
test_matrix_validation (tests.test_scaffold.BaselineTests.test_matrix_validation) ... ok
test_readme_scope_is_explicit (tests.test_scaffold.BaselineTests.test_readme_scope_is_explicit) ... ok
test_forbidden_commands_are_rejected (tests.test_scaffold.CommandTests.test_forbidden_commands_are_rejected) ... ok
test_help (tests.test_scaffold.CommandTests.test_help) ... ok
test_no_arguments_show_help (tests.test_scaffold.CommandTests.test_no_arguments_show_help) ... ok
test_runtime_help_and_version_do_not_use_network_or_child_processes (tests.test_scaffold.CommandTests.test_runtime_help_and_version_do_not_use_network_or_child_processes) ... ok
test_trusted_helper_rejects_arbitrary_commands (tests.test_scaffold.CommandTests.test_trusted_helper_rejects_arbitrary_commands) ... ok
test_unknown_option_is_error (tests.test_scaffold.CommandTests.test_unknown_option_is_error) ... ok
test_validate_and_analyze_require_input_or_are_unavailable (tests.test_scaffold.CommandTests.test_validate_and_analyze_require_input_or_are_unavailable) ... ok
test_version (tests.test_scaffold.CommandTests.test_version) ... ok
test_broken_binding_fails (tests.test_scaffold.HarnessTests.test_broken_binding_fails) ... ok
test_class_fixture_error_is_recorded (tests.test_scaffold.HarnessTests.test_class_fixture_error_is_recorded) ... ok
test_corrupt_journal_is_not_overwritten (tests.test_scaffold.HarnessTests.test_corrupt_journal_is_not_overwritten) ... ok
test_duplicate_discovery_fails (tests.test_scaffold.HarnessTests.test_duplicate_discovery_fails) ... ok
test_empty_discovery_fails_both_gates (tests.test_scaffold.HarnessTests.test_empty_discovery_fails_both_gates) ... ok
test_expected_failure_is_not_accepted (tests.test_scaffold.HarnessTests.test_expected_failure_is_not_accepted) ... ok
test_failure_and_error_are_recorded (tests.test_scaffold.HarnessTests.test_failure_and_error_are_recorded) ... ok
test_future_evidence_is_not_executed (tests.test_scaffold.HarnessTests.test_future_evidence_is_not_executed) ... ok
test_journal_retains_prior_runs (tests.test_scaffold.HarnessTests.test_journal_retains_prior_runs) ... ok
test_missing_m_bindings_fail_final_gate (tests.test_scaffold.HarnessTests.test_missing_m_bindings_fail_final_gate) ... ok
test_missing_scaffold_binding_fails (tests.test_scaffold.HarnessTests.test_missing_scaffold_binding_fails) ... ok
test_missing_trace_binding_fails_final_gate (tests.test_scaffold.HarnessTests.test_missing_trace_binding_fails_final_gate) ... ok
test_required_m_skip_blocks_final_gate (tests.test_scaffold.HarnessTests.test_required_m_skip_blocks_final_gate) ... ok
test_runner_help_does_not_run_tests (tests.test_scaffold.HarnessTests.test_runner_help_does_not_run_tests) ... ok
test_skipped_test_is_not_accepted (tests.test_scaffold.HarnessTests.test_skipped_test_is_not_accepted) ... ok
test_subtest_failure_is_recorded (tests.test_scaffold.HarnessTests.test_subtest_failure_is_recorded) ... ok
test_unexpected_success_is_not_accepted (tests.test_scaffold.HarnessTests.test_unexpected_success_is_not_accepted) ... ok
test_distribution_excludes_tests_docs_and_pdfs (tests.test_scaffold.PackageTests.test_distribution_excludes_tests_docs_and_pdfs) ... ok
test_import_under_standard_library_only (tests.test_scaffold.PackageTests.test_import_under_standard_library_only) ... ok
test_metadata_has_no_runtime_dependencies (tests.test_scaffold.PackageTests.test_metadata_has_no_runtime_dependencies) ... ok
test_no_public_analysis_api (tests.test_scaffold.PackageTests.test_no_public_analysis_api) ... ok
test_version_matches_metadata (tests.test_scaffold.PackageTests.test_version_matches_metadata) ... ok
test_hostile_text_never_executes_or_calls_network (tests.test_security.PassiveInputTests.test_hostile_text_never_executes_or_calls_network) ... ok
test_no_model_metric_or_candidate_runner_surface (tests.test_security.PassiveInputTests.test_no_model_metric_or_candidate_runner_surface) ... ok
test_private_artifact_does_not_attempt_local_read (tests.test_security.PassiveInputTests.test_private_artifact_does_not_attempt_local_read) ... ok
test_unsafe_local_urls_never_reach_network (tests.test_security.PassiveInputTests.test_unsafe_local_urls_never_reach_network) ... ok
test_cli_errors_do_not_echo_credentials_or_paths (tests.test_security.Step7SafetyTests.test_cli_errors_do_not_echo_credentials_or_paths) ... ok
test_entire_import_analysis_is_inert_under_hostile_evidence (tests.test_security.Step7SafetyTests.test_entire_import_analysis_is_inert_under_hostile_evidence) ... ok
test_failure_after_atomic_publication_keeps_published_bytes (tests.test_security.Step7SafetyTests.test_failure_after_atomic_publication_keeps_published_bytes) ... ok
test_no_runtime_imports_of_test_harness (tests.test_security.Step7SafetyTests.test_no_runtime_imports_of_test_harness) ... ok
test_published_report_directory_cannot_be_overwritten (tests.test_security.Step7SafetyTests.test_published_report_directory_cannot_be_overwritten) ... ok

----------------------------------------------------------------------
Ran 503 tests in 19.656s

OK

Requested gate: phase1
Requested gate passed: True
Phase 1 M complete: True
Unresolved M families (0): 
Gate reasons: none
Runner exit code: 0

=== fe668931-0160-4f55-aeb7-9d7ce5f7f6d0 ===
test_conflicting_assertion_is_not_vote (tests.test_evidence.AdmissionTests.test_conflicting_assertion_is_not_vote) ... ok
test_cycle_of_evidence_support_is_not_grounding (tests.test_evidence.AdmissionTests.test_cycle_of_evidence_support_is_not_grounding) ... ok
test_duplicate_invalid_record_still_ambiguous (tests.test_evidence.AdmissionTests.test_duplicate_invalid_record_still_ambiguous) ... ok
test_duplicate_pin_even_identical_is_conflict (tests.test_evidence.AdmissionTests.test_duplicate_pin_even_identical_is_conflict) ... ok
test_execution_record_required_for_coding_validity (tests.test_evidence.AdmissionTests.test_execution_record_required_for_coding_validity) ... ok
test_explicit_evidence_contradiction_is_preserved (tests.test_evidence.AdmissionTests.test_explicit_evidence_contradiction_is_preserved) ... ok
test_fixture_cannot_validate_import (tests.test_evidence.AdmissionTests.test_fixture_cannot_validate_import) ... ok
test_fixture_missing_declaration_is_local (tests.test_evidence.AdmissionTests.test_fixture_missing_declaration_is_local) ... ok
test_fixture_policy_cannot_present_empirical_context (tests.test_evidence.AdmissionTests.test_fixture_policy_cannot_present_empirical_context) ... ok
test_fixture_positive_is_only_stipulated (tests.test_evidence.AdmissionTests.test_fixture_positive_is_only_stipulated) ... ok
test_import_positive_carries_restricted_scientific_scope (tests.test_evidence.AdmissionTests.test_import_positive_carries_restricted_scientific_scope) ... ok
test_import_requires_adjudication_record (tests.test_evidence.AdmissionTests.test_import_requires_adjudication_record) ... ok
test_imported_outcome_conflict_is_not_ignored (tests.test_evidence.AdmissionTests.test_imported_outcome_conflict_is_not_ignored) ... ok
test_inaccessible_essential_report_withholds_label (tests.test_evidence.AdmissionTests.test_inaccessible_essential_report_withholds_label) ... ok
test_invalid_validity_does_not_erase_class (tests.test_evidence.AdmissionTests.test_invalid_validity_does_not_erase_class) ... ok
test_known_malformed_method_is_controlled (tests.test_evidence.AdmissionTests.test_known_malformed_method_is_controlled) ... ok
test_missing_independence_does_not_remove_mechanism (tests.test_evidence.AdmissionTests.test_missing_independence_does_not_remove_mechanism) ... ok
test_missing_reviewer_is_not_adjudication (tests.test_evidence.AdmissionTests.test_missing_reviewer_is_not_adjudication) ... ok
test_missing_text_is_not_automatic_membership_failure (tests.test_evidence.AdmissionTests.test_missing_text_is_not_automatic_membership_failure) ... ok
test_model_label_and_embedding_methods_do_not_admit (tests.test_evidence.AdmissionTests.test_model_label_and_embedding_methods_do_not_admit) ... ok
test_no_pin_never_selects_latest (tests.test_evidence.AdmissionTests.test_no_pin_never_selects_latest) ... ok
test_not_assessed_does_not_create_invalidity (tests.test_evidence.AdmissionTests.test_not_assessed_does_not_create_invalidity) ... ok
test_payload_shape_does_not_certify_evidence (tests.test_evidence.AdmissionTests.test_payload_shape_does_not_certify_evidence) ... ok
test_provisional_is_not_admitted (tests.test_evidence.AdmissionTests.test_provisional_is_not_admitted) ... ok
test_repaired_artifact_cannot_validate_original (tests.test_evidence.AdmissionTests.test_repaired_artifact_cannot_validate_original) ... ok
test_revision_pin_mismatch_is_not_repaired (tests.test_evidence.AdmissionTests.test_revision_pin_mismatch_is_not_repaired) ... ok
test_sorted_outputs_do_not_identify_algorithm (tests.test_evidence.AdmissionTests.test_sorted_outputs_do_not_identify_algorithm) ... ok
test_timeout_cannot_validate_or_invalidate_program (tests.test_evidence.AdmissionTests.test_timeout_cannot_validate_or_invalidate_program) ... ok
test_unclassified_stays_unclassified (tests.test_evidence.AdmissionTests.test_unclassified_stays_unclassified) ... ok
test_undetermined_and_absent_validity_are_distinct (tests.test_evidence.AdmissionTests.test_undetermined_and_absent_validity_are_distinct) ... ok
test_unresolved_adjudicated_retains_epistemic_state (tests.test_evidence.AdmissionTests.test_unresolved_adjudicated_retains_epistemic_state) ... ok
test_wrong_execution_subject_is_detected (tests.test_evidence.AdmissionTests.test_wrong_execution_subject_is_detected) ... ok
test_wrong_frame_withholds_only_affected_sample (tests.test_evidence.AdmissionTests.test_wrong_frame_withholds_only_affected_sample) ... ok
test_wrong_rubric_withholds_validity_only (tests.test_evidence.AdmissionTests.test_wrong_rubric_withholds_validity_only) ... ok
test_cross_sample_predecessor_does_not_merge_samples (tests.test_evidence.CorrectionTests.test_cross_sample_predecessor_does_not_merge_samples) ... ok
test_cyclic_revision_link_is_detected (tests.test_evidence.CorrectionTests.test_cyclic_revision_link_is_detected) ... ok
test_impact_records_link_without_recalculating_metrics (tests.test_evidence.CorrectionTests.test_impact_records_link_without_recalculating_metrics) ... ok
test_independence_only_withdrawal_keeps_label (tests.test_evidence.CorrectionTests.test_independence_only_withdrawal_keeps_label) ... ok
test_passive_review_never_invokes_network_or_executes (tests.test_evidence.CorrectionTests.test_passive_review_never_invokes_network_or_executes) ... ok
test_pending_challenge_is_explicit (tests.test_evidence.CorrectionTests.test_pending_challenge_is_explicit) ... ok
test_raw_bundle_is_unchanged_by_review (tests.test_evidence.CorrectionTests.test_raw_bundle_is_unchanged_by_review) ... ok
test_rejected_challenge_cannot_withdraw (tests.test_evidence.CorrectionTests.test_rejected_challenge_cannot_withdraw) ... ok
test_revision_with_new_evidence_requires_new_pin (tests.test_evidence.CorrectionTests.test_revision_with_new_evidence_requires_new_pin) ... ok
test_shared_schema_challenge_affects_all_dependent_labels (tests.test_evidence.CorrectionTests.test_shared_schema_challenge_affects_all_dependent_labels) ... ok
test_withdrawal_preserves_other_assignment_and_validity (tests.test_evidence.CorrectionTests.test_withdrawal_preserves_other_assignment_and_validity) ... ok
test_absent_target_does_not_validate_by_two_votes (tests.test_integrity_records.IntegrityTests.test_absent_target_does_not_validate_by_two_votes) ... ok
test_all_nineteen_support_types_have_explicit_payload_validation (tests.test_integrity_records.IntegrityTests.test_all_nineteen_support_types_have_explicit_payload_validation) ... ok
test_audit_extra_review_does_not_replace_missing_planned_position (tests.test_integrity_records.IntegrityTests.test_audit_extra_review_does_not_replace_missing_planned_position) ... ok
test_audit_needs_annotations_for_each_reviewed_target (tests.test_integrity_records.IntegrityTests.test_audit_needs_annotations_for_each_reviewed_target) ... ok
test_checked_in_integrity_cases_are_actual_mock_payloads (tests.test_integrity_records.IntegrityTests.test_checked_in_integrity_cases_are_actual_mock_payloads) ... ok
test_complete_mock_form_never_certifies_operational_openness (tests.test_integrity_records.IntegrityTests.test_complete_mock_form_never_certifies_operational_openness) ... ok
test_complete_review_keeps_sources_and_classifications_passive (tests.test_integrity_records.IntegrityTests.test_complete_review_keeps_sources_and_classifications_passive) ... ok
test_design_32_core_and_28_pairs_remains_a_plan (tests.test_integrity_records.IntegrityTests.test_design_32_core_and_28_pairs_remains_a_plan) ... ok
test_design_8995_tests_does_not_count_as_performed_validation (tests.test_integrity_records.IntegrityTests.test_design_8995_tests_does_not_count_as_performed_validation) ... ok
test_disagreement_preserves_both_initial_outcomes (tests.test_integrity_records.IntegrityTests.test_disagreement_preserves_both_initial_outcomes) ... ok
test_domain_property_mismatch_is_not_execution_evidence (tests.test_integrity_records.IntegrityTests.test_domain_property_mismatch_is_not_execution_evidence) ... ok
test_empty_intake_is_distinct_from_received_evidence (tests.test_integrity_records.IntegrityTests.test_empty_intake_is_distinct_from_received_evidence) ... ok
test_four_conditions_cannot_claim_five_condition_openness (tests.test_integrity_records.IntegrityTests.test_four_conditions_cannot_claim_five_condition_openness) ... ok
test_initial_judgment_materials_must_match (tests.test_integrity_records.IntegrityTests.test_initial_judgment_materials_must_match) ... ok
test_initial_label_exposure_is_not_independent_first_pass (tests.test_integrity_records.IntegrityTests.test_initial_label_exposure_is_not_independent_first_pass) ... ok
test_known_prior_exposure_overrides_false_annotation_flag (tests.test_integrity_records.IntegrityTests.test_known_prior_exposure_overrides_false_annotation_flag) ... ok
test_later_discussion_does_not_rewrite_first_pass (tests.test_integrity_records.IntegrityTests.test_later_discussion_does_not_rewrite_first_pass) ... ok
test_lineage_cycles_do_not_trigger_universal_dag_rejection (tests.test_integrity_records.IntegrityTests.test_lineage_cycles_do_not_trigger_universal_dag_rejection) ... ok
test_malformed_public_annotation_reference_is_controlled (tests.test_integrity_records.IntegrityTests.test_malformed_public_annotation_reference_is_controlled) ... ok
test_matching_mock_audit_stays_record_only (tests.test_integrity_records.IntegrityTests.test_matching_mock_audit_stays_record_only) ... ok
test_missing_claim_evidence_is_unresolved_not_satisfied (tests.test_integrity_records.IntegrityTests.test_missing_claim_evidence_is_unresolved_not_satisfied) ... ok
test_missing_mock_marker_is_not_defaulted (tests.test_integrity_records.IntegrityTests.test_missing_mock_marker_is_not_defaulted) ... ok
test_mistyped_annotation_actor_is_controlled (tests.test_integrity_records.IntegrityTests.test_mistyped_annotation_actor_is_controlled) ... ok
test_mistyped_domain_suite_reference_is_controlled (tests.test_integrity_records.IntegrityTests.test_mistyped_domain_suite_reference_is_controlled) ... ok
test_nonapplicable_cannot_evade_mandatory_condition (tests.test_integrity_records.IntegrityTests.test_nonapplicable_cannot_evade_mandatory_condition) ... ok
test_one_unresolved_condition_cannot_be_averaged_away (tests.test_integrity_records.IntegrityTests.test_one_unresolved_condition_cannot_be_averaged_away) ... ok
test_source_unknowns_cannot_become_inferred_ancestry (tests.test_integrity_records.IntegrityTests.test_source_unknowns_cannot_become_inferred_ancestry) ... ok
test_step3_matrix_binds_all_actual_step3_checks (tests.test_integrity_records.IntegrityTests.test_step3_matrix_binds_all_actual_step3_checks) ... ok
test_structural_schema_challenge_keeps_separate_validity (tests.test_integrity_records.IntegrityTests.test_structural_schema_challenge_keeps_separate_validity) ... ok
test_support_value_type_mutations_do_not_crash (tests.test_integrity_records.IntegrityTests.test_support_value_type_mutations_do_not_crash) ... ok
test_two_mock_humans_are_only_record_consistent (tests.test_integrity_records.IntegrityTests.test_two_mock_humans_are_only_record_consistent) ... ok
test_two_sessions_by_one_person_fail_two_person_requirement (tests.test_integrity_records.IntegrityTests.test_two_sessions_by_one_person_fail_two_person_requirement) ... ok
test_unknown_expiry_does_not_invent_validity_period (tests.test_integrity_records.IntegrityTests.test_unknown_expiry_does_not_invent_validity_period) ... ok
test_unknown_exposure_does_not_become_false (tests.test_integrity_records.IntegrityTests.test_unknown_exposure_does_not_become_false) ... ok
test_unknown_parent_remains_unknown (tests.test_integrity_records.IntegrityTests.test_unknown_parent_remains_unknown) ... ok
test_unknown_payload_fields_are_not_executable_extensions (tests.test_integrity_records.IntegrityTests.test_unknown_payload_fields_are_not_executable_extensions) ... ok
test_unreviewed_intake_preserves_original_anomaly (tests.test_integrity_records.IntegrityTests.test_unreviewed_intake_preserves_original_anomaly) ... ok
test_withdrawn_suite_cannot_support_execution_record (tests.test_integrity_records.IntegrityTests.test_withdrawn_suite_cannot_support_execution_record) ... ok
test_complete_core_coverage_is_record_consistent_but_still_mock (tests.test_integrity_records.Step7CompleteReferenceFixtures.test_complete_core_coverage_is_record_consistent_but_still_mock) ... ok
test_complete_systematic_audit_plan_resolves_exact_72_positions (tests.test_integrity_records.Step7CompleteReferenceFixtures.test_complete_systematic_audit_plan_resolves_exact_72_positions) ... ok
test_absent_oracle_is_not_independent_validation (tests.test_integrity_records.Step7FunctionalRecords.test_absent_oracle_is_not_independent_validation) ... ok
test_complete_8995_order_construction_and_hash (tests.test_integrity_records.Step7FunctionalRecords.test_complete_8995_order_construction_and_hash) ... ok
test_complete_mock_import_is_record_consistent_only (tests.test_integrity_records.Step7FunctionalRecords.test_complete_mock_import_is_record_consistent_only) ... ok
test_containment_or_missing_reference_family_blocks_claim (tests.test_integrity_records.Step7FunctionalRecords.test_containment_or_missing_reference_family_blocks_claim) ... ok
test_decisive_counterexample_can_precede_full_coverage (tests.test_integrity_records.Step7FunctionalRecords.test_decisive_counterexample_can_precede_full_coverage) ... ok
test_each_property_is_required_without_boolean_coercion (tests.test_integrity_records.Step7FunctionalRecords.test_each_property_is_required_without_boolean_coercion) ... ok
test_each_segment_construction_is_checked (tests.test_integrity_records.Step7FunctionalRecords.test_each_segment_construction_is_checked) ... ok
test_equal_inputs_keep_distinct_ids_and_purposes (tests.test_integrity_records.Step7FunctionalRecords.test_equal_inputs_keep_distinct_ids_and_purposes) ... ok
test_exception_needs_explicit_task_counterexample (tests.test_integrity_records.Step7FunctionalRecords.test_exception_needs_explicit_task_counterexample) ... ok
test_forged_manifest_hash_is_rejected (tests.test_integrity_records.Step7FunctionalRecords.test_forged_manifest_hash_is_rejected) ... ok
test_missing_test_cannot_pass_by_declared_count (tests.test_integrity_records.Step7FunctionalRecords.test_missing_test_cannot_pass_by_declared_count) ... ok
test_mock_child_cannot_validate_nonmock_parent (tests.test_integrity_records.Step7FunctionalRecords.test_mock_child_cannot_validate_nonmock_parent) ... ok
test_nested_malformed_runtime_metadata_is_controlled (tests.test_integrity_records.Step7FunctionalRecords.test_nested_malformed_runtime_metadata_is_controlled) ... ok
test_partial_pass_does_not_claim_full_validity (tests.test_integrity_records.Step7FunctionalRecords.test_partial_pass_does_not_claim_full_validity) ... ok
test_plain_pass_string_cannot_establish_validity (tests.test_integrity_records.Step7FunctionalRecords.test_plain_pass_string_cannot_establish_validity) ... ok
test_reordering_is_detected_even_with_new_hash (tests.test_integrity_records.Step7FunctionalRecords.test_reordering_is_detected_even_with_new_hash) ... ok
test_repair_cannot_relabel_original_subject (tests.test_integrity_records.Step7FunctionalRecords.test_repair_cannot_relabel_original_subject) ... ok
test_timeout_memory_harness_or_oracle_failure_is_not_invalidity (tests.test_integrity_records.Step7FunctionalRecords.test_timeout_memory_harness_or_oracle_failure_is_not_invalidity) ... ok
test_unreadable_upstream_evidence_cannot_be_laundered (tests.test_integrity_records.Step7FunctionalRecords.test_unreadable_upstream_evidence_cannot_be_laundered) ... ok
test_28_pairs_and_four_witnesses_checked_without_fabricating_core (tests.test_integrity_records.Step7ReferenceAuditRecords.test_28_pairs_and_four_witnesses_checked_without_fabricating_core) ... ok
test_32_names_without_artifacts_or_annotations_do_not_pass (tests.test_integrity_records.Step7ReferenceAuditRecords.test_32_names_without_artifacts_or_annotations_do_not_pass) ... ok
test_72_planned_positions_are_not_72_reviews (tests.test_integrity_records.Step7ReferenceAuditRecords.test_72_planned_positions_are_not_72_reviews) ... ok
test_changed_systematic_position_fails (tests.test_integrity_records.Step7ReferenceAuditRecords.test_changed_systematic_position_fails) ... ok
test_generic_audit_must_match_actual_frozen_plan (tests.test_integrity_records.Step7ReferenceAuditRecords.test_generic_audit_must_match_actual_frozen_plan) ... ok
test_opposite_membership_claims_do_not_transitively_cluster (tests.test_integrity_records.Step7ReferenceAuditRecords.test_opposite_membership_claims_do_not_transitively_cluster) ... ok
test_overlap_is_preserved_not_forced_into_partition (tests.test_integrity_records.Step7ReferenceAuditRecords.test_overlap_is_preserved_not_forced_into_partition) ... ok
test_pair_duplication_cannot_fill_missing_review (tests.test_integrity_records.Step7ReferenceAuditRecords.test_pair_duplication_cannot_fill_missing_review) ... ok
test_registry_candidate_can_remain_valid_without_new_class (tests.test_integrity_records.Step7ReferenceAuditRecords.test_registry_candidate_can_remain_valid_without_new_class) ... ok
test_repeated_position_does_not_replace_lost_opportunity (tests.test_integrity_records.Step7ReferenceAuditRecords.test_repeated_position_does_not_replace_lost_opportunity) ... ok
test_witness_shape_not_just_four_names (tests.test_integrity_records.Step7ReferenceAuditRecords.test_witness_shape_not_just_four_names) ... ok
test_absent_future_attempt_preserves_earlier_group_plan (tests.test_inventory.AdditionalInventoryTests.test_absent_future_attempt_preserves_earlier_group_plan) ... ok
test_declared_output_offsets_cannot_add_a_new_realization_twice (tests.test_inventory.AdditionalInventoryTests.test_declared_output_offsets_cannot_add_a_new_realization_twice) ... ok
test_duplicate_group_position_with_unknown_attempt_is_unresolved (tests.test_inventory.AdditionalInventoryTests.test_duplicate_group_position_with_unknown_attempt_is_unresolved) ... ok
test_extra_later_failure_does_not_contaminate_known_selected_ids (tests.test_inventory.AdditionalInventoryTests.test_extra_later_failure_does_not_contaminate_known_selected_ids) ... ok
test_malformed_manifest_stays_unavailable_not_successful_empty_study (tests.test_inventory.AdditionalInventoryTests.test_malformed_manifest_stays_unavailable_not_successful_empty_study) ... ok
test_shared_group_across_cells_is_retained_without_pooling (tests.test_inventory.AdditionalInventoryTests.test_shared_group_across_cells_is_retained_without_pooling) ... ok
test_character_offsets_cannot_replace_byte_offsets (tests.test_inventory.ArtifactAssociationTests.test_character_offsets_cannot_replace_byte_offsets) ... ok
test_empty_emitted_region_is_real_bytes_not_missing_slot (tests.test_inventory.ArtifactAssociationTests.test_empty_emitted_region_is_real_bytes_not_missing_slot) ... ok
test_exact_byte_region_keeps_unicode_and_crlf (tests.test_inventory.ArtifactAssociationTests.test_exact_byte_region_keeps_unicode_and_crlf) ... ok
test_missing_raw_is_unavailable_not_an_extraction_guess (tests.test_inventory.ArtifactAssociationTests.test_missing_raw_is_unavailable_not_an_extraction_guess) ... ok
test_negative_bool_and_oversized_spans_are_controlled (tests.test_inventory.ArtifactAssociationTests.test_negative_bool_and_oversized_spans_are_controlled) ... ok
test_raw_response_mismatch_cannot_be_repaired_by_neighbor (tests.test_inventory.ArtifactAssociationTests.test_raw_response_mismatch_cannot_be_repaired_by_neighbor) ... ok
test_truncated_known_text_can_be_associated_without_completion (tests.test_inventory.ArtifactAssociationTests.test_truncated_known_text_can_be_associated_without_completion) ... ok
test_attempt_cell_mismatch_is_preserved (tests.test_inventory.InventoryTests.test_attempt_cell_mismatch_is_preserved) ... ok
test_attempts_and_realizations_are_separate (tests.test_inventory.InventoryTests.test_attempts_and_realizations_are_separate) ... ok
test_conflicting_order_sources_are_not_resolved_by_preference (tests.test_inventory.InventoryTests.test_conflicting_order_sources_are_not_resolved_by_preference) ... ok
test_duplicate_id_is_ambiguous_never_deduplicated_silently (tests.test_inventory.InventoryTests.test_duplicate_id_is_ambiguous_never_deduplicated_silently) ... ok
test_duplicate_malformed_id_remains_ambiguous (tests.test_inventory.InventoryTests.test_duplicate_malformed_id_remains_ambiguous) ... ok
test_duplicate_planned_position_is_unavailable (tests.test_inventory.InventoryTests.test_duplicate_planned_position_is_unavailable) ... ok
test_extra_output_is_preserved_unselected (tests.test_inventory.InventoryTests.test_extra_output_is_preserved_unselected) ... ok
test_failed_five_candidate_call_does_not_create_samples (tests.test_inventory.InventoryTests.test_failed_five_candidate_call_does_not_create_samples) ... ok
test_frame_failure_is_scoped_and_distinct_from_empty (tests.test_inventory.InventoryTests.test_frame_failure_is_scoped_and_distinct_from_empty) ... ok
test_known_empty_and_truncated_emissions_remain_samples (tests.test_inventory.InventoryTests.test_known_empty_and_truncated_emissions_remain_samples) ... ok
test_known_empty_selection_is_zero_with_exclusions (tests.test_inventory.InventoryTests.test_known_empty_selection_is_zero_with_exclusions) ... ok
test_large_attempt_count_does_not_expand_unbounded_positions (tests.test_inventory.InventoryTests.test_large_attempt_count_does_not_expand_unbounded_positions) ... ok
test_malformed_observation_retains_row_and_complete_count_uncertainty (tests.test_inventory.InventoryTests.test_malformed_observation_retains_row_and_complete_count_uncertainty) ... ok
test_missing_requested_sample_cannot_create_observation (tests.test_inventory.InventoryTests.test_missing_requested_sample_cannot_create_observation) ... ok
test_no_io_after_loading (tests.test_inventory.InventoryTests.test_no_io_after_loading) ... ok
test_original_storage_order_is_not_experimental_sequence (tests.test_inventory.InventoryTests.test_original_storage_order_is_not_experimental_sequence) ... ok
test_partial_explicit_order_is_unavailable (tests.test_inventory.InventoryTests.test_partial_explicit_order_is_unavailable) ... ok
test_plan_without_attempt_records_does_not_invent_attempts (tests.test_inventory.InventoryTests.test_plan_without_attempt_records_does_not_invent_attempts) ... ok
test_position_plan_mutations_have_controlled_diagnostics (tests.test_inventory.InventoryTests.test_position_plan_mutations_have_controlled_diagnostics) ... ok
test_primary_attempt_metadata_can_supply_plan (tests.test_inventory.InventoryTests.test_primary_attempt_metadata_can_supply_plan) ... ok
test_private_and_missing_text_do_not_zero_inventory (tests.test_inventory.InventoryTests.test_private_and_missing_text_do_not_zero_inventory) ... ok
test_protocol_mismatch_is_frame_error (tests.test_inventory.InventoryTests.test_protocol_mismatch_is_frame_error) ... ok
test_recorded_ordinals_can_supply_order (tests.test_inventory.InventoryTests.test_recorded_ordinals_can_supply_order) ... ok
test_repeated_bytes_with_distinct_positions_remain_observations (tests.test_inventory.InventoryTests.test_repeated_bytes_with_distinct_positions_remain_observations) ... ok
test_retry_is_preserved_without_adding_planned_slots (tests.test_inventory.InventoryTests.test_retry_is_preserved_without_adding_planned_slots) ... ok
test_same_attempt_position_cannot_count_twice_under_two_ids (tests.test_inventory.InventoryTests.test_same_attempt_position_cannot_count_twice_under_two_ids) ... ok
test_selecting_extra_output_cannot_extend_planned_budget (tests.test_inventory.InventoryTests.test_selecting_extra_output_cannot_extend_planned_budget) ... ok
test_unattempted_slot_is_not_an_invocation (tests.test_inventory.InventoryTests.test_unattempted_slot_is_not_an_invocation) ... ok
test_unknown_attempt_history_is_not_one_call_per_sample (tests.test_inventory.InventoryTests.test_unknown_attempt_history_is_not_one_call_per_sample) ... ok
test_unknown_cell_remains_unallocated (tests.test_inventory.InventoryTests.test_unknown_cell_remains_unallocated) ... ok
test_unknown_order_does_not_erase_selection (tests.test_inventory.InventoryTests.test_unknown_order_does_not_erase_selection) ... ok
test_unknown_selection_is_not_automatically_all (tests.test_inventory.InventoryTests.test_unknown_selection_is_not_automatically_all) ... ok
test_wrong_record_file_hash_cannot_supply_selected_identity (tests.test_inventory.InventoryTests.test_wrong_record_file_hash_cannot_supply_selected_identity) ... ok
test_bad_required_version_never_becomes_empty_success (tests.test_local_io.BundleTests.test_bad_required_version_never_becomes_empty_success) ... ok
test_empty_and_malformed_records_remain_distinct (tests.test_local_io.BundleTests.test_empty_and_malformed_records_remain_distinct) ... ok
test_external_and_unavailable_artifacts_are_inert (tests.test_local_io.BundleTests.test_external_and_unavailable_artifacts_are_inert) ... ok
test_hash_mismatch_is_scoped_and_keeps_expected_hash (tests.test_local_io.BundleTests.test_hash_mismatch_is_scoped_and_keeps_expected_hash) ... ok
test_line_limit_does_not_turn_suffix_into_next_row (tests.test_local_io.BundleTests.test_line_limit_does_not_turn_suffix_into_next_row) ... ok
test_malformed_line_does_not_erase_next_record (tests.test_local_io.BundleTests.test_malformed_line_does_not_erase_next_record) ... ok
test_only_declared_files_are_read (tests.test_local_io.BundleTests.test_only_declared_files_are_read) ... ok
test_read_order_does_not_become_scientific_order (tests.test_local_io.BundleTests.test_read_order_does_not_become_scientific_order) ... ok
test_record_file_hash_mismatch_preserves_inventory (tests.test_local_io.BundleTests.test_record_file_hash_mismatch_preserves_inventory) ... ok
test_record_limit_is_not_silent_sampling (tests.test_local_io.BundleTests.test_record_limit_is_not_silent_sampling) ... ok
test_sample_hash_uses_analyzed_bytes (tests.test_local_io.BundleTests.test_sample_hash_uses_analyzed_bytes) ... ok
test_source_pin_mismatch_does_not_trigger_retrieval (tests.test_local_io.BundleTests.test_source_pin_mismatch_does_not_trigger_retrieval) ... ok
test_wrong_file_role_preserves_raw_record (tests.test_local_io.BundleTests.test_wrong_file_role_preserves_raw_record) ... ok
test_change_during_read_is_detected (tests.test_local_io.SnapshotTests.test_change_during_read_is_detected) ... ok
test_directory_and_fifo_are_rejected_without_blocking (tests.test_local_io.SnapshotTests.test_directory_and_fifo_are_rejected_without_blocking) ... ok
test_file_and_total_byte_limits (tests.test_local_io.SnapshotTests.test_file_and_total_byte_limits) ... ok
test_internal_external_and_root_symlinks_are_rejected (tests.test_local_io.SnapshotTests.test_internal_external_and_root_symlinks_are_rejected) ... ok
test_path_grammar_rejects_remote_and_expansion (tests.test_local_io.SnapshotTests.test_path_grammar_rejects_remote_and_expansion) ... ok
test_snapshot_and_repeated_path_read (tests.test_local_io.SnapshotTests.test_snapshot_and_repeated_path_read) ... ok
test_snapshot_stays_stable_after_path_replacement (tests.test_local_io.SnapshotTests.test_snapshot_stays_stable_after_path_replacement) ... ok
test_unsupported_platform_has_no_unsafe_fallback (tests.test_local_io.SnapshotTests.test_unsupported_platform_has_no_unsafe_fallback) ... ok
test_bad_manifest_field_types_have_controlled_errors (tests.test_local_io.StrictJSONTests.test_bad_manifest_field_types_have_controlled_errors) ... ok
test_depth_bound_respects_strings (tests.test_local_io.StrictJSONTests.test_depth_bound_respects_strings) ... ok
test_duplicate_keys_and_escaped_aliases_fail (tests.test_local_io.StrictJSONTests.test_duplicate_keys_and_escaped_aliases_fail) ... ok
test_invalid_overrides_never_weaken_limits (tests.test_local_io.StrictJSONTests.test_invalid_overrides_never_weaken_limits) ... ok
test_large_finite_exponent_is_not_float_infinity (tests.test_local_io.StrictJSONTests.test_large_finite_exponent_is_not_float_infinity) ... ok
test_nonfinite_constants_fail (tests.test_local_io.StrictJSONTests.test_nonfinite_constants_fail) ... ok
test_number_length_and_file_limits (tests.test_local_io.StrictJSONTests.test_number_length_and_file_limits) ... ok
test_utf8_bom_surrogates_and_bad_syntax_fail (tests.test_local_io.StrictJSONTests.test_utf8_bom_surrogates_and_bad_syntax_fail) ... ok
test_effective_counts_differ (tests.test_metrics.Arithmetic.test_effective_counts_differ) ... ok
test_higher_precision_independent_check (tests.test_metrics.Arithmetic.test_higher_precision_independent_check) ... ok
test_one_class (tests.test_metrics.Arithmetic.test_one_class) ... ok
test_oracle_identity_and_role (tests.test_metrics.Arithmetic.test_oracle_identity_and_role) ... ok
test_sci_with_replacement (tests.test_metrics.Arithmetic.test_sci_with_replacement) ... ok
test_source_oracles (tests.test_metrics.Arithmetic.test_source_oracles) ... ok
test_units_and_scope (tests.test_metrics.Arithmetic.test_units_and_scope) ... ok
test_unrounded_derivation (tests.test_metrics.Arithmetic.test_unrounded_derivation) ... ok
test_zero_registry_entries (tests.test_metrics.Arithmetic.test_zero_registry_entries) ... ok
test_complete_arithmetic_not_complete_report (tests.test_metrics.Matrix.test_complete_arithmetic_not_complete_report) ... ok
test_explicit_test_bindings (tests.test_metrics.Matrix.test_explicit_test_bindings) ... ok
test_frozen_and_external_scopes (tests.test_metrics.Matrix.test_frozen_and_external_scopes) ... ok
test_history_and_actual_runner_step (tests.test_metrics.Matrix.test_history_and_actual_runner_step) ... ok
test_invalid_binding_class (tests.test_metrics.Matrix.test_invalid_binding_class) ... ok
test_non_m_update_forbidden (tests.test_metrics.Matrix.test_non_m_update_forbidden) ... ok
test_old_bindings_preserved (tests.test_metrics.Matrix.test_old_bindings_preserved) ... ok
test_624_small_tables (tests.test_metrics.Numerical.test_624_small_tables) ... ok
test_effective_order_failure (tests.test_metrics.Numerical.test_effective_order_failure) ... ok
test_exact_total (tests.test_metrics.Numerical.test_exact_total) ... ok
test_exp_failure_scoped (tests.test_metrics.Numerical.test_exp_failure_scoped) ... ok
test_immutable_results (tests.test_metrics.Numerical.test_immutable_results) ... ok
test_invalid_counts (tests.test_metrics.Numerical.test_invalid_counts) ... ok
test_log_failure_scoped (tests.test_metrics.Numerical.test_log_failure_scoped) ... ok
test_material_errors (tests.test_metrics.Numerical.test_material_errors) ... ok
test_no_deferred_estimators (tests.test_metrics.Numerical.test_no_deferred_estimators) ... ok
test_normalization_failure (tests.test_metrics.Numerical.test_normalization_failure) ... ok
test_renaming_and_order (tests.test_metrics.Numerical.test_renaming_and_order) ... ok
test_resource_limits (tests.test_metrics.Numerical.test_resource_limits) ... ok
test_signed_zero (tests.test_metrics.Numerical.test_signed_zero) ... ok
test_tiny_boundary_record (tests.test_metrics.Numerical.test_tiny_boundary_record) ... ok
test_tolerance_sum (tests.test_metrics.Numerical.test_tolerance_sum) ... ok
test_underflow_preserves_exact_support (tests.test_metrics.Numerical.test_underflow_preserves_exact_support) ... ok
test_uniform_scaling (tests.test_metrics.Numerical.test_uniform_scaling) ... ok
test_all_invalid (tests.test_metrics.Populations.test_all_invalid) ... ok
test_ambiguous_ids (tests.test_metrics.Populations.test_ambiguous_ids) ... ok
test_bad_component_types (tests.test_metrics.Populations.test_bad_component_types) ... ok
test_empty_selection (tests.test_metrics.Populations.test_empty_selection) ... ok
test_frame_failure (tests.test_metrics.Populations.test_frame_failure) ... ok
test_independence_only_withdrawal (tests.test_metrics.Populations.test_independence_only_withdrawal) ... ok
test_local_evidence_failure (tests.test_metrics.Populations.test_local_evidence_failure) ... ok
test_malformed_threshold_is_component_specific (tests.test_metrics.Populations.test_malformed_threshold_is_component_specific) ... ok
test_mf07_views_and_ratios (tests.test_metrics.Populations.test_mf07_views_and_ratios) ... ok
test_no_hero_program_or_report_created (tests.test_metrics.Populations.test_no_hero_program_or_report_created) ... ok
test_passive_arithmetic (tests.test_metrics.Populations.test_passive_arithmetic) ... ok
test_population_conservation (tests.test_metrics.Populations.test_population_conservation) ... ok
test_population_duplicate_ids (tests.test_metrics.Populations.test_population_duplicate_ids) ... ok
test_unclassified (tests.test_metrics.Populations.test_unclassified) ... ok
test_unknown_checkpoint (tests.test_metrics.Populations.test_unknown_checkpoint) ... ok
test_hero_count_projection (tests.test_metrics.Prefixes.test_hero_count_projection) ... ok
test_hero_invalid_projection (tests.test_metrics.Prefixes.test_hero_invalid_projection) ... ok
test_hero_missing_intended_slot (tests.test_metrics.Prefixes.test_hero_missing_intended_slot) ... ok
test_k_states (tests.test_metrics.Prefixes.test_k_states) ... ok
test_mf10 (tests.test_metrics.Prefixes.test_mf10) ... ok
test_missing_order (tests.test_metrics.Prefixes.test_missing_order) ... ok
test_monotone_accumulation (tests.test_metrics.Prefixes.test_monotone_accumulation) ... ok
test_partial_group (tests.test_metrics.Prefixes.test_partial_group) ... ok
test_prefix_conservation (tests.test_metrics.Prefixes.test_prefix_conservation) ... ok
test_real_order_change (tests.test_metrics.Prefixes.test_real_order_change) ... ok
test_revision_preserves_old_result (tests.test_metrics.Prefixes.test_revision_preserves_old_result) ... ok
test_storage_order_invariant (tests.test_metrics.Prefixes.test_storage_order_invariant) ... ok
test_zero_vs_missing_prefix (tests.test_metrics.Prefixes.test_zero_vs_missing_prefix) ... ok
test_beyond_float_boundary (tests.test_metrics.Thresholds.test_beyond_float_boundary) ... ok
test_empty_requested (tests.test_metrics.Thresholds.test_empty_requested) ... ok
test_invalid_empty (tests.test_metrics.Thresholds.test_invalid_empty) ... ok
test_invalid_values (tests.test_metrics.Thresholds.test_invalid_values) ... ok
test_large_integer_equality (tests.test_metrics.Thresholds.test_large_integer_equality) ... ok
test_large_negative_exponent (tests.test_metrics.Thresholds.test_large_negative_exponent) ... ok
test_lexemes_and_origins (tests.test_metrics.Thresholds.test_lexemes_and_origins) ... ok
test_no_renormalization (tests.test_metrics.Thresholds.test_no_renormalization) ... ok
test_omitted_vs_null (tests.test_metrics.Thresholds.test_omitted_vs_null) ... ok
test_one_threshold_spellings (tests.test_metrics.Thresholds.test_one_threshold_spellings) ... ok
test_other_metrics_unchanged (tests.test_metrics.Thresholds.test_other_metrics_unchanged) ... ok
test_revalidate_token_object (tests.test_metrics.Thresholds.test_revalidate_token_object) ... ok
test_source_thresholds (tests.test_metrics.Thresholds.test_source_thresholds) ... ok
test_token_limit (tests.test_metrics.Thresholds.test_token_limit) ... ok
test_zero_never_passes (tests.test_metrics.Thresholds.test_zero_never_passes) ... ok
test_duplicate_record_is_error_not_a_second_observation (tests.test_pipeline.AdversePipelineTests.test_duplicate_record_is_error_not_a_second_observation) ... ok
test_empty_selected_inventory_has_zero_support_and_undefined_entropy (tests.test_pipeline.AdversePipelineTests.test_empty_selected_inventory_has_zero_support_and_undefined_entropy) ... ok
test_four_sample_evidence_correction_exact_sequence (tests.test_pipeline.AdversePipelineTests.test_four_sample_evidence_correction_exact_sequence) ... ok
test_hash_mismatch_is_not_repaired_by_pipeline (tests.test_pipeline.AdversePipelineTests.test_hash_mismatch_is_not_repaired_by_pipeline) ... ok
test_independence_only_correction_does_not_erase_supported_counts (tests.test_pipeline.AdversePipelineTests.test_independence_only_correction_does_not_erase_supported_counts) ... ok
test_invalid_threshold_is_contract_failure_not_zero (tests.test_pipeline.AdversePipelineTests.test_invalid_threshold_is_contract_failure_not_zero) ... ok
test_malformed_analysis_object_retains_safe_error_report (tests.test_pipeline.AdversePipelineTests.test_malformed_analysis_object_retains_safe_error_report) ... ok
test_malformed_manifest_is_error_not_empty_success (tests.test_pipeline.AdversePipelineTests.test_malformed_manifest_is_error_not_empty_success) ... ok
test_missing_shared_frame_withholds_distribution_keeps_inventory (tests.test_pipeline.AdversePipelineTests.test_missing_shared_frame_withholds_distribution_keeps_inventory) ... ok
test_mock_imported_adjudication_uses_same_pipeline (tests.test_pipeline.AdversePipelineTests.test_mock_imported_adjudication_uses_same_pipeline) ... ok
test_nonempty_unclassified_inventory_is_not_empty_study (tests.test_pipeline.AdversePipelineTests.test_nonempty_unclassified_inventory_is_not_empty_study) ... ok
test_omitted_threshold_keeps_not_requested (tests.test_pipeline.AdversePipelineTests.test_omitted_threshold_keeps_not_requested) ... ok
test_unknown_model_identity_does_not_destroy_arithmetic (tests.test_pipeline.AdversePipelineTests.test_unknown_model_identity_does_not_destroy_arithmetic) ... ok
test_unknown_prefix_mode_not_guessed_into_success (tests.test_pipeline.AdversePipelineTests.test_unknown_prefix_mode_not_guessed_into_success) ... ok
test_analyze_command_publishes_three_files (tests.test_pipeline.CommandIntegrationTests.test_analyze_command_publishes_three_files) ... ok
test_analyze_refuses_existing_output (tests.test_pipeline.CommandIntegrationTests.test_analyze_refuses_existing_output) ... ok
test_contract_error_report_can_be_written_without_success_claim (tests.test_pipeline.CommandIntegrationTests.test_contract_error_report_can_be_written_without_success_claim) ... ok
test_internal_failure_returns_three_without_traceback (tests.test_pipeline.CommandIntegrationTests.test_internal_failure_returns_three_without_traceback) ... ok
test_invalid_input_has_exit_two_and_safe_diagnostics (tests.test_pipeline.CommandIntegrationTests.test_invalid_input_has_exit_two_and_safe_diagnostics) ... ok
test_missing_arguments_do_not_echo_sensitive_paths (tests.test_pipeline.CommandIntegrationTests.test_missing_arguments_do_not_echo_sensitive_paths) ... ok
test_unimplemented_commands_remain_errors (tests.test_pipeline.CommandIntegrationTests.test_unimplemented_commands_remain_errors) ... ok
test_validate_command_success_and_no_writes (tests.test_pipeline.CommandIntegrationTests.test_validate_command_success_and_no_writes) ... ok
test_explicit_run_identity_changes_metadata_not_metrics (tests.test_pipeline.HeroPipelineTests.test_explicit_run_identity_changes_metadata_not_metrics) ... ok
test_hf00_materialization_matches_pinned_original (tests.test_pipeline.HeroPipelineTests.test_hf00_materialization_matches_pinned_original) ... ok
test_hf00_original_twenty_record_workflow (tests.test_pipeline.HeroPipelineTests.test_hf00_original_twenty_record_workflow) ... ok
test_hf01_invalid_but_classifiable (tests.test_pipeline.HeroPipelineTests.test_hf01_invalid_but_classifiable) ... ok
test_hf02_unresolved_class_keeps_validity (tests.test_pipeline.HeroPipelineTests.test_hf02_unresolved_class_keeps_validity) ... ok
test_hf03_provisional_label_has_distinct_reason (tests.test_pipeline.HeroPipelineTests.test_hf03_provisional_label_has_distinct_reason) ... ok
test_hf04_missing_evidence_is_local_limit (tests.test_pipeline.HeroPipelineTests.test_hf04_missing_evidence_is_local_limit) ... ok
test_hf05_missing_position_is_not_backfilled (tests.test_pipeline.HeroPipelineTests.test_hf05_missing_position_is_not_backfilled) ... ok
test_hf06_new_assignment_preserves_old_identity (tests.test_pipeline.HeroPipelineTests.test_hf06_new_assignment_preserves_old_identity) ... ok
test_input_changes_get_new_fingerprint_without_overwriting_old_report (tests.test_pipeline.HeroPipelineTests.test_input_changes_get_new_fingerprint_without_overwriting_old_report) ... ok
test_invalid_run_identity_and_naive_time_rejected (tests.test_pipeline.HeroPipelineTests.test_invalid_run_identity_and_naive_time_rejected) ... ok
test_materializer_refuses_unregistered_variant (tests.test_pipeline.HeroPipelineTests.test_materializer_refuses_unregistered_variant) ... ok
test_pinned_base_remains_byte_identical_after_all_variants (tests.test_pipeline.HeroPipelineTests.test_pinned_base_remains_byte_identical_after_all_variants) ... ok
test_program_text_and_generation_cost_are_never_invented (tests.test_pipeline.HeroPipelineTests.test_program_text_and_generation_cost_are_never_invented) ... ok
test_replay_canonical_reports_and_manifest_time (tests.test_pipeline.HeroPipelineTests.test_replay_canonical_reports_and_manifest_time) ... ok
test_report_hashes_identify_actual_written_bytes (tests.test_pipeline.HeroPipelineTests.test_report_hashes_identify_actual_written_bytes) ... ok
test_validate_has_no_metric_calculation (tests.test_pipeline.HeroPipelineTests.test_validate_has_no_metric_calculation) ... ok
test_complete_staging_precedes_atomic_publish (tests.test_pipeline.OutputTransactionTests.test_complete_staging_precedes_atomic_publish) ... ok
test_existing_file_and_empty_directory_are_not_replaced (tests.test_pipeline.OutputTransactionTests.test_existing_file_and_empty_directory_are_not_replaced) ... ok
test_interrupted_write_cleans_staging (tests.test_pipeline.OutputTransactionTests.test_interrupted_write_cleans_staging) ... ok
test_missing_parent_does_not_create_an_implicit_tree (tests.test_pipeline.OutputTransactionTests.test_missing_parent_does_not_create_an_implicit_tree) ... ok
test_only_fixed_three_filenames_are_allowed (tests.test_pipeline.OutputTransactionTests.test_only_fixed_three_filenames_are_allowed) ... ok
test_output_inside_input_is_rejected (tests.test_pipeline.OutputTransactionTests.test_output_inside_input_is_rejected) ... ok
test_output_symlink_and_symlink_parent_are_rejected (tests.test_pipeline.OutputTransactionTests.test_output_symlink_and_symlink_parent_are_rejected) ... ok
test_private_permissions_do_not_depend_on_umask (tests.test_pipeline.OutputTransactionTests.test_private_permissions_do_not_depend_on_umask) ... ok
test_publishes_exact_complete_set (tests.test_pipeline.OutputTransactionTests.test_publishes_exact_complete_set) ... ok
test_racing_target_is_preserved_and_staging_cleaned (tests.test_pipeline.OutputTransactionTests.test_racing_target_is_preserved_and_staging_cleaned) ... ok
test_remote_expanding_and_traversing_output_paths_are_rejected (tests.test_pipeline.OutputTransactionTests.test_remote_expanding_and_traversing_output_paths_are_rejected) ... ok
test_short_writes_are_retried_without_truncation (tests.test_pipeline.OutputTransactionTests.test_short_writes_are_retried_without_truncation) ... ok
test_unsupported_atomic_operation_has_no_overwrite_fallback (tests.test_pipeline.OutputTransactionTests.test_unsupported_atomic_operation_has_no_overwrite_fallback) ... ok
test_zero_length_write_is_failure_and_cleanup (tests.test_pipeline.OutputTransactionTests.test_zero_length_write_is_failure_and_cleanup) ... ok
test_external_locator_remains_inert_and_private_in_report (tests.test_pipeline.PipelineBoundaryTests.test_external_locator_remains_inert_and_private_in_report) ... ok
test_full_pipeline_never_runs_candidate_or_fetches_remote (tests.test_pipeline.PipelineBoundaryTests.test_full_pipeline_never_runs_candidate_or_fetches_remote) ... ok
test_serialization_failure_never_creates_output (tests.test_pipeline.PipelineBoundaryTests.test_serialization_failure_never_creates_output) ... ok
test_validate_does_not_write_any_inputs (tests.test_pipeline.PipelineBoundaryTests.test_validate_does_not_write_any_inputs) ... ok
test_complete_mock_gate_is_M_only_and_not_final_approval (tests.test_pipeline.Step7GateTests.test_complete_mock_gate_is_M_only_and_not_final_approval) ... ok
test_ec_scope_cannot_be_promoted_to_empirical_evidence (tests.test_pipeline.Step7GateTests.test_ec_scope_cannot_be_promoted_to_empirical_evidence) ... ok
test_missing_ec_binding_cannot_pass_full_gate (tests.test_pipeline.Step7GateTests.test_missing_ec_binding_cannot_pass_full_gate) ... ok
test_nonpassing_ec_binding_cannot_be_overridden (tests.test_pipeline.Step7GateTests.test_nonpassing_ec_binding_cannot_be_overridden) ... ok
test_test_records_have_expected_actual_scope_and_no_E_claim (tests.test_pipeline.Step7GateTests.test_test_records_have_expected_actual_scope_and_no_E_claim) ... ok
test_all_36_report_groups_have_explicit_paths (tests.test_pipeline.Step7ReportIntegration.test_all_36_report_groups_have_explicit_paths) ... ok
test_all_deferred_prerequisites_visible_without_estimator (tests.test_pipeline.Step7ReportIntegration.test_all_deferred_prerequisites_visible_without_estimator) ... ok
test_correction_dependencies_identify_both_views_without_resampling (tests.test_pipeline.Step7ReportIntegration.test_correction_dependencies_identify_both_views_without_resampling) ... ok
test_domain_coverage_details_are_visible_and_fixture_stays_fixture (tests.test_pipeline.Step7ReportIntegration.test_domain_coverage_details_are_visible_and_fixture_stays_fixture) ... ok
test_empty_then_received_and_acted_intake_never_adds_samples (tests.test_pipeline.Step7ReportIntegration.test_empty_then_received_and_acted_intake_never_adds_samples) ... ok
test_every_m_metric_retains_denominator_status_and_source_scope (tests.test_pipeline.Step7ReportIntegration.test_every_m_metric_retains_denominator_status_and_source_scope) ... ok
test_metadata_time_never_changes_content_or_creates_observation (tests.test_pipeline.Step7ReportIntegration.test_metadata_time_never_changes_content_or_creates_observation) ... ok
test_registered_sources_and_original_fixture_hashes_still_match (tests.test_pipeline.Step7ReportIntegration.test_registered_sources_and_original_fixture_hashes_still_match) ... ok
test_relocated_input_replays_all_canonical_content (tests.test_pipeline.Step7ReportIntegration.test_relocated_input_replays_all_canonical_content) ... ok
test_shared_schema_challenge_affects_all_its_cells_not_other_frames (tests.test_pipeline.Step7ReportIntegration.test_shared_schema_challenge_affects_all_its_cells_not_other_frames) ... ok
test_typed_lineage_exposure_and_annotation_survive_redaction (tests.test_pipeline.Step7ReportIntegration.test_typed_lineage_exposure_and_annotation_survive_redaction) ... ok
test_actual_empty_input_has_no_invented_observations (tests.test_populations.AdversePopulationTests.test_actual_empty_input_has_no_invented_observations) ... ok
test_association_error_withholds_both_affected_axes_without_deleting_sample (tests.test_populations.AdversePopulationTests.test_association_error_withholds_both_affected_axes_without_deleting_sample) ... ok
test_later_unrecorded_attempt_does_not_block_first_hero_endpoint (tests.test_populations.AdversePopulationTests.test_later_unrecorded_attempt_does_not_block_first_hero_endpoint) ... ok
test_local_failed_adjudication_never_withholds_entire_population (tests.test_populations.AdversePopulationTests.test_local_failed_adjudication_never_withholds_entire_population) ... ok
test_missing_text_is_not_automatic_missing_artifact_identity (tests.test_populations.AdversePopulationTests.test_missing_text_is_not_automatic_missing_artifact_identity) ... ok
test_public_surface_stops_before_metrics_and_comparisons (tests.test_populations.AdversePopulationTests.test_public_surface_stops_before_metrics_and_comparisons) ... ok
test_reference_registry_and_incident_never_add_model_samples (tests.test_populations.AdversePopulationTests.test_reference_registry_and_incident_never_add_model_samples) ... ok
test_repeated_call_without_new_identity_never_adds_sample (tests.test_populations.AdversePopulationTests.test_repeated_call_without_new_identity_never_adds_sample) ... ok
test_empty_classified_complete_twenty_is_legitimate_zero (tests.test_populations.HeroEndpointTests.test_empty_classified_complete_twenty_is_legitimate_zero) ... ok
test_group_plan_cannot_be_inferred_from_twenty_rows (tests.test_populations.HeroEndpointTests.test_group_plan_cannot_be_inferred_from_twenty_rows) ... ok
test_hero_membership_5_10_20_matches_frozen_design (tests.test_populations.HeroEndpointTests.test_hero_membership_5_10_20_matches_frozen_design) ... ok
test_last_group_failure_does_not_erase_earlier_endpoint (tests.test_populations.HeroEndpointTests.test_last_group_failure_does_not_erase_earlier_endpoint) ... ok
test_missing_g2_p5_allows_descriptive_but_not_matched_prefix (tests.test_populations.HeroEndpointTests.test_missing_g2_p5_allows_descriptive_but_not_matched_prefix) ... ok
test_same_group_records_are_not_independent_draws (tests.test_populations.HeroEndpointTests.test_same_group_records_are_not_independent_draws) ... ok
test_supplementary_single_candidate_k_is_not_hero_endpoint (tests.test_populations.HeroEndpointTests.test_supplementary_single_candidate_k_is_not_hero_endpoint) ... ok
test_unclassified_position_is_kept_without_replacement (tests.test_populations.HeroEndpointTests.test_unclassified_position_is_kept_without_replacement) ... ok
test_wrong_primary_attempt_blocks_matching_group (tests.test_populations.HeroEndpointTests.test_wrong_primary_attempt_blocks_matching_group) ... ok
test_all_invalid_can_still_have_structural_population (tests.test_populations.PopulationTests.test_all_invalid_can_still_have_structural_population) ... ok
test_axes_overlap_and_each_reconciles_to_selected_inventory (tests.test_populations.PopulationTests.test_axes_overlap_and_each_reconciles_to_selected_inventory) ... ok
test_conflicting_pin_is_local (tests.test_populations.PopulationTests.test_conflicting_pin_is_local) ... ok
test_independence_only_correction_preserves_counts (tests.test_populations.PopulationTests.test_independence_only_correction_preserves_counts) ... ok
test_inputs_remain_unchanged_and_results_are_immutable (tests.test_populations.PopulationTests.test_inputs_remain_unchanged_and_results_are_immutable) ... ok
test_known_empty_selection_has_undefined_ratios (tests.test_populations.PopulationTests.test_known_empty_selection_has_undefined_ratios) ... ok
test_mf07_all_five_ratios_keep_unreduced_accounting (tests.test_populations.PopulationTests.test_mf07_all_five_ratios_keep_unreduced_accounting) ... ok
test_mf07_exact_memberships (tests.test_populations.PopulationTests.test_mf07_exact_memberships) ... ok
test_missing_assignment_pin_has_no_latest_fallback (tests.test_populations.PopulationTests.test_missing_assignment_pin_has_no_latest_fallback) ... ok
test_missing_essential_class_evidence_preserves_other_samples (tests.test_populations.PopulationTests.test_missing_essential_class_evidence_preserves_other_samples) ... ok
test_missing_text_does_not_become_zero_coverage (tests.test_populations.PopulationTests.test_missing_text_does_not_become_zero_coverage) ... ok
test_missing_validity_does_not_become_invalid (tests.test_populations.PopulationTests.test_missing_validity_does_not_become_invalid) ... ok
test_no_io_or_model_calls_in_population_pass (tests.test_populations.PopulationTests.test_no_io_or_model_calls_in_population_pass) ... ok
test_old_and_corrected_populations_keep_sample_identity (tests.test_populations.PopulationTests.test_old_and_corrected_populations_keep_sample_identity) ... ok
test_one_class_is_distinct_from_no_class (tests.test_populations.PopulationTests.test_one_class_is_distinct_from_no_class) ... ok
test_other_cell_survives_malformed_frame_and_no_pooling (tests.test_populations.PopulationTests.test_other_cell_survives_malformed_frame_and_no_pooling) ... ok
test_registry_zeros_remain_and_never_add_observations (tests.test_populations.PopulationTests.test_registry_zeros_remain_and_never_add_observations) ... ok
test_renaming_supported_class_ids_preserves_population_counts (tests.test_populations.PopulationTests.test_renaming_supported_class_ids_preserves_population_counts) ... ok
test_schema_correction_scopes_class_and_validity_separately (tests.test_populations.PopulationTests.test_schema_correction_scopes_class_and_validity_separately) ... ok
test_shared_schema_failure_is_unavailable_not_zero_classes (tests.test_populations.PopulationTests.test_shared_schema_failure_is_unavailable_not_zero_classes) ... ok
test_unknown_order_leaves_whole_cell_population_available (tests.test_populations.PopulationTests.test_unknown_order_leaves_whole_cell_population_available) ... ok
test_unknown_selection_is_unavailable_not_empty (tests.test_populations.PopulationTests.test_unknown_selection_is_unavailable_not_empty) ... ok
test_validity_does_not_fill_unresolved_or_provisional_class (tests.test_populations.PopulationTests.test_validity_does_not_fill_unresolved_or_provisional_class) ... ok
test_wholly_unclassified_selection_remains_known_zero (tests.test_populations.PopulationTests.test_wholly_unclassified_selection_remains_known_zero) ... ok
test_accumulation_monotonicity_on_fixed_assignments (tests.test_populations.PrefixTests.test_accumulation_monotonicity_on_fixed_assignments) ... ok
test_actual_order_change_may_change_prefix (tests.test_populations.PrefixTests.test_actual_order_change_may_change_prefix) ... ok
test_available_unclassified_prefix_has_count_zero (tests.test_populations.PrefixTests.test_available_unclassified_prefix_has_count_zero) ... ok
test_grid_preserved_and_not_sorted_after_results (tests.test_populations.PrefixTests.test_grid_preserved_and_not_sorted_after_results) ... ok
test_invalid_and_omitted_k_have_distinct_outcomes (tests.test_populations.PrefixTests.test_invalid_and_omitted_k_have_distinct_outcomes) ... ok
test_invalid_or_unresolved_positions_are_not_backfilled (tests.test_populations.PrefixTests.test_invalid_or_unresolved_positions_are_not_backfilled) ... ok
test_invalid_view_and_mode_fail_explicitly (tests.test_populations.PrefixTests.test_invalid_view_and_mode_fail_explicitly) ... ok
test_mf10_exact_prefix_oracles (tests.test_populations.PrefixTests.test_mf10_exact_prefix_oracles) ... ok
test_partial_group_flag_is_descriptive_only (tests.test_populations.PrefixTests.test_partial_group_flag_is_descriptive_only) ... ok
test_storage_order_change_cannot_change_prefix (tests.test_populations.PrefixTests.test_storage_order_change_cannot_change_prefix) ... ok
test_prior_requirement_and_source_identities_remain_intact (tests.test_populations.Step4MatrixTests.test_prior_requirement_and_source_identities_remain_intact) ... ok
test_step4_progress_and_bindings_cover_executed_methods (tests.test_populations.Step4MatrixTests.test_step4_progress_and_bindings_cover_executed_methods) ... ok
test_mismatched_row_reference_cannot_redirect_requirement (tests.test_records.CatalogueReferenceTests.test_mismatched_row_reference_cannot_redirect_requirement) ... ok
test_modified_source_is_rejected_before_catalogue_expansion (tests.test_records.CatalogueReferenceTests.test_modified_source_is_rejected_before_catalogue_expansion) ... ok
test_duplicate_id_including_bad_record_is_ambiguous (tests.test_records.IdentityTests.test_duplicate_id_including_bad_record_is_ambiguous) ... ok
test_explicit_revisions_and_conflicting_pins (tests.test_records.IdentityTests.test_explicit_revisions_and_conflicting_pins) ... ok
test_identical_content_with_distinct_ids_is_not_deduplicated (tests.test_records.IdentityTests.test_identical_content_with_distinct_ids_is_not_deduplicated) ... ok
test_missing_reference_keeps_other_records (tests.test_records.IdentityTests.test_missing_reference_keeps_other_records) ... ok
test_unallocated_sample_is_retained (tests.test_records.IdentityTests.test_unallocated_sample_is_retained) ... ok
test_wrong_protocol_version_is_diagnosed (tests.test_records.IdentityTests.test_wrong_protocol_version_is_diagnosed) ... ok
test_declaration_limit_is_explicit (tests.test_records.InputBoundaryReviewTests.test_declaration_limit_is_explicit) ... ok
test_duplicate_source_pins_and_wrong_registry_reference_fail (tests.test_records.InputBoundaryReviewTests.test_duplicate_source_pins_and_wrong_registry_reference_fail) ... ok
test_nested_ref_shaped_metadata_does_not_crash (tests.test_records.InputBoundaryReviewTests.test_nested_ref_shaped_metadata_does_not_crash) ... ok
test_unsupported_kind_cannot_leak_into_identity_diagnostics (tests.test_records.InputBoundaryReviewTests.test_unsupported_kind_cannot_leak_into_identity_diagnostics) ... ok
test_axes_cannot_be_substituted (tests.test_records.KnowledgeTests.test_axes_cannot_be_substituted) ... ok
test_bad_tagged_values_have_safe_failures (tests.test_records.KnowledgeTests.test_bad_tagged_values_have_safe_failures) ... ok
test_knowledge_freezes_caller_owned_data (tests.test_records.KnowledgeTests.test_knowledge_freezes_caller_owned_data) ... ok
test_known_zero_false_empty_and_null_are_retained (tests.test_records.KnowledgeTests.test_known_zero_false_empty_and_null_are_retained) ... ok
test_missing_value_and_contradictory_knowledge_fail (tests.test_records.KnowledgeTests.test_missing_value_and_contradictory_knowledge_fail) ... ok
test_unknown_unavailable_and_not_applicable_are_distinct (tests.test_records.KnowledgeTests.test_unknown_unavailable_and_not_applicable_are_distinct) ... ok
test_bad_manifest_and_duplicate_files_fail (tests.test_records.ManifestTests.test_bad_manifest_and_duplicate_files_fail) ... ok
test_exact_decimal_string_and_number_tokens (tests.test_records.ManifestTests.test_exact_decimal_string_and_number_tokens) ... ok
test_incompatible_frame_version_is_not_empty_data (tests.test_records.ManifestTests.test_incompatible_frame_version_is_not_empty_data) ... ok
test_invalid_thresholds_and_k_are_scoped (tests.test_records.ManifestTests.test_invalid_thresholds_and_k_are_scoped) ... ok
test_minimal_manifest_has_no_default_controls (tests.test_records.ManifestTests.test_minimal_manifest_has_no_default_controls) ... ok
test_missing_frame_does_not_erase_other_frame (tests.test_records.ManifestTests.test_missing_frame_does_not_erase_other_frame) ... ok
test_source_and_ec_addendum_pins_match (tests.test_records.ManifestTests.test_source_and_ec_addendum_pins_match) ... ok
test_assigned_without_class_is_rejected (tests.test_records.RecordShapeTests.test_assigned_without_class_is_rejected) ... ok
test_assignment_states_preserve_review_and_candidates (tests.test_records.RecordShapeTests.test_assignment_states_preserve_review_and_candidates) ... ok
test_class_on_unresolved_is_rejected (tests.test_records.RecordShapeTests.test_class_on_unresolved_is_rejected) ... ok
test_counts_reject_booleans_and_nonintegers (tests.test_records.RecordShapeTests.test_counts_reject_booleans_and_nonintegers) ... ok
test_evidence_payload_is_envelope_only (tests.test_records.RecordShapeTests.test_evidence_payload_is_envelope_only) ... ok
test_hostile_payload_is_preserved_not_interpreted (tests.test_records.RecordShapeTests.test_hostile_payload_is_preserved_not_interpreted) ... ok
test_malformed_and_alias_ids_fail_without_echoing_content (tests.test_records.RecordShapeTests.test_malformed_and_alias_ids_fail_without_echoing_content) ... ok
test_missing_optional_data_stays_absent (tests.test_records.RecordShapeTests.test_missing_optional_data_stays_absent) ... ok
test_unsupported_version_kind_and_fields_preserve_raw (tests.test_records.RecordShapeTests.test_unsupported_version_kind_and_fields_preserve_raw) ... ok
test_validity_is_separate_and_not_inferred (tests.test_records.RecordShapeTests.test_validity_is_separate_and_not_inferred) ... ok
test_named_negative_cases_are_fixture_only (tests.test_records.RegistryTests.test_named_negative_cases_are_fixture_only) ... ok
test_registry_is_definition_not_model_samples (tests.test_records.RegistryTests.test_registry_is_definition_not_model_samples) ... ok
test_registry_is_exact_transcription_with_no_validation_claim (tests.test_records.RegistryTests.test_registry_is_exact_transcription_with_no_validation_claim) ... ok
test_additive_source_history_preserves_baseline_authorization (tests.test_records.Step2MatrixTests.test_additive_source_history_preserves_baseline_authorization) ... ok
test_catalogue_binds_actual_input_tests (tests.test_records.Step2MatrixTests.test_catalogue_binds_actual_input_tests) ... ok
test_partial_input_bindings_do_not_close_vt_or_evidence (tests.test_records.Step2MatrixTests.test_partial_input_bindings_do_not_close_vt_or_evidence) ... ok
test_all_ten_ec_disclosures_and_unknown_expiry_visible (tests.test_reporting.ReportTests.test_all_ten_ec_disclosures_and_unknown_expiry_visible) ... ok
test_all_v_and_d_results_are_null_with_explicit_status (tests.test_reporting.ReportTests.test_all_v_and_d_results_are_null_with_explicit_status) ... ok
test_canonical_dictionary_order_invariance (tests.test_reporting.ReportTests.test_canonical_dictionary_order_invariance) ... ok
test_control_characters_links_html_and_pipes_are_inert (tests.test_reporting.ReportTests.test_control_characters_links_html_and_pipes_are_inert) ... ok
test_every_scalar_value_unit_status_and_reason_survives_markdown (tests.test_reporting.ReportTests.test_every_scalar_value_unit_status_and_reason_survives_markdown) ... ok
test_evidence_limitations_precede_numeric_results (tests.test_reporting.ReportTests.test_evidence_limitations_precede_numeric_results) ... ok
test_five_conjunctive_conditions_visible (tests.test_reporting.ReportTests.test_five_conjunctive_conditions_visible) ... ok
test_held_evidence_prose_and_task_metadata_not_copied (tests.test_reporting.ReportTests.test_held_evidence_prose_and_task_metadata_not_copied) ... ok
test_json_and_markdown_consume_identical_tree (tests.test_reporting.ReportTests.test_json_and_markdown_consume_identical_tree) ... ok
test_json_keeps_unrounded_float (tests.test_reporting.ReportTests.test_json_keeps_unrounded_float) ... ok
test_missing_required_section_fails_serialization (tests.test_reporting.ReportTests.test_missing_required_section_fails_serialization) ... ok
test_no_empirical_support_or_score_fabricated (tests.test_reporting.ReportTests.test_no_empirical_support_or_score_fabricated) ... ok
test_nonfinite_results_cannot_be_serialized (tests.test_reporting.ReportTests.test_nonfinite_results_cannot_be_serialized) ... ok
test_pinned_input_hashes_do_not_claim_program_hashes (tests.test_reporting.ReportTests.test_pinned_input_hashes_do_not_claim_program_hashes) ... ok
test_private_root_absent_from_all_outputs (tests.test_reporting.ReportTests.test_private_root_absent_from_all_outputs) ... ok
test_reanalysis_and_v_dependents_remain_separate (tests.test_reporting.ReportTests.test_reanalysis_and_v_dependents_remain_separate) ... ok
test_required_section_order (tests.test_reporting.ReportTests.test_required_section_order) ... ok
test_scoped_ids_retained_without_private_person_mappings (tests.test_reporting.ReportTests.test_scoped_ids_retained_without_private_person_mappings) ... ok
test_source_lineage_pins_and_transform_references_retained (tests.test_reporting.ReportTests.test_source_lineage_pins_and_transform_references_retained) ... ok
test_unknown_unavailable_and_inapplicable_retain_distinction (tests.test_reporting.ReportTests.test_unknown_unavailable_and_inapplicable_retain_distinction) ... ok
test_zero_count_registry_classes_are_visible (tests.test_reporting.ReportTests.test_zero_count_registry_classes_are_visible) ... ok
test_zero_false_and_known_null_are_not_unknown (tests.test_reporting.ReportTests.test_zero_false_and_known_null_are_not_unknown) ... ok
test_actual_output_hash_is_preserved_while_body_is_withheld (tests.test_reporting.SourceAssociationDisclosureTests.test_actual_output_hash_is_preserved_while_body_is_withheld) ... ok
test_all_54_scope_dispositions_and_37_m_families (tests.test_scaffold.BaselineTests.test_all_54_scope_dispositions_and_37_m_families) ... ok
test_all_baseline_hashes_match (tests.test_scaffold.BaselineTests.test_all_baseline_hashes_match) ... ok
test_expected_hashes_match_plan_appendix (tests.test_scaffold.BaselineTests.test_expected_hashes_match_plan_appendix) ... ok
test_matrix_preserves_report_catalogue (tests.test_scaffold.BaselineTests.test_matrix_preserves_report_catalogue) ... ok
test_matrix_preserves_trace_catalogue (tests.test_scaffold.BaselineTests.test_matrix_preserves_trace_catalogue) ... ok
test_matrix_preserves_vf_catalogue (tests.test_scaffold.BaselineTests.test_matrix_preserves_vf_catalogue) ... ok
test_matrix_validation (tests.test_scaffold.BaselineTests.test_matrix_validation) ... ok
test_readme_scope_is_explicit (tests.test_scaffold.BaselineTests.test_readme_scope_is_explicit) ... ok
test_forbidden_commands_are_rejected (tests.test_scaffold.CommandTests.test_forbidden_commands_are_rejected) ... ok
test_help (tests.test_scaffold.CommandTests.test_help) ... ok
test_no_arguments_show_help (tests.test_scaffold.CommandTests.test_no_arguments_show_help) ... ok
test_runtime_help_and_version_do_not_use_network_or_child_processes (tests.test_scaffold.CommandTests.test_runtime_help_and_version_do_not_use_network_or_child_processes) ... ok
test_trusted_helper_rejects_arbitrary_commands (tests.test_scaffold.CommandTests.test_trusted_helper_rejects_arbitrary_commands) ... ok
test_unknown_option_is_error (tests.test_scaffold.CommandTests.test_unknown_option_is_error) ... ok
test_validate_and_analyze_require_input_or_are_unavailable (tests.test_scaffold.CommandTests.test_validate_and_analyze_require_input_or_are_unavailable) ... ok
test_version (tests.test_scaffold.CommandTests.test_version) ... ok
test_broken_binding_fails (tests.test_scaffold.HarnessTests.test_broken_binding_fails) ... ok
test_class_fixture_error_is_recorded (tests.test_scaffold.HarnessTests.test_class_fixture_error_is_recorded) ... ok
test_corrupt_journal_is_not_overwritten (tests.test_scaffold.HarnessTests.test_corrupt_journal_is_not_overwritten) ... ok
test_duplicate_discovery_fails (tests.test_scaffold.HarnessTests.test_duplicate_discovery_fails) ... ok
test_empty_discovery_fails_both_gates (tests.test_scaffold.HarnessTests.test_empty_discovery_fails_both_gates) ... ok
test_expected_failure_is_not_accepted (tests.test_scaffold.HarnessTests.test_expected_failure_is_not_accepted) ... ok
test_failure_and_error_are_recorded (tests.test_scaffold.HarnessTests.test_failure_and_error_are_recorded) ... ok
test_future_evidence_is_not_executed (tests.test_scaffold.HarnessTests.test_future_evidence_is_not_executed) ... ok
test_journal_retains_prior_runs (tests.test_scaffold.HarnessTests.test_journal_retains_prior_runs) ... ok
test_missing_m_bindings_fail_final_gate (tests.test_scaffold.HarnessTests.test_missing_m_bindings_fail_final_gate) ... ok
test_missing_scaffold_binding_fails (tests.test_scaffold.HarnessTests.test_missing_scaffold_binding_fails) ... ok
test_missing_trace_binding_fails_final_gate (tests.test_scaffold.HarnessTests.test_missing_trace_binding_fails_final_gate) ... ok
test_required_m_skip_blocks_final_gate (tests.test_scaffold.HarnessTests.test_required_m_skip_blocks_final_gate) ... ok
test_runner_help_does_not_run_tests (tests.test_scaffold.HarnessTests.test_runner_help_does_not_run_tests) ... ok
test_skipped_test_is_not_accepted (tests.test_scaffold.HarnessTests.test_skipped_test_is_not_accepted) ... ok
test_subtest_failure_is_recorded (tests.test_scaffold.HarnessTests.test_subtest_failure_is_recorded) ... ok
test_unexpected_success_is_not_accepted (tests.test_scaffold.HarnessTests.test_unexpected_success_is_not_accepted) ... ok
test_distribution_excludes_tests_docs_and_pdfs (tests.test_scaffold.PackageTests.test_distribution_excludes_tests_docs_and_pdfs) ... ok
test_import_under_standard_library_only (tests.test_scaffold.PackageTests.test_import_under_standard_library_only) ... ok
test_metadata_has_no_runtime_dependencies (tests.test_scaffold.PackageTests.test_metadata_has_no_runtime_dependencies) ... ok
test_no_public_analysis_api (tests.test_scaffold.PackageTests.test_no_public_analysis_api) ... ok
test_version_matches_metadata (tests.test_scaffold.PackageTests.test_version_matches_metadata) ... ok
test_hostile_text_never_executes_or_calls_network (tests.test_security.PassiveInputTests.test_hostile_text_never_executes_or_calls_network) ... ok
test_no_model_metric_or_candidate_runner_surface (tests.test_security.PassiveInputTests.test_no_model_metric_or_candidate_runner_surface) ... ok
test_private_artifact_does_not_attempt_local_read (tests.test_security.PassiveInputTests.test_private_artifact_does_not_attempt_local_read) ... ok
test_unsafe_local_urls_never_reach_network (tests.test_security.PassiveInputTests.test_unsafe_local_urls_never_reach_network) ... ok
test_cli_errors_do_not_echo_credentials_or_paths (tests.test_security.Step7SafetyTests.test_cli_errors_do_not_echo_credentials_or_paths) ... ok
test_entire_import_analysis_is_inert_under_hostile_evidence (tests.test_security.Step7SafetyTests.test_entire_import_analysis_is_inert_under_hostile_evidence) ... ok
test_failure_after_atomic_publication_keeps_published_bytes (tests.test_security.Step7SafetyTests.test_failure_after_atomic_publication_keeps_published_bytes) ... ok
test_no_runtime_imports_of_test_harness (tests.test_security.Step7SafetyTests.test_no_runtime_imports_of_test_harness) ... ok
test_published_report_directory_cannot_be_overwritten (tests.test_security.Step7SafetyTests.test_published_report_directory_cannot_be_overwritten) ... ok

----------------------------------------------------------------------
Ran 503 tests in 19.211s

OK

Requested gate: phase1
Requested gate passed: True
Phase 1 M complete: True
Unresolved M families (0): 
Gate reasons: none
Runner exit code: 0
